\BOOKMARK [0][-]{chapter*.1}{\376\377\000I\000n\000t\000r\000o\000d\000u\000z\000i\000o\000n\000e}{}% 1
\BOOKMARK [0][-]{chapter.1}{\376\377\000C\000a\000p\000i\000t\000o\000l\000o\000\040\0001\000.\000\040\000S\000i\000s\000t\000e\000m\000i\000\040\000h\000a\000m\000i\000l\000t\000o\000n\000i\000a\000n\000i}{}% 2
\BOOKMARK [1][-]{section.1.1}{\376\377\0001\000.\000\040\000P\000u\000n\000t\000o\000\040\000d\000i\000\040\000v\000i\000s\000t\000a\000\040\000g\000e\000o\000m\000e\000t\000r\000i\000c\000o}{chapter.1}% 3
\BOOKMARK [0][-]{chapter.2}{\376\377\000C\000a\000p\000i\000t\000o\000l\000o\000\040\0002\000.\000\040\000S\000i\000s\000t\000e\000m\000i\000\040\000c\000o\000m\000p\000l\000e\000t\000a\000m\000e\000n\000t\000e\000\040\000i\000n\000t\000e\000g\000r\000a\000b\000i\000l\000i}{}% 4
\BOOKMARK [1][-]{section.2.1}{\376\377\0001\000.\000\040\000C\000a\000m\000p\000i\000\040\000v\000e\000t\000t\000o\000r\000i\000a\000l\000i\000\040\000c\000o\000s\000t\000a\000n\000t\000i\000\040\000s\000u\000l\000\040\000t\000o\000r\000o}{chapter.2}% 5
\BOOKMARK [1][-]{section.2.2}{\376\377\0002\000.\000\040\000M\000o\000t\000i\000\040\000q\000u\000a\000s\000i\000-\000p\000e\000r\000i\000o\000d\000i\000c\000i}{chapter.2}% 6
\BOOKMARK [1][-]{section.2.3}{\376\377\0003\000.\000\040\000S\000e\000r\000i\000e\000\040\000p\000e\000r\000t\000u\000r\000b\000a\000t\000i\000v\000a}{chapter.2}% 7
\BOOKMARK [1][-]{section.2.4}{\376\377\0004\000.\000\040\000P\000i\000c\000c\000o\000l\000i\000\040\000d\000e\000n\000o\000m\000i\000n\000a\000t\000o\000r\000i}{chapter.2}% 8
\BOOKMARK [0][-]{chapter.3}{\376\377\000C\000a\000p\000i\000t\000o\000l\000o\000\040\0003\000.\000\040\000P\000e\000r\000s\000i\000s\000t\000e\000n\000z\000a\000\040\000d\000i\000\040\000t\000o\000r\000i\000\040\000i\000n\000v\000a\000r\000i\000a\000n\000t\000i\000\040\000q\000u\000a\000s\000i\000-\000p\000e\000r\000i\000o\000d\000i\000c\000i}{}% 9
\BOOKMARK [1][-]{section.3.1}{\376\377\0001\000.\000\040\000I\000l\000\040\000t\000e\000o\000r\000e\000m\000a\000\040\000t\000w\000i\000s\000t\000\040\000d\000i\000\040\000H\000e\000r\000m\000a\000n}{chapter.3}% 10
\BOOKMARK [1][-]{section.3.2}{\376\377\0002\000.\000\040\000I\000l\000\040\000t\000e\000o\000r\000e\000m\000a\000\040\000d\000i\000\040\000K\000o\000l\000m\000o\000g\000o\000r\000o\000v}{chapter.3}% 11
\BOOKMARK [0][-]{appendix.Alph1}{\376\377\000A\000p\000p\000e\000n\000d\000i\000c\000e\000\040\000A\000.\000\040\000C\000o\000n\000i\000u\000g\000a\000z\000i\000o\000n\000e\000\040\000t\000o\000p\000o\000l\000o\000g\000i\000c\000a\000,\000\040\000r\000i\000v\000e\000s\000t\000i\000m\000e\000n\000t\000i\000\040\000e\000\040\000s\000o\000l\000l\000e\000v\000a\000m\000e\000n\000t\000i}{}% 12
\BOOKMARK [0][-]{appendix.Alph2}{\376\377\000A\000p\000p\000e\000n\000d\000i\000c\000e\000\040\000B\000.\000\040\000F\000o\000r\000m\000e\000\040\000d\000i\000f\000f\000e\000r\000e\000n\000z\000i\000a\000l\000i}{}% 13
\BOOKMARK [1][-]{section.Alph2.1}{\376\377\0001\000.\000\040\000k\000-\000f\000o\000r\000m\000e\000\040\000e\000s\000t\000e\000r\000n\000e}{appendix.Alph2}% 14
\BOOKMARK [1][-]{section.Alph2.2}{\376\377\0002\000.\000\040\000P\000r\000o\000d\000o\000t\000t\000o\000\040\000e\000s\000t\000e\000r\000n\000o\000\040\000d\000i\000\040\0001\000-\000f\000o\000r\000m\000e}{appendix.Alph2}% 15
\BOOKMARK [1][-]{section.Alph2.3}{\376\377\0003\000.\000\040\000M\000o\000n\000o\000m\000i\000\040\000e\000s\000t\000e\000r\000n\000i}{appendix.Alph2}% 16
\BOOKMARK [1][-]{section.Alph2.4}{\376\377\0004\000.\000\040\000P\000r\000o\000d\000o\000t\000t\000o\000\040\000e\000s\000t\000e\000r\000n\000o}{appendix.Alph2}% 17
\BOOKMARK [1][-]{section.Alph2.5}{\376\377\0005\000.\000\040\000P\000u\000l\000l\000b\000a\000c\000k\000\040\000d\000i\000\040\000f\000o\000r\000m\000e\000\040\000e\000s\000t\000e\000r\000n\000e}{appendix.Alph2}% 18
\BOOKMARK [1][-]{section.Alph2.6}{\376\377\0006\000.\000\040\0001\000-\000f\000o\000r\000m\000e\000\040\000d\000i\000f\000f\000e\000r\000e\000n\000z\000i\000a\000l\000i}{appendix.Alph2}% 19
\BOOKMARK [1][-]{section.Alph2.7}{\376\377\0007\000.\000\040\000k\000-\000f\000o\000r\000m\000e\000\040\000d\000i\000f\000f\000e\000r\000e\000n\000z\000i\000a\000l\000i}{appendix.Alph2}% 20
\BOOKMARK [1][-]{section.Alph2.8}{\376\377\0008\000.\000\040\000P\000u\000l\000l\000b\000a\000c\000k\000\040\000d\000i\000\040\000f\000o\000r\000m\000e\000\040\000d\000i\000f\000f\000e\000r\000e\000n\000z\000i\000a\000l\000i}{appendix.Alph2}% 21
\BOOKMARK [1][-]{section.Alph2.9}{\376\377\0009\000.\000\040\000I\000n\000t\000e\000g\000r\000a\000z\000i\000o\000n\000e\000\040\000d\000e\000l\000l\000e\000\040\000f\000o\000r\000m\000e\000\040\000d\000i\000f\000f\000e\000r\000e\000n\000z\000i\000a\000l\000i}{appendix.Alph2}% 22
\BOOKMARK [1][-]{section.Alph2.10}{\376\377\0001\0000\000.\000\040\000D\000e\000r\000i\000v\000a\000t\000a\000\040\000e\000s\000t\000e\000r\000n\000a}{appendix.Alph2}% 23
\BOOKMARK [1][-]{section.Alph2.11}{\376\377\0001\0001\000.\000\040\000D\000e\000r\000i\000v\000a\000t\000a\000\040\000d\000i\000\040\000L\000i\000e\000\040\000d\000i\000\040\000f\000o\000r\000m\000e\000\040\000d\000i\000f\000f\000e\000r\000e\000n\000z\000i\000a\000l\000i}{appendix.Alph2}% 24
\BOOKMARK [0][-]{appendix.Alph3}{\376\377\000A\000p\000p\000e\000n\000d\000i\000c\000e\000\040\000C\000.\000\040\000S\000e\000t\000t\000i\000n\000g\000\040\000f\000u\000n\000z\000i\000o\000n\000a\000l\000e}{}% 25
\BOOKMARK [0][-]{appendix.Alph4}{\376\377\000A\000p\000p\000e\000n\000d\000i\000c\000e\000\040\000D\000.\000\040\000T\000e\000o\000r\000e\000m\000a\000\040\000d\000e\000l\000l\000a\000\040\000f\000u\000n\000z\000i\000o\000n\000e\000\040\000i\000n\000v\000e\000r\000s\000a}{}% 26
\BOOKMARK [1][-]{section.Alph4.1}{\376\377\0001\000.\000\040\000A\000l\000g\000o\000r\000i\000t\000m\000o\000\040\000a\000l\000l\000a\000\040\000N\000a\000s\000h\000-\000M\000o\000s\000e\000r}{appendix.Alph4}% 27
\BOOKMARK [1][-]{section.Alph4.2}{\376\377\0002\000.\000\040\000R\000e\000g\000o\000l\000a\000r\000i\000t\000\340\000\040\000d\000e\000l\000l\000a\000\040\000m\000a\000p\000p\000a\000\040\000i\000n\000v\000e\000r\000s\000a}{appendix.Alph4}% 28
\BOOKMARK [0][-]{appendix*.2}{\376\377\000B\000i\000b\000l\000i\000o\000g\000r\000a\000f\000i\000a}{}% 29
