This is pdfTeX, Version 3.141592653-2.6-1.40.29 (TeX Live 2026) (preloaded format=pdflatex 2026.3.15)  22 JUN 2026 18:11
entering extended mode
 restricted \write18 enabled.
 file:line:error style messages enabled.
 %&-line parsing enabled.
**c:/Users/aless/vscode_tex/FQM1/FQM1.tex
(c:/Users/aless/vscode_tex/FQM1/FQM1.tex
LaTeX2e <2025-11-01>
L3 programming layer <2026-01-19>
(c:/texlive/2026/texmf-dist/tex/latex/base/article.cls
Document Class: article 2025/01/22 v1.4n Standard LaTeX document class
(c:/texlive/2026/texmf-dist/tex/latex/base/size10.clo
File: size10.clo 2025/01/22 v1.4n Standard LaTeX file (size option)
)
\c@part=\count275
\c@section=\count276
\c@subsection=\count277
\c@subsubsection=\count278
\c@paragraph=\count279
\c@subparagraph=\count280
\c@figure=\count281
\c@table=\count282
\abovecaptionskip=\skip49
\belowcaptionskip=\skip50
\bibindent=\dimen148
) (c:/texlive/2026/texmf-dist/tex/latex/graphics/graphicx.sty
Package: graphicx 2024/12/31 v1.2e Enhanced LaTeX Graphics (DPC,SPQR)
 (c:/texlive/2026/texmf-dist/tex/latex/graphics/keyval.sty
Package: keyval 2022/05/29 v1.15 key=value parser (DPC)
\KV@toks@=\toks17
) (c:/texlive/2026/texmf-dist/tex/latex/graphics/graphics.sty
Package: graphics 2024/08/06 v1.4g Standard LaTeX Graphics (DPC,SPQR)
 (c:/texlive/2026/texmf-dist/tex/latex/graphics/trig.sty
Package: trig 2023/12/02 v1.11 sin cos tan (DPC)
) (c:/texlive/2026/texmf-dist/tex/latex/graphics-cfg/graphics.cfg
File: graphics.cfg 2016/06/04 v1.11 sample graphics configuration
)
Package graphics Info: Driver file: pdftex.def on input line 106.
 (c:/texlive/2026/texmf-dist/tex/latex/graphics-def/pdftex.def
File: pdftex.def 2025/09/29 v1.2d Graphics/color driver for pdftex
))
\Gin@req@height=\dimen149
\Gin@req@width=\dimen150
) (c:/texlive/2026/texmf-dist/tex/latex/amsfonts/amsfonts.sty
Package: amsfonts 2013/01/14 v3.01 Basic AMSFonts support
\@emptytoks=\toks18
\symAMSa=\mathgroup4
\symAMSb=\mathgroup5
LaTeX Font Info:    Redeclaring math symbol \hbar on input line 98.
LaTeX Font Info:    Overwriting math alphabet `\mathfrak' in version `bold'
(Font)                  U/euf/m/n --> U/euf/b/n on input line 106.
) (c:/texlive/2026/texmf-dist/tex/latex/amsmath/amsmath.sty
Package: amsmath 2025/07/09 v2.17z AMS math features
\@mathmargin=\skip51

For additional information on amsmath, use the `?' option.
(c:/texlive/2026/texmf-dist/tex/latex/amsmath/amstext.sty
Package: amstext 2024/11/17 v2.01 AMS text
 (c:/texlive/2026/texmf-dist/tex/latex/amsmath/amsgen.sty
File: amsgen.sty 1999/11/30 v2.0 generic functions
\@emptytoks=\toks19
\ex@=\dimen151
)) (c:/texlive/2026/texmf-dist/tex/latex/amsmath/amsbsy.sty
Package: amsbsy 1999/11/29 v1.2d Bold Symbols
\pmbraise@=\dimen152
) (c:/texlive/2026/texmf-dist/tex/latex/amsmath/amsopn.sty
Package: amsopn 2022/04/08 v2.04 operator names
)
\inf@bad=\count283
LaTeX Info: Redefining \frac on input line 233.
\uproot@=\count284
\leftroot@=\count285
LaTeX Info: Redefining \overline on input line 398.
LaTeX Info: Redefining \colon on input line 409.
\classnum@=\count286
\DOTSCASE@=\count287
LaTeX Info: Redefining \ldots on input line 495.
LaTeX Info: Redefining \dots on input line 498.
LaTeX Info: Redefining \cdots on input line 619.
\Mathstrutbox@=\box53
\strutbox@=\box54
LaTeX Info: Redefining \big on input line 721.
LaTeX Info: Redefining \Big on input line 722.
LaTeX Info: Redefining \bigg on input line 723.
LaTeX Info: Redefining \Bigg on input line 724.
\big@size=\dimen153
LaTeX Font Info:    Redeclaring font encoding OML on input line 742.
LaTeX Font Info:    Redeclaring font encoding OMS on input line 743.
\macc@depth=\count288
LaTeX Info: Redefining \bmod on input line 904.
LaTeX Info: Redefining \pmod on input line 909.
LaTeX Info: Redefining \smash on input line 939.
LaTeX Info: Redefining \relbar on input line 969.
LaTeX Info: Redefining \Relbar on input line 970.
\c@MaxMatrixCols=\count289
\dotsspace@=\muskip17
\c@parentequation=\count290
\dspbrk@lvl=\count291
\tag@help=\toks20
\row@=\count292
\column@=\count293
\maxfields@=\count294
\andhelp@=\toks21
\eqnshift@=\dimen154
\alignsep@=\dimen155
\tagshift@=\dimen156
\tagwidth@=\dimen157
\totwidth@=\dimen158
\lineht@=\dimen159
\@envbody=\toks22
\multlinegap=\skip52
\multlinetaggap=\skip53
\mathdisplay@stack=\toks23
LaTeX Info: Redefining \[ on input line 2950.
LaTeX Info: Redefining \] on input line 2951.
) (c:/texlive/2026/texmf-dist/tex/latex/amsfonts/amssymb.sty
Package: amssymb 2013/01/14 v3.01 AMS font symbols
) (c:/texlive/2026/texmf-dist/tex/latex/amscls/amsthm.sty
Package: amsthm 2020/05/29 v2.20.6
\thm@style=\toks24
\thm@bodyfont=\toks25
\thm@headfont=\toks26
\thm@notefont=\toks27
\thm@headpunct=\toks28
\thm@preskip=\skip54
\thm@postskip=\skip55
\thm@headsep=\skip56
\dth@everypar=\toks29
) (c:/texlive/2026/texmf-dist/tex/latex/float/float.sty
Package: float 2001/11/08 v1.3d Float enhancements (AL)
\c@float@type=\count295
\float@exts=\toks30
\float@box=\box55
\@float@everytoks=\toks31
\@floatcapt=\box56
) (c:/texlive/2026/texmf-dist/tex/latex/cancel/cancel.sty
Package: cancel 2013/04/12 v2.2 Cancel math terms
) (c:/texlive/2026/texmf-dist/tex/latex/braket/braket.sty) (c:/texlive/2026/texmf-dist/tex/latex/l3backend/l3backend-pdftex.def
File: l3backend-pdftex.def 2025-10-09 L3 backend support: PDF output (pdfTeX)
\l__color_backend_stack_int=\count296
) (./FQM1.aux

LaTeX Warning: Label `fig:placeholder' multiply defined.


LaTeX Warning: Label `fig:placeholder' multiply defined.

)
\openout1 = `FQM1.aux'.

LaTeX Font Info:    Checking defaults for OML/cmm/m/it on input line 10.
LaTeX Font Info:    ... okay on input line 10.
LaTeX Font Info:    Checking defaults for OMS/cmsy/m/n on input line 10.
LaTeX Font Info:    ... okay on input line 10.
LaTeX Font Info:    Checking defaults for OT1/cmr/m/n on input line 10.
LaTeX Font Info:    ... okay on input line 10.
LaTeX Font Info:    Checking defaults for T1/cmr/m/n on input line 10.
LaTeX Font Info:    ... okay on input line 10.
LaTeX Font Info:    Checking defaults for TS1/cmr/m/n on input line 10.
LaTeX Font Info:    ... okay on input line 10.
LaTeX Font Info:    Checking defaults for OMX/cmex/m/n on input line 10.
LaTeX Font Info:    ... okay on input line 10.
LaTeX Font Info:    Checking defaults for U/cmr/m/n on input line 10.
LaTeX Font Info:    ... okay on input line 10.
 (c:/texlive/2026/texmf-dist/tex/context/base/mkii/supp-pdf.mkii
[Loading MPS to PDF converter (version 2006.09.02).]
\scratchcounter=\count297
\scratchdimen=\dimen160
\scratchbox=\box57
\nofMPsegments=\count298
\nofMParguments=\count299
\everyMPshowfont=\toks32
\MPscratchCnt=\count300
\MPscratchDim=\dimen161
\MPnumerator=\count301
\makeMPintoPDFobject=\count302
\everyMPtoPDFconversion=\toks33
) (c:/texlive/2026/texmf-dist/tex/latex/epstopdf-pkg/epstopdf-base.sty
Package: epstopdf-base 2020-01-24 v2.11 Base part for package epstopdf
Package epstopdf-base Info: Redefining graphics rule for `.eps' on input line 485.
 (c:/texlive/2026/texmf-dist/tex/latex/latexconfig/epstopdf-sys.cfg
File: epstopdf-sys.cfg 2010/07/13 v1.3 Configuration of (r)epstopdf for TeX Live
))
LaTeX Font Info:    Trying to load font information for U+msa on input line 12.
 (c:/texlive/2026/texmf-dist/tex/latex/amsfonts/umsa.fd
File: umsa.fd 2013/01/14 v3.01 AMS symbols A
)
LaTeX Font Info:    Trying to load font information for U+msb on input line 12.
 (c:/texlive/2026/texmf-dist/tex/latex/amsfonts/umsb.fd
File: umsb.fd 2013/01/14 v3.01 AMS symbols B
) (./FQM1.toc)
\tf@toc=\write3
\openout3 = `FQM1.toc'.

 [1

{c:/texlive/2026/texmf-var/fonts/map/pdftex/updmap/pdftex.map}] [2] [3] [4]
Overfull \hbox (6.53871pt too wide) in paragraph at lines 91--93
\OT1/cmr/m/n/10 Questo ci per-me-tte di ri-cavare un'espressione per l'energia ci-net-ica $\OML/cmm/m/it/10 T$ \OT1/cmr/m/n/10 dell'elettrone 
 []


Underfull \hbox (badness 10000) in paragraph at lines 103--106

 []

[5] [6]
Overfull \hbox (11.63847pt too wide) in paragraph at lines 141--143
\OT1/cmr/m/n/10 pertanto, trascu-rando il ter-mine costante $\OML/cmm/m/it/10 m[]c[]$ \OT1/cmr/m/n/10 che ^^Re l'energia a ri-poso dell'elettrone
 []

[7] [8] [9] [10]
Underfull \hbox (badness 10000) in paragraph at lines 241--243

 []


Underfull \hbox (badness 10000) in paragraph at lines 249--252

 []


Underfull \hbox (badness 10000) in paragraph at lines 258--261

 []


Underfull \hbox (badness 10000) in paragraph at lines 270--273

 []

[11]
Underfull \hbox (badness 10000) in paragraph at lines 283--286

 []

[12]
Underfull \hbox (badness 10000) in paragraph at lines 315--320

 []


Underfull \hbox (badness 10000) in paragraph at lines 315--320

 []


Underfull \hbox (badness 10000) in paragraph at lines 322--325

 []

[13]
Underfull \hbox (badness 10000) in paragraph at lines 371--375

 []

[14]
Underfull \hbox (badness 10000) in paragraph at lines 382--385

 []

[15]
Overfull \hbox (1.44304pt too wide) in paragraph at lines 395--395
[]\OT1/cmr/bx/n/12 Atomo idrogenoide soggetto a campo elet-tro-mag-netico 
 []


Underfull \hbox (badness 10000) in paragraph at lines 420--423

 []

[16]
Underfull \hbox (badness 10000) in paragraph at lines 437--441

 []


Underfull \hbox (badness 10000) in paragraph at lines 437--441

 []


Overfull \hbox (24.88956pt too wide) in paragraph at lines 443--445
\OT1/cmr/m/n/10 Se l'interazione con il campo mag-netico es-terno ^^Re molto pi^^Ru im-por-tante dell'interazione
 []

[17]
Underfull \hbox (badness 10000) in paragraph at lines 486--491

 []

[18] [19]
Underfull \hbox (badness 10000) in paragraph at lines 506--509

 []

[20] [21]
Underfull \hbox (badness 10000) in paragraph at lines 569--572

 []

[22]
Underfull \hbox (badness 10000) in paragraph at lines 605--608

 []

[23] [24]
Underfull \hbox (badness 10000) in paragraph at lines 648--651

 []

[25] [26]
Underfull \hbox (badness 10000) in paragraph at lines 657--661

 []


Underfull \hbox (badness 10000) in paragraph at lines 668--671

 []


Overfull \hbox (14.87425pt too wide) detected at line 677
[]
 []


Underfull \hbox (badness 10000) in paragraph at lines 677--680

 []

[27]
Underfull \hbox (badness 10000) in paragraph at lines 695--698

 []

[28]
Underfull \hbox (badness 10000) in paragraph at lines 715--719

 []


Underfull \hbox (badness 10000) in paragraph at lines 715--719

 []


Overfull \hbox (3.13963pt too wide) in paragraph at lines 739--742
\OT1/cmr/m/n/10 La soluzione del prob-lema im-per-tur-bato ^^Re prodotto di soluzione dell'hamiltoniano
 []

[29] [30]
Underfull \hbox (badness 10000) in paragraph at lines 757--759

 []

[31] [32] [33] [34]
Underfull \hbox (badness 10000) in paragraph at lines 874--879

 []

[35]
Underfull \hbox (badness 10000) in paragraph at lines 902--905

 []

[36]
Underfull \hbox (badness 10000) in paragraph at lines 911--913

 []

[37] [38]
Underfull \hbox (badness 10000) in paragraph at lines 1001--1004

 []

[39] [40] [41] [42] [43] [44]
Underfull \hbox (badness 10000) in paragraph at lines 1165--1168

 []

<immagini/spettr_rot_puro.jpg, id=164, 272.01625pt x 186.6975pt>
File: immagini/spettr_rot_puro.jpg Graphic file (type jpg)
<use immagini/spettr_rot_puro.jpg>
Package pdftex.def Info: immagini/spettr_rot_puro.jpg  used on input line 1171.
(pdftex.def)             Requested size: 224.2479pt x 153.91907pt.
<immagini/spettr_rotovibr.png, id=165, 335.2525pt x 151.56625pt>
File: immagini/spettr_rotovibr.png Graphic file (type png)
<use immagini/spettr_rotovibr.png>
Package pdftex.def Info: immagini/spettr_rotovibr.png  used on input line 1179.
(pdftex.def)             Requested size: 224.2479pt x 101.38002pt.

LaTeX Warning: `h' float specifier changed to `ht'.

[45 <./immagini/spettr_rot_puro.jpg>]
Underfull \hbox (badness 10000) in paragraph at lines 1194--1198

 []


Underfull \hbox (badness 10000) in paragraph at lines 1194--1198

 []

[46 <./immagini/spettr_rotovibr.png>]
Underfull \hbox (badness 10000) in paragraph at lines 1208--1210

 []


Underfull \hbox (badness 10000) in paragraph at lines 1208--1210

 []


Underfull \hbox (badness 10000) in paragraph at lines 1211--1212

 []


Underfull \hbox (badness 10000) in paragraph at lines 1213--1214

 []


Underfull \hbox (badness 10000) in paragraph at lines 1215--1216

 []

[47]
Underfull \hbox (badness 10000) in paragraph at lines 1221--1223

 []


Underfull \hbox (badness 10000) in paragraph at lines 1235--1239

 []


Overfull \hbox (0.3061pt too wide) in paragraph at lines 1241--1243
\OT1/cmr/m/n/10 Compaiono il coseno ed il seno al quadrato poich^^Se si con-sid-era an-che la proiezione
 []

[48]
Underfull \hbox (badness 10000) in paragraph at lines 1263--1266

 []

[49]
Underfull \hbox (badness 10000) in paragraph at lines 1273--1276

 []


Underfull \hbox (badness 10000) in paragraph at lines 1282--1285

 []


Underfull \hbox (badness 10000) in paragraph at lines 1287--1289

 []

[50]
Underfull \hbox (badness 10000) in paragraph at lines 1305--1310

 []


Underfull \hbox (badness 10000) in paragraph at lines 1312--1315

 []

[51]
<immagini/modello_kp.png, id=190, 587.19376pt x 312.16624pt>
File: immagini/modello_kp.png Graphic file (type png)
<use immagini/modello_kp.png>
Package pdftex.def Info: immagini/modello_kp.png  used on input line 1328.
(pdftex.def)             Requested size: 310.4979pt x 165.06625pt.

Overfull \hbox (2.03531pt too wide) in paragraph at lines 1346--1349
\OT1/cmr/m/n/10 Dato che $\OML/cmm/m/it/10 $ \OT1/cmr/m/n/10 e $\OML/cmm/m/it/10 ^^L$ \OT1/cmr/m/n/10 con-tengono l'informazione sull'energia, im-po-nendo che le soluzioni
 []

[52 <./immagini/modello_kp.png>]
Underfull \hbox (badness 10000) in paragraph at lines 1356--1361

 []


Underfull \hbox (badness 10000) in paragraph at lines 1356--1361

 []

[53] [54] [55] [56] [57] (./FQM1.aux)
 ***********
LaTeX2e <2025-11-01>
L3 programming layer <2026-01-19>
 ***********


LaTeX Warning: There were multiply-defined labels.

 ) 
Here is how much of TeX's memory you used:
 2841 strings out of 467525
 40824 string characters out of 5423209
 456697 words of memory out of 5000000
 31720 multiletter control sequences out of 15000+600000
 639000 words of font info for 82 fonts, out of 8000000 for 9000
 1141 hyphenation exceptions out of 8191
 57i,18n,65p,675b,297s stack positions out of 10000i,1000n,20000p,200000b,200000s
<c:/texlive/2026/texmf-dist/fonts/type1/public/amsfonts/cm/cmbx10.pfb><c:/texlive/2026/texmf-dist/fonts/type1/public/amsfonts/cm/cmbx12.pfb><c:/texlive/2026/texmf-dist/fonts/type1/public/amsfonts/cm/cmbx7.pfb><c:/texlive/2026/texmf-dist/fonts/type1/public/amsfonts/cm/cmex10.pfb><c:/texlive/2026/texmf-dist/fonts/type1/public/amsfonts/cm/cmmi10.pfb><c:/texlive/2026/texmf-dist/fonts/type1/public/amsfonts/cm/cmmi12.pfb><c:/texlive/2026/texmf-dist/fonts/type1/public/amsfonts/cm/cmmi5.pfb><c:/texlive/2026/texmf-dist/fonts/type1/public/amsfonts/cm/cmmi7.pfb><c:/texlive/2026/texmf-dist/fonts/type1/public/amsfonts/cm/cmmib10.pfb><c:/texlive/2026/texmf-dist/fonts/type1/public/amsfonts/cm/cmr10.pfb><c:/texlive/2026/texmf-dist/fonts/type1/public/amsfonts/cm/cmr12.pfb><c:/texlive/2026/texmf-dist/fonts/type1/public/amsfonts/cm/cmr17.pfb><c:/texlive/2026/texmf-dist/fonts/type1/public/amsfonts/cm/cmr5.pfb><c:/texlive/2026/texmf-dist/fonts/type1/public/amsfonts/cm/cmr7.pfb><c:/texlive/2026/texmf-dist/fonts/type1/public/amsfonts/cm/cmr8.pfb><c:/texlive/2026/texmf-dist/fonts/type1/public/amsfonts/cm/cmsy10.pfb><c:/texlive/2026/texmf-dist/fonts/type1/public/amsfonts/cm/cmsy5.pfb><c:/texlive/2026/texmf-dist/fonts/type1/public/amsfonts/cm/cmsy7.pfb><c:/texlive/2026/texmf-dist/fonts/type1/public/amsfonts/cm/cmti10.pfb><c:/texlive/2026/texmf-dist/fonts/type1/public/amsfonts/latxfont/line10.pfb><c:/texlive/2026/texmf-dist/fonts/type1/public/amsfonts/symbols/msbm10.pfb><c:/texlive/2026/texmf-dist/fonts/type1/public/amsfonts/symbols/msbm7.pfb>
Output written on FQM1.pdf (57 pages, 418501 bytes).
PDF statistics:
 303 PDF objects out of 1000 (max. 8388607)
 194 compressed objects within 2 object streams
 0 named destinations out of 1000 (max. 500000)
 16 words of extra memory for PDF output out of 10000 (max. 10000000)

