This is pdfTeX, Version 3.141592653-2.6-1.40.29 (TeX Live 2026) (preloaded format=pdflatex 2026.3.15)  15 MAR 2026 16:38
entering extended mode
 restricted \write18 enabled.
 file:line:error style messages enabled.
 %&-line parsing enabled.
**c:/Users/aless/vscode_tex/MQ/MQ.tex
(c:/Users/aless/vscode_tex/MQ/MQ.tex
LaTeX2e <2025-11-01>
L3 programming layer <2026-01-19>
(c:/texlive/2026/texmf-dist/tex/latex/base/article.cls
Document Class: article 2025/01/22 v1.4n Standard LaTeX document class
(c:/texlive/2026/texmf-dist/tex/latex/base/size10.clo
File: size10.clo 2025/01/22 v1.4n Standard LaTeX file (size option)
)
\c@part=\count275
\c@section=\count276
\c@subsection=\count277
\c@subsubsection=\count278
\c@paragraph=\count279
\c@subparagraph=\count280
\c@figure=\count281
\c@table=\count282
\abovecaptionskip=\skip49
\belowcaptionskip=\skip50
\bibindent=\dimen148
) (c:/texlive/2026/texmf-dist/tex/latex/graphics/graphicx.sty
Package: graphicx 2024/12/31 v1.2e Enhanced LaTeX Graphics (DPC,SPQR)
 (c:/texlive/2026/texmf-dist/tex/latex/graphics/keyval.sty
Package: keyval 2022/05/29 v1.15 key=value parser (DPC)
\KV@toks@=\toks17
) (c:/texlive/2026/texmf-dist/tex/latex/graphics/graphics.sty
Package: graphics 2024/08/06 v1.4g Standard LaTeX Graphics (DPC,SPQR)
 (c:/texlive/2026/texmf-dist/tex/latex/graphics/trig.sty
Package: trig 2023/12/02 v1.11 sin cos tan (DPC)
) (c:/texlive/2026/texmf-dist/tex/latex/graphics-cfg/graphics.cfg
File: graphics.cfg 2016/06/04 v1.11 sample graphics configuration
)
Package graphics Info: Driver file: pdftex.def on input line 106.
 (c:/texlive/2026/texmf-dist/tex/latex/graphics-def/pdftex.def
File: pdftex.def 2025/09/29 v1.2d Graphics/color driver for pdftex
))
\Gin@req@height=\dimen149
\Gin@req@width=\dimen150
) (c:/texlive/2026/texmf-dist/tex/latex/amsfonts/amsfonts.sty
Package: amsfonts 2013/01/14 v3.01 Basic AMSFonts support
\@emptytoks=\toks18
\symAMSa=\mathgroup4
\symAMSb=\mathgroup5
LaTeX Font Info:    Redeclaring math symbol \hbar on input line 98.
LaTeX Font Info:    Overwriting math alphabet `\mathfrak' in version `bold'
(Font)                  U/euf/m/n --> U/euf/b/n on input line 106.
) (c:/texlive/2026/texmf-dist/tex/latex/amsmath/amsmath.sty
Package: amsmath 2025/07/09 v2.17z AMS math features
\@mathmargin=\skip51

For additional information on amsmath, use the `?' option.
(c:/texlive/2026/texmf-dist/tex/latex/amsmath/amstext.sty
Package: amstext 2024/11/17 v2.01 AMS text
 (c:/texlive/2026/texmf-dist/tex/latex/amsmath/amsgen.sty
File: amsgen.sty 1999/11/30 v2.0 generic functions
\@emptytoks=\toks19
\ex@=\dimen151
)) (c:/texlive/2026/texmf-dist/tex/latex/amsmath/amsbsy.sty
Package: amsbsy 1999/11/29 v1.2d Bold Symbols
\pmbraise@=\dimen152
) (c:/texlive/2026/texmf-dist/tex/latex/amsmath/amsopn.sty
Package: amsopn 2022/04/08 v2.04 operator names
)
\inf@bad=\count283
LaTeX Info: Redefining \frac on input line 233.
\uproot@=\count284
\leftroot@=\count285
LaTeX Info: Redefining \overline on input line 398.
LaTeX Info: Redefining \colon on input line 409.
\classnum@=\count286
\DOTSCASE@=\count287
LaTeX Info: Redefining \ldots on input line 495.
LaTeX Info: Redefining \dots on input line 498.
LaTeX Info: Redefining \cdots on input line 619.
\Mathstrutbox@=\box53
\strutbox@=\box54
LaTeX Info: Redefining \big on input line 721.
LaTeX Info: Redefining \Big on input line 722.
LaTeX Info: Redefining \bigg on input line 723.
LaTeX Info: Redefining \Bigg on input line 724.
\big@size=\dimen153
LaTeX Font Info:    Redeclaring font encoding OML on input line 742.
LaTeX Font Info:    Redeclaring font encoding OMS on input line 743.
\macc@depth=\count288
LaTeX Info: Redefining \bmod on input line 904.
LaTeX Info: Redefining \pmod on input line 909.
LaTeX Info: Redefining \smash on input line 939.
LaTeX Info: Redefining \relbar on input line 969.
LaTeX Info: Redefining \Relbar on input line 970.
\c@MaxMatrixCols=\count289
\dotsspace@=\muskip17
\c@parentequation=\count290
\dspbrk@lvl=\count291
\tag@help=\toks20
\row@=\count292
\column@=\count293
\maxfields@=\count294
\andhelp@=\toks21
\eqnshift@=\dimen154
\alignsep@=\dimen155
\tagshift@=\dimen156
\tagwidth@=\dimen157
\totwidth@=\dimen158
\lineht@=\dimen159
\@envbody=\toks22
\multlinegap=\skip52
\multlinetaggap=\skip53
\mathdisplay@stack=\toks23
LaTeX Info: Redefining \[ on input line 2950.
LaTeX Info: Redefining \] on input line 2951.
) (c:/texlive/2026/texmf-dist/tex/latex/amsfonts/amssymb.sty
Package: amssymb 2013/01/14 v3.01 AMS font symbols
) (c:/texlive/2026/texmf-dist/tex/latex/amscls/amsthm.sty
Package: amsthm 2020/05/29 v2.20.6
\thm@style=\toks24
\thm@bodyfont=\toks25
\thm@headfont=\toks26
\thm@notefont=\toks27
\thm@headpunct=\toks28
\thm@preskip=\skip54
\thm@postskip=\skip55
\thm@headsep=\skip56
\dth@everypar=\toks29
) (c:/texlive/2026/texmf-dist/tex/latex/braket/braket.sty) (c:/texlive/2026/texmf-dist/tex/latex/cancel/cancel.sty
Package: cancel 2013/04/12 v2.2 Cancel math terms
) (c:/texlive/2026/texmf-dist/tex/latex/l3backend/l3backend-pdftex.def
File: l3backend-pdftex.def 2025-10-09 L3 backend support: PDF output (pdfTeX)
\l__color_backend_stack_int=\count295
) (./MQ.aux)
\openout1 = `MQ.aux'.

LaTeX Font Info:    Checking defaults for OML/cmm/m/it on input line 9.
LaTeX Font Info:    ... okay on input line 9.
LaTeX Font Info:    Checking defaults for OMS/cmsy/m/n on input line 9.
LaTeX Font Info:    ... okay on input line 9.
LaTeX Font Info:    Checking defaults for OT1/cmr/m/n on input line 9.
LaTeX Font Info:    ... okay on input line 9.
LaTeX Font Info:    Checking defaults for T1/cmr/m/n on input line 9.
LaTeX Font Info:    ... okay on input line 9.
LaTeX Font Info:    Checking defaults for TS1/cmr/m/n on input line 9.
LaTeX Font Info:    ... okay on input line 9.
LaTeX Font Info:    Checking defaults for OMX/cmex/m/n on input line 9.
LaTeX Font Info:    ... okay on input line 9.
LaTeX Font Info:    Checking defaults for U/cmr/m/n on input line 9.
LaTeX Font Info:    ... okay on input line 9.
 (c:/texlive/2026/texmf-dist/tex/context/base/mkii/supp-pdf.mkii
[Loading MPS to PDF converter (version 2006.09.02).]
\scratchcounter=\count296
\scratchdimen=\dimen160
\scratchbox=\box55
\nofMPsegments=\count297
\nofMParguments=\count298
\everyMPshowfont=\toks30
\MPscratchCnt=\count299
\MPscratchDim=\dimen161
\MPnumerator=\count300
\makeMPintoPDFobject=\count301
\everyMPtoPDFconversion=\toks31
) (c:/texlive/2026/texmf-dist/tex/latex/epstopdf-pkg/epstopdf-base.sty
Package: epstopdf-base 2020-01-24 v2.11 Base part for package epstopdf
Package epstopdf-base Info: Redefining graphics rule for `.eps' on input line 485.
 (c:/texlive/2026/texmf-dist/tex/latex/latexconfig/epstopdf-sys.cfg
File: epstopdf-sys.cfg 2010/07/13 v1.3 Configuration of (r)epstopdf for TeX Live
))
LaTeX Font Info:    Trying to load font information for U+msa on input line 11.
 (c:/texlive/2026/texmf-dist/tex/latex/amsfonts/umsa.fd
File: umsa.fd 2013/01/14 v3.01 AMS symbols A
)
LaTeX Font Info:    Trying to load font information for U+msb on input line 11.
 (c:/texlive/2026/texmf-dist/tex/latex/amsfonts/umsb.fd
File: umsb.fd 2013/01/14 v3.01 AMS symbols B
) (./MQ.toc [1

{c:/texlive/2026/texmf-var/fonts/map/pdftex/updmap/pdftex.map}])
\tf@toc=\write3
\openout3 = `MQ.toc'.

 [2] [3] [4] [5] [6] [7]
Underfull \hbox (badness 10000) in paragraph at lines 154--155

 []


Underfull \hbox (badness 10000) in paragraph at lines 172--176

 []

[8] [9]
Underfull \hbox (badness 10000) in paragraph at lines 217--220

 []


Underfull \hbox (badness 10000) in paragraph at lines 261--264

 []

[10] [11] [12] [13] [14]
Underfull \hbox (badness 10000) in paragraph at lines 442--445

 []

[15] [16]
Underfull \hbox (badness 10000) in paragraph at lines 515--518

 []


Underfull \hbox (badness 10000) in paragraph at lines 515--518

 []

[17]
Underfull \hbox (badness 10000) in paragraph at lines 539--542

 []


Underfull \hbox (badness 10000) in paragraph at lines 546--548

 []


Underfull \hbox (badness 10000) in paragraph at lines 546--548

 []


Underfull \hbox (badness 10000) in paragraph at lines 549--551

 []


Overfull \hbox (22.201pt too wide) in paragraph at lines 555--556
[]\OT1/cmr/bx/n/10 Dimostrazione: \OT1/cmr/m/n/10 con-sid-e-ri-amo l'osservabile quan-tis-tica che rap-p-re-senta $(\OML/cmm/m/it/10 xp\OT1/cmr/m/n/10 )[]$,
 []

[18] [19]
Underfull \hbox (badness 10000) in paragraph at lines 584--586

 []


Underfull \hbox (badness 10000) in paragraph at lines 588--591

 []


Underfull \hbox (badness 10000) in paragraph at lines 609--612

 []

[20]
Overfull \hbox (0.75066pt too wide) in paragraph at lines 626--628
\OT1/cmr/m/n/10 pertanto, pren-dendo in prestito dalla mec-ca-nica clas-sica l'idea che l'hamiltoniana
 []

[21]
Underfull \hbox (badness 10000) in paragraph at lines 665--667

 []


Underfull \hbox (badness 10000) in paragraph at lines 697--700

 []

[22] [23] [24] [25] [26]
Underfull \hbox (badness 10000) in paragraph at lines 869--872

 []

[27] [28]
Overfull \hbox (8.44081pt too wide) in paragraph at lines 926--928
\OT1/cmr/m/n/10 cercando una soluzione della forma $\OML/cmm/m/it/10 e[]$\OT1/cmr/m/n/10 , per-tanto ot-te-ni-amo la seguente equazione
 []

[29]
Overfull \hbox (8.68109pt too wide) in paragraph at lines 967--969
\OT1/cmr/m/n/10 e quindi $\OML/cmm/m/it/10 F$ \OT1/cmr/m/n/10 avrebbe com-por-ta-mento espo-nen-zial-mente cres-cente che non ^^Re ammesso
 []


Underfull \hbox (badness 10000) in paragraph at lines 975--978

 []

[30]
Overfull \hbox (22.22292pt too wide) in paragraph at lines 1006--1007
\OT1/cmr/m/n/10 Vediamo ora come evolvono nel tempo gli op-er-a-tori po-sizione e im-pulso dell'oscillatore
 []

[31] [32]
Underfull \hbox (badness 10000) in paragraph at lines 1059--1061

 []

[33] [34]
Underfull \hbox (badness 10000) in paragraph at lines 1186--1189

 []


Underfull \hbox (badness 10000) in paragraph at lines 1186--1189

 []


Overfull \hbox (2.07658pt too wide) in paragraph at lines 1190--1191
[]\OT1/cmr/bx/n/10 Soluzione: \OT1/cmr/m/n/10 gli op-er-a-tori di spin pos-sono es-sere espressi in ter-mini di prodotto
 []

[35] [36] [37]
Underfull \hbox (badness 10000) in paragraph at lines 1295--1298

 []

[38]
Underfull \hbox (badness 10000) in paragraph at lines 1322--1325

 []


Overfull \hbox (5.55386pt too wide) in paragraph at lines 1322--1325
\OT1/cmr/m/n/10 Determiniamo la forma degli op-er-a-tori mo-mento an-go-lare or-bitale in base $(\OML/cmm/m/it/10 r; ^^R; '\OT1/cmr/m/n/10 )$,
 []

[39]
Underfull \hbox (badness 10000) in paragraph at lines 1382--1385

 []

[40] [41]
Underfull \hbox (badness 10000) in paragraph at lines 1455--1457

 []

[42] [43] [44]
Underfull \hbox (badness 10000) in paragraph at lines 1537--1540

 []


Underfull \hbox (badness 10000) in paragraph at lines 1546--1549

 []

[45]
Underfull \hbox (badness 10000) in paragraph at lines 1551--1554

 []


Overfull \hbox (3.49017pt too wide) detected at line 1580
[]
 []

[46] [47]
Underfull \hbox (badness 10000) in paragraph at lines 1605--1608

 []


Overfull \hbox (10.25069pt too wide) in paragraph at lines 1629--1631
\OT1/cmr/m/n/10 In par-ti-co-lare le aut-o-fun-zioni dell'hamiltoniano in questo caso pren-dono la seguente
 []


Underfull \hbox (badness 10000) in paragraph at lines 1643--1646

 []

[48] [49]
<immagini/Screenshot 2026-01-24 151007.png, id=179, 1273.00594pt x 540.51938pt>
File: immagini/Screenshot 2026-01-24 151007.png Graphic file (type png)
<use immagini/Screenshot 2026-01-24 151007.png>
Package pdftex.def Info: immagini/Screenshot 2026-01-24 151007.png  used on input line 1717.
(pdftex.def)             Requested size: 310.4979pt x 131.83044pt.
 [50 <./immagini/Screenshot 2026-01-24 151007.png>]
Underfull \hbox (badness 10000) in paragraph at lines 1762--1765

 []


Overfull \hbox (10.77065pt too wide) detected at line 1786
[]
 []

[51] [52] [53] [54]
Underfull \hbox (badness 10000) in paragraph at lines 1940--1943

 []


Underfull \hbox (badness 10000) in paragraph at lines 1964--1968

 []

[55] [56] [57] [58]
Overfull \hbox (7.24858pt too wide) in paragraph at lines 2063--2063
[]\OT1/cmr/bx/n/12 Teoria delle per-tur-bazioni in-dipen-denti dal tempo: caso
 []

[59]
Underfull \hbox (badness 10000) in paragraph at lines 2120--2123

 []

[60]
Overfull \hbox (7.24858pt too wide) in paragraph at lines 2146--2146
[]\OT1/cmr/bx/n/12 Teoria delle per-tur-bazioni in-dipen-denti dal tempo: caso
 []


Underfull \hbox (badness 10000) in paragraph at lines 2147--2149

 []


Underfull \hbox (badness 10000) in paragraph at lines 2152--2155

 []

[61] [62]
Underfull \hbox (badness 10000) in paragraph at lines 2203--2206

 []

[63] [64] [65]
Underfull \hbox (badness 10000) in paragraph at lines 2286--2289

 []


Underfull \hbox (badness 10000) in paragraph at lines 2308--2312

 []

[66] [67] [68] (./MQ.aux)
 ***********
LaTeX2e <2025-11-01>
L3 programming layer <2026-01-19>
 ***********
 ) 
Here is how much of TeX's memory you used:
 2739 strings out of 467525
 39182 string characters out of 5423209
 465183 words of memory out of 5000000
 31630 multiletter control sequences out of 15000+600000
 636549 words of font info for 74 fonts, out of 8000000 for 9000
 1141 hyphenation exceptions out of 8191
 57i,25n,65p,471b,291s stack positions out of 10000i,1000n,20000p,200000b,200000s
<c:/texlive/2026/texmf-dist/fonts/type1/public/amsfonts/cm/cmbx10.pfb><c:/texlive/2026/texmf-dist/fonts/type1/public/amsfonts/cm/cmbx12.pfb><c:/texlive/2026/texmf-dist/fonts/type1/public/amsfonts/cm/cmbx5.pfb><c:/texlive/2026/texmf-dist/fonts/type1/public/amsfonts/cm/cmbx7.pfb><c:/texlive/2026/texmf-dist/fonts/type1/public/amsfonts/cm/cmex10.pfb><c:/texlive/2026/texmf-dist/fonts/type1/public/amsfonts/cmextra/cmex7.pfb><c:/texlive/2026/texmf-dist/fonts/type1/public/amsfonts/cm/cmmi10.pfb><c:/texlive/2026/texmf-dist/fonts/type1/public/amsfonts/cm/cmmi5.pfb><c:/texlive/2026/texmf-dist/fonts/type1/public/amsfonts/cm/cmmi7.pfb><c:/texlive/2026/texmf-dist/fonts/type1/public/amsfonts/cm/cmr10.pfb><c:/texlive/2026/texmf-dist/fonts/type1/public/amsfonts/cm/cmr12.pfb><c:/texlive/2026/texmf-dist/fonts/type1/public/amsfonts/cm/cmr17.pfb><c:/texlive/2026/texmf-dist/fonts/type1/public/amsfonts/cm/cmr5.pfb><c:/texlive/2026/texmf-dist/fonts/type1/public/amsfonts/cm/cmr7.pfb><c:/texlive/2026/texmf-dist/fonts/type1/public/amsfonts/cm/cmsy10.pfb><c:/texlive/2026/texmf-dist/fonts/type1/public/amsfonts/cm/cmsy5.pfb><c:/texlive/2026/texmf-dist/fonts/type1/public/amsfonts/cm/cmsy7.pfb><c:/texlive/2026/texmf-dist/fonts/type1/public/amsfonts/cm/cmti10.pfb><c:/texlive/2026/texmf-dist/fonts/type1/public/amsfonts/latxfont/line10.pfb><c:/texlive/2026/texmf-dist/fonts/type1/public/amsfonts/symbols/msbm10.pfb><c:/texlive/2026/texmf-dist/fonts/type1/public/amsfonts/symbols/msbm5.pfb><c:/texlive/2026/texmf-dist/fonts/type1/public/amsfonts/symbols/msbm7.pfb>
Output written on MQ.pdf (68 pages, 650135 bytes).
PDF statistics:
 338 PDF objects out of 1000 (max. 8388607)
 219 compressed objects within 3 object streams
 0 named destinations out of 1000 (max. 500000)
 6 words of extra memory for PDF output out of 10000 (max. 10000000)

