This is pdfTeX, Version 3.141592653-2.6-1.40.29 (TeX Live 2026) (preloaded format=pdflatex 2026.3.15)  8 MAY 2026 18:09
entering extended mode
 restricted \write18 enabled.
 file:line:error style messages enabled.
 %&-line parsing enabled.
**"c:/Users/aless/vscode_tex/Misura di Lebesgue/Misura di Lebesgue.tex"
(c:/Users/aless/vscode_tex/Misura di Lebesgue/Misura di Lebesgue.tex
LaTeX2e <2025-11-01>
L3 programming layer <2026-01-19>
(c:/texlive/2026/texmf-dist/tex/latex/base/article.cls
Document Class: article 2025/01/22 v1.4n Standard LaTeX document class
(c:/texlive/2026/texmf-dist/tex/latex/base/size10.clo
File: size10.clo 2025/01/22 v1.4n Standard LaTeX file (size option)
)
\c@part=\count275
\c@section=\count276
\c@subsection=\count277
\c@subsubsection=\count278
\c@paragraph=\count279
\c@subparagraph=\count280
\c@figure=\count281
\c@table=\count282
\abovecaptionskip=\skip49
\belowcaptionskip=\skip50
\bibindent=\dimen148
) (c:/texlive/2026/texmf-dist/tex/latex/graphics/graphicx.sty
Package: graphicx 2024/12/31 v1.2e Enhanced LaTeX Graphics (DPC,SPQR)
 (c:/texlive/2026/texmf-dist/tex/latex/graphics/keyval.sty
Package: keyval 2022/05/29 v1.15 key=value parser (DPC)
\KV@toks@=\toks17
) (c:/texlive/2026/texmf-dist/tex/latex/graphics/graphics.sty
Package: graphics 2024/08/06 v1.4g Standard LaTeX Graphics (DPC,SPQR)
 (c:/texlive/2026/texmf-dist/tex/latex/graphics/trig.sty
Package: trig 2023/12/02 v1.11 sin cos tan (DPC)
) (c:/texlive/2026/texmf-dist/tex/latex/graphics-cfg/graphics.cfg
File: graphics.cfg 2016/06/04 v1.11 sample graphics configuration
)
Package graphics Info: Driver file: pdftex.def on input line 106.
 (c:/texlive/2026/texmf-dist/tex/latex/graphics-def/pdftex.def
File: pdftex.def 2025/09/29 v1.2d Graphics/color driver for pdftex
))
\Gin@req@height=\dimen149
\Gin@req@width=\dimen150
) (c:/texlive/2026/texmf-dist/tex/generic/babel/babel.sty
Package: babel 2026/03/08 v26.4 The multilingual framework for LuaLaTeX, pdfLaTeX and XeLaTeX
\babel@savecnt=\count283
LaTeX Encoding Info:    Redeclaring text command \ij (encoding OT1) on input line 2078.
LaTeX Encoding Info:    Redeclaring text command \IJ (encoding OT1) on input line 2080.
LaTeX Encoding Info:    Redeclaring text command \ij (encoding T1) on input line 2082.
LaTeX Encoding Info:    Redeclaring text command \IJ (encoding T1) on input line 2083.
LaTeX Encoding Info:    Ignoring declaration for text command \ij (encoding ?) on input line 2084.
LaTeX Encoding Info:    Ignoring declaration for text command \IJ (encoding ?) on input line 2086.
LaTeX Encoding Info:    Ignoring declaration for text command \SS (encoding ?) on input line 2111.
\U@D=\dimen151
\l@unhyphenated=\language91
 (c:/texlive/2026/texmf-dist/tex/generic/babel/txtbabel.def)
\bbl@readstream=\read2
\bbl@dirlevel=\count284
 (c:/texlive/2026/texmf-dist/tex/generic/babel/locale/it/babel-italian.tex)
Package babel Info: Importing font and identification data for italian
(babel)             from babel-it.ini. Reported on input line 4330.
 (c:/texlive/2026/texmf-dist/tex/generic/babel-italian/italian.ldf
Language: italian 2026/01/13 v.1.5.02 Italian support for the babel system
\it@lettering=\count285
\it@doublequoteactive=\count286
\it@ISOcompliance=\count287
)) (c:/texlive/2026/texmf-dist/tex/latex/etoolbox/etoolbox.sty
Package: etoolbox 2025/10/02 v2.5m e-TeX tools for LaTeX (JAW)
\etb@tempcnta=\count288
) (c:/texlive/2026/texmf-dist/tex/latex/amsfonts/amsfonts.sty
Package: amsfonts 2013/01/14 v3.01 Basic AMSFonts support
\@emptytoks=\toks18
\symAMSa=\mathgroup4
\symAMSb=\mathgroup5
LaTeX Font Info:    Redeclaring math symbol \hbar on input line 98.
LaTeX Font Info:    Overwriting math alphabet `\mathfrak' in version `bold'
(Font)                  U/euf/m/n --> U/euf/b/n on input line 106.
) (c:/texlive/2026/texmf-dist/tex/latex/amsmath/amsmath.sty
Package: amsmath 2025/07/09 v2.17z AMS math features
\@mathmargin=\skip51

For additional information on amsmath, use the `?' option.
(c:/texlive/2026/texmf-dist/tex/latex/amsmath/amstext.sty
Package: amstext 2024/11/17 v2.01 AMS text
 (c:/texlive/2026/texmf-dist/tex/latex/amsmath/amsgen.sty
File: amsgen.sty 1999/11/30 v2.0 generic functions
\@emptytoks=\toks19
\ex@=\dimen152
)) (c:/texlive/2026/texmf-dist/tex/latex/amsmath/amsbsy.sty
Package: amsbsy 1999/11/29 v1.2d Bold Symbols
\pmbraise@=\dimen153
) (c:/texlive/2026/texmf-dist/tex/latex/amsmath/amsopn.sty
Package: amsopn 2022/04/08 v2.04 operator names
)
\inf@bad=\count289
LaTeX Info: Redefining \frac on input line 233.
\uproot@=\count290
\leftroot@=\count291
LaTeX Info: Redefining \overline on input line 398.
LaTeX Info: Redefining \colon on input line 409.
\classnum@=\count292
\DOTSCASE@=\count293
LaTeX Info: Redefining \ldots on input line 495.
LaTeX Info: Redefining \dots on input line 498.
LaTeX Info: Redefining \cdots on input line 619.
\Mathstrutbox@=\box53
\strutbox@=\box54
LaTeX Info: Redefining \big on input line 721.
LaTeX Info: Redefining \Big on input line 722.
LaTeX Info: Redefining \bigg on input line 723.
LaTeX Info: Redefining \Bigg on input line 724.
\big@size=\dimen154
LaTeX Font Info:    Redeclaring font encoding OML on input line 742.
LaTeX Font Info:    Redeclaring font encoding OMS on input line 743.
\macc@depth=\count294
LaTeX Info: Redefining \bmod on input line 904.
LaTeX Info: Redefining \pmod on input line 909.
LaTeX Info: Redefining \smash on input line 939.
LaTeX Info: Redefining \relbar on input line 969.
LaTeX Info: Redefining \Relbar on input line 970.
\c@MaxMatrixCols=\count295
\dotsspace@=\muskip17
\c@parentequation=\count296
\dspbrk@lvl=\count297
\tag@help=\toks20
\row@=\count298
\column@=\count299
\maxfields@=\count300
\andhelp@=\toks21
\eqnshift@=\dimen155
\alignsep@=\dimen156
\tagshift@=\dimen157
\tagwidth@=\dimen158
\totwidth@=\dimen159
\lineht@=\dimen160
\@envbody=\toks22
\multlinegap=\skip52
\multlinetaggap=\skip53
\mathdisplay@stack=\toks23
LaTeX Info: Redefining \[ on input line 2950.
LaTeX Info: Redefining \] on input line 2951.
) (c:/texlive/2026/texmf-dist/tex/latex/amsfonts/amssymb.sty
Package: amssymb 2013/01/14 v3.01 AMS font symbols
) (c:/texlive/2026/texmf-dist/tex/latex/amscls/amsthm.sty
Package: amsthm 2020/05/29 v2.20.6
\thm@style=\toks24
\thm@bodyfont=\toks25
\thm@headfont=\toks26
\thm@notefont=\toks27
\thm@headpunct=\toks28
\thm@preskip=\skip54
\thm@postskip=\skip55
\thm@headsep=\skip56
\dth@everypar=\toks29
) (c:/texlive/2026/texmf-dist/tex/latex/float/float.sty
Package: float 2001/11/08 v1.3d Float enhancements (AL)
\c@float@type=\count301
\float@exts=\toks30
\float@box=\box55
\@float@everytoks=\toks31
\@floatcapt=\box56
) (c:/texlive/2026/texmf-dist/tex/latex/l3backend/l3backend-pdftex.def
File: l3backend-pdftex.def 2025-10-09 L3 backend support: PDF output (pdfTeX)
\l__color_backend_stack_int=\count302
) (./Misura di Lebesgue.aux)
\openout1 = `"Misura di Lebesgue.aux"'.

LaTeX Font Info:    Checking defaults for OML/cmm/m/it on input line 10.
LaTeX Font Info:    ... okay on input line 10.
LaTeX Font Info:    Checking defaults for OMS/cmsy/m/n on input line 10.
LaTeX Font Info:    ... okay on input line 10.
LaTeX Font Info:    Checking defaults for OT1/cmr/m/n on input line 10.
LaTeX Font Info:    ... okay on input line 10.
LaTeX Font Info:    Checking defaults for T1/cmr/m/n on input line 10.
LaTeX Font Info:    ... okay on input line 10.
LaTeX Font Info:    Checking defaults for TS1/cmr/m/n on input line 10.
LaTeX Font Info:    ... okay on input line 10.
LaTeX Font Info:    Checking defaults for OMX/cmex/m/n on input line 10.
LaTeX Font Info:    ... okay on input line 10.
LaTeX Font Info:    Checking defaults for U/cmr/m/n on input line 10.
LaTeX Font Info:    ... okay on input line 10.
 (c:/texlive/2026/texmf-dist/tex/context/base/mkii/supp-pdf.mkii
[Loading MPS to PDF converter (version 2006.09.02).]
\scratchcounter=\count303
\scratchdimen=\dimen161
\scratchbox=\box57
\nofMPsegments=\count304
\nofMParguments=\count305
\everyMPshowfont=\toks32
\MPscratchCnt=\count306
\MPscratchDim=\dimen162
\MPnumerator=\count307
\makeMPintoPDFobject=\count308
\everyMPtoPDFconversion=\toks33
) (c:/texlive/2026/texmf-dist/tex/latex/epstopdf-pkg/epstopdf-base.sty
Package: epstopdf-base 2020-01-24 v2.11 Base part for package epstopdf
Package epstopdf-base Info: Redefining graphics rule for `.eps' on input line 485.
 (c:/texlive/2026/texmf-dist/tex/latex/latexconfig/epstopdf-sys.cfg
File: epstopdf-sys.cfg 2010/07/13 v1.3 Configuration of (r)epstopdf for TeX Live
))
LaTeX Info: Redefining \it@ocap on input line 10.
LaTeX Info: Redefining \it@ccap on input line 10.


File italian.ldf warning: 
italian.ldf    With OT1 encoding guillemets are poorly faked
italian.ldf    Use T1 encoding
italian.ldf    or specify a font with command \CaporaliFrom
italian.ldf    See the documentation concerning the babel-italian typesetting
italian.ldf    on input line 10.

LaTeX Font Info:    Trying to load font information for U+msa on input line 12.
(c:/texlive/2026/texmf-dist/tex/latex/amsfonts/umsa.fd
File: umsa.fd 2013/01/14 v3.01 AMS symbols A
)
LaTeX Font Info:    Trying to load font information for U+msb on input line 12.
 (c:/texlive/2026/texmf-dist/tex/latex/amsfonts/umsb.fd
File: umsb.fd 2013/01/14 v3.01 AMS symbols B
) (./Misura di Lebesgue.toc)
\tf@toc=\write3
\openout3 = `"Misura di Lebesgue.toc"'.

 [1

{c:/texlive/2026/texmf-var/fonts/map/pdftex/updmap/pdftex.map}]
Underfull \hbox (badness 10000) in paragraph at lines 18--20

 []


Underfull \hbox (badness 10000) in paragraph at lines 22--27

 []


Underfull \hbox (badness 10000) in paragraph at lines 22--27

 []


Overfull \hbox (11.49713pt too wide) in paragraph at lines 22--27
\OT1/cmr/m/n/10 In $\OT1/cmr/bx/n/10 R[]$ \OT1/cmr/m/n/10 fis-sia-mo su ogni as-se coor-di-na-to un nu-me-ro fi-ni-to di pun-ti, sia-no $\OML/cmm/m/it/10 a[]; a[]; :::; a[]$
 []


Underfull \hbox (badness 10000) in paragraph at lines 39--42

 []


Underfull \hbox (badness 10000) in paragraph at lines 44--50

 []


Underfull \hbox (badness 10000) in paragraph at lines 44--50

 []

[2]
Underfull \hbox (badness 10000) in paragraph at lines 51--57

 []


Underfull \hbox (badness 10000) in paragraph at lines 51--57

 []


Underfull \hbox (badness 10000) in paragraph at lines 51--57

 []


Underfull \hbox (badness 10000) in paragraph at lines 51--57

 []


Underfull \hbox (badness 10000) in paragraph at lines 51--57

 []


Underfull \hbox (badness 10000) in paragraph at lines 51--57

 []


Underfull \hbox (badness 10000) in paragraph at lines 51--57

 []

[3] [4]
Underfull \hbox (badness 10000) in paragraph at lines 63--65

 []


Underfull \hbox (badness 10000) in paragraph at lines 67--70

 []


Underfull \hbox (badness 10000) in paragraph at lines 72--77

 []


Underfull \hbox (badness 10000) in paragraph at lines 72--77

 []


Underfull \hbox (badness 10000) in paragraph at lines 72--77

 []


Underfull \hbox (badness 10000) in paragraph at lines 72--77

 []


Underfull \hbox (badness 10000) in paragraph at lines 72--77

 []


Underfull \hbox (badness 10000) in paragraph at lines 79--82

 []

[5]
Underfull \hbox (badness 10000) in paragraph at lines 84--89

 []


Underfull \hbox (badness 10000) in paragraph at lines 84--89

 []


Underfull \hbox (badness 10000) in paragraph at lines 84--89

 []


Underfull \hbox (badness 10000) in paragraph at lines 84--89

 []


Underfull \hbox (badness 10000) in paragraph at lines 91--95

 []


Underfull \hbox (badness 10000) in paragraph at lines 91--95

 []


Underfull \hbox (badness 10000) in paragraph at lines 97--119

 []


Underfull \hbox (badness 10000) in paragraph at lines 97--119

 []


Underfull \hbox (badness 10000) in paragraph at lines 97--119

 []


Underfull \hbox (badness 10000) in paragraph at lines 97--119

 []


Underfull \hbox (badness 10000) in paragraph at lines 97--119

 []


Underfull \hbox (badness 10000) in paragraph at lines 97--119

 []


Underfull \hbox (badness 10000) in paragraph at lines 97--119

 []


Underfull \hbox (badness 10000) in paragraph at lines 97--119

 []


Underfull \hbox (badness 10000) in paragraph at lines 97--119

 []


Underfull \hbox (badness 10000) in paragraph at lines 97--119

 []


Underfull \hbox (badness 10000) in paragraph at lines 97--119

 []


Underfull \hbox (badness 10000) in paragraph at lines 97--119

 []


Underfull \hbox (badness 10000) in paragraph at lines 97--119

 []


Underfull \hbox (badness 10000) in paragraph at lines 97--119

 []


Underfull \hbox (badness 10000) in paragraph at lines 97--119

 []


Underfull \hbox (badness 10000) in paragraph at lines 97--119

 []


Underfull \hbox (badness 10000) in paragraph at lines 97--119

 []


Underfull \hbox (badness 10000) in paragraph at lines 97--119

 []


Underfull \hbox (badness 10000) in paragraph at lines 97--119

 []


Underfull \hbox (badness 10000) in paragraph at lines 97--119

 []


Underfull \hbox (badness 10000) in paragraph at lines 97--119

 []


Underfull \hbox (badness 10000) in paragraph at lines 97--119

 []


Underfull \hbox (badness 10000) in paragraph at lines 97--119

 []


Underfull \hbox (badness 10000) in paragraph at lines 97--119

 []


Underfull \hbox (badness 10000) in paragraph at lines 97--119

 []

[6] [7]
Underfull \hbox (badness 10000) in paragraph at lines 120--127

 []


Underfull \hbox (badness 10000) in paragraph at lines 120--127

 []


Underfull \hbox (badness 10000) in paragraph at lines 120--127

 []


Underfull \hbox (badness 10000) in paragraph at lines 120--127

 []


Underfull \hbox (badness 10000) in paragraph at lines 120--127

 []


Underfull \hbox (badness 10000) in paragraph at lines 120--127

 []


Underfull \hbox (badness 10000) in paragraph at lines 120--127

 []

[8] [9]
Overfull \hbox (5.23116pt too wide) in paragraph at lines 128--128
[]\OT1/cmr/bx/n/14.4 Additivit^^Ra e su-bad-di-ti-vit^^Ra nu-me-ra-bi-le del-la mi-
 []


Underfull \hbox (badness 10000) in paragraph at lines 129--135

 []


Underfull \hbox (badness 10000) in paragraph at lines 129--135

 []


Underfull \hbox (badness 10000) in paragraph at lines 129--135

 []


Underfull \hbox (badness 10000) in paragraph at lines 129--135

 []


Underfull \hbox (badness 10000) in paragraph at lines 129--135

 []


Underfull \hbox (badness 10000) in paragraph at lines 137--141

 []


Underfull \hbox (badness 10000) in paragraph at lines 137--141

 []


Underfull \hbox (badness 10000) in paragraph at lines 137--141

 []

[10]
Underfull \hbox (badness 10000) in paragraph at lines 148--152

 []


Underfull \hbox (badness 10000) in paragraph at lines 148--152

 []


Underfull \hbox (badness 10000) in paragraph at lines 148--152

 []


Underfull \hbox (badness 10000) in paragraph at lines 156--160

 []


Underfull \hbox (badness 10000) in paragraph at lines 156--160

 []


Underfull \hbox (badness 10000) in paragraph at lines 156--160

 []

[11]
Underfull \hbox (badness 10000) in paragraph at lines 163--166

 []


Underfull \hbox (badness 10000) in paragraph at lines 167--169

 []


Underfull \hbox (badness 10000) in paragraph at lines 184--190

 []


Underfull \hbox (badness 10000) in paragraph at lines 184--190

 []


Underfull \hbox (badness 10000) in paragraph at lines 184--190

 []


Underfull \hbox (badness 10000) in paragraph at lines 184--190

 []


Underfull \hbox (badness 10000) in paragraph at lines 184--190

 []

[12] [13]
Underfull \hbox (badness 10000) in paragraph at lines 197--202

 []


Underfull \hbox (badness 10000) in paragraph at lines 197--202

 []


Underfull \hbox (badness 10000) in paragraph at lines 197--202

 []


Underfull \hbox (badness 10000) in paragraph at lines 197--202

 []


Underfull \hbox (badness 10000) in paragraph at lines 210--215

 []


Underfull \hbox (badness 10000) in paragraph at lines 210--215

 []


Underfull \hbox (badness 10000) in paragraph at lines 210--215

 []


Underfull \hbox (badness 10000) in paragraph at lines 210--215

 []


Underfull \hbox (badness 10000) in paragraph at lines 216--218

 []

[14]
Underfull \hbox (badness 10000) in paragraph at lines 220--224

 []


Underfull \hbox (badness 10000) in paragraph at lines 220--224

 []


Underfull \hbox (badness 10000) in paragraph at lines 227--231

 []


Underfull \hbox (badness 10000) in paragraph at lines 227--231

 []


Underfull \hbox (badness 10000) in paragraph at lines 227--231

 []

[15]
Underfull \hbox (badness 10000) in paragraph at lines 238--240

 []


Underfull \hbox (badness 10000) in paragraph at lines 244--249

 []


Underfull \hbox (badness 10000) in paragraph at lines 244--249

 []


Underfull \hbox (badness 10000) in paragraph at lines 244--249

 []


Underfull \hbox (badness 10000) in paragraph at lines 255--258

 []

[16] [17]
Underfull \hbox (badness 10000) in paragraph at lines 270--273

 []


Underfull \hbox (badness 10000) in paragraph at lines 270--273

 []


Underfull \hbox (badness 10000) in paragraph at lines 299--303

 []


Underfull \hbox (badness 10000) in paragraph at lines 299--303

 []


Underfull \hbox (badness 10000) in paragraph at lines 299--303

 []

[18]
Underfull \hbox (badness 10000) in paragraph at lines 306--309

 []


Underfull \hbox (badness 10000) in paragraph at lines 306--309

 []


Underfull \hbox (badness 10000) in paragraph at lines 311--314

 []


Underfull \hbox (badness 10000) in paragraph at lines 316--319

 []


Underfull \hbox (badness 10000) in paragraph at lines 316--319

 []

[19]
Underfull \hbox (badness 10000) in paragraph at lines 329--332

 []


Underfull \hbox (badness 10000) in paragraph at lines 348--350

 []

[20]
Underfull \hbox (badness 10000) in paragraph at lines 366--368

 []


Underfull \hbox (badness 10000) in paragraph at lines 375--378

 []


Underfull \hbox (badness 10000) in paragraph at lines 375--378

 []


Underfull \hbox (badness 10000) in paragraph at lines 384--386

 []


Underfull \hbox (badness 10000) in paragraph at lines 392--395

 []

[21] [22]
Underfull \hbox (badness 10000) in paragraph at lines 415--444

 []


Underfull \hbox (badness 10000) in paragraph at lines 415--444

 []


Underfull \hbox (badness 10000) in paragraph at lines 415--444

 []


Underfull \hbox (badness 10000) in paragraph at lines 415--444

 []


Underfull \hbox (badness 10000) in paragraph at lines 415--444

 []


Underfull \hbox (badness 10000) in paragraph at lines 415--444

 []


Underfull \hbox (badness 10000) in paragraph at lines 415--444

 []


Underfull \hbox (badness 10000) in paragraph at lines 415--444

 []


Underfull \hbox (badness 10000) in paragraph at lines 415--444

 []


Underfull \hbox (badness 10000) in paragraph at lines 415--444

 []


Underfull \hbox (badness 10000) in paragraph at lines 415--444

 []


Underfull \hbox (badness 10000) in paragraph at lines 415--444

 []


Underfull \hbox (badness 10000) in paragraph at lines 415--444

 []


Overfull \hbox (36.1688pt too wide) in paragraph at lines 415--444
\OT1/cmr/bx/n/10 Teorema 7.1 (pro-priet^^Ra del-le fun-zio-ni mi-su-ra-bi-li): \OT1/cmr/m/n/10 sia $\OMS/cmsy/m/n/10 M \OT1/cmr/m/n/10 := \OMS/cmsy/m/n/10 f\OML/cmm/m/it/10 f \OT1/cmr/m/n/10 : \OML/cmm/m/it/10 f[]\OMS/cmsy/m/n/10 g$\OT1/cmr/m/n/10 .
 []


Underfull \hbox (badness 10000) in paragraph at lines 415--444

 []


Underfull \hbox (badness 10000) in paragraph at lines 415--444

 []


Underfull \hbox (badness 10000) in paragraph at lines 415--444

 []


Underfull \hbox (badness 10000) in paragraph at lines 415--444

 []


Underfull \hbox (badness 10000) in paragraph at lines 415--444

 []


Underfull \hbox (badness 10000) in paragraph at lines 415--444

 []


Underfull \hbox (badness 10000) in paragraph at lines 415--444

 []


Underfull \hbox (badness 10000) in paragraph at lines 415--444

 []

[23]
Underfull \hbox (badness 10000) in paragraph at lines 446--449

 []


Underfull \hbox (badness 10000) in paragraph at lines 446--449

 []


Underfull \hbox (badness 10000) in paragraph at lines 451--454

 []

[24] [25] (./Misura di Lebesgue.aux)
 ***********
LaTeX2e <2025-11-01>
L3 programming layer <2026-01-19>
 ***********
 ) 
Here is how much of TeX's memory you used:
 4206 strings out of 467525
 63574 string characters out of 5423209
 503811 words of memory out of 5000000
 33079 multiletter control sequences out of 15000+600000
 638724 words of font info for 82 fonts, out of 8000000 for 9000
 1141 hyphenation exceptions out of 8191
 57i,16n,65p,1055b,206s stack positions out of 10000i,1000n,20000p,200000b,200000s
<c:/texlive/2026/texmf-dist/fonts/type1/public/amsfonts/cm/cmbx10.pfb><c:/texlive/2026/texmf-dist/fonts/type1/public/amsfonts/cm/cmbx12.pfb><c:/texlive/2026/texmf-dist/fonts/type1/public/amsfonts/cm/cmbx7.pfb><c:/texlive/2026/texmf-dist/fonts/type1/public/amsfonts/cm/cmex10.pfb><c:/texlive/2026/texmf-dist/fonts/type1/public/amsfonts/cm/cmmi10.pfb><c:/texlive/2026/texmf-dist/fonts/type1/public/amsfonts/cm/cmmi12.pfb><c:/texlive/2026/texmf-dist/fonts/type1/public/amsfonts/cm/cmmi5.pfb><c:/texlive/2026/texmf-dist/fonts/type1/public/amsfonts/cm/cmmi7.pfb><c:/texlive/2026/texmf-dist/fonts/type1/public/amsfonts/cm/cmr10.pfb><c:/texlive/2026/texmf-dist/fonts/type1/public/amsfonts/cm/cmr12.pfb><c:/texlive/2026/texmf-dist/fonts/type1/public/amsfonts/cm/cmr17.pfb><c:/texlive/2026/texmf-dist/fonts/type1/public/amsfonts/cm/cmr5.pfb><c:/texlive/2026/texmf-dist/fonts/type1/public/amsfonts/cm/cmr7.pfb><c:/texlive/2026/texmf-dist/fonts/type1/public/amsfonts/cm/cmsy10.pfb><c:/texlive/2026/texmf-dist/fonts/type1/public/amsfonts/cm/cmsy5.pfb><c:/texlive/2026/texmf-dist/fonts/type1/public/amsfonts/cm/cmsy7.pfb><c:/texlive/2026/texmf-dist/fonts/type1/public/amsfonts/cm/cmti10.pfb>
Output written on "Misura di Lebesgue.pdf" (25 pages, 268116 bytes).
PDF statistics:
 171 PDF objects out of 1000 (max. 8388607)
 108 compressed objects within 2 object streams
 0 named destinations out of 1000 (max. 500000)
 1 words of extra memory for PDF output out of 10000 (max. 10000000)

