This is pdfTeX, Version 3.141592653-2.6-1.40.29 (TeX Live 2026) (preloaded format=pdflatex 2026.3.15)  8 MAY 2026 17:38
entering extended mode
 restricted \write18 enabled.
 file:line:error style messages enabled.
 %&-line parsing enabled.
**"c:/Users/aless/vscode_tex/Topologia Generale e Geometria Differenziale/TG-GD.tex"
(c:/Users/aless/vscode_tex/Topologia Generale e Geometria Differenziale/TG-GD.tex
LaTeX2e <2025-11-01>
L3 programming layer <2026-01-19>
(c:/texlive/2026/texmf-dist/tex/latex/base/article.cls
Document Class: article 2025/01/22 v1.4n Standard LaTeX document class
(c:/texlive/2026/texmf-dist/tex/latex/base/size10.clo
File: size10.clo 2025/01/22 v1.4n Standard LaTeX file (size option)
)
\c@part=\count275
\c@section=\count276
\c@subsection=\count277
\c@subsubsection=\count278
\c@paragraph=\count279
\c@subparagraph=\count280
\c@figure=\count281
\c@table=\count282
\abovecaptionskip=\skip49
\belowcaptionskip=\skip50
\bibindent=\dimen148
) (c:/texlive/2026/texmf-dist/tex/latex/graphics/graphicx.sty
Package: graphicx 2024/12/31 v1.2e Enhanced LaTeX Graphics (DPC,SPQR)
 (c:/texlive/2026/texmf-dist/tex/latex/graphics/keyval.sty
Package: keyval 2022/05/29 v1.15 key=value parser (DPC)
\KV@toks@=\toks17
) (c:/texlive/2026/texmf-dist/tex/latex/graphics/graphics.sty
Package: graphics 2024/08/06 v1.4g Standard LaTeX Graphics (DPC,SPQR)
 (c:/texlive/2026/texmf-dist/tex/latex/graphics/trig.sty
Package: trig 2023/12/02 v1.11 sin cos tan (DPC)
) (c:/texlive/2026/texmf-dist/tex/latex/graphics-cfg/graphics.cfg
File: graphics.cfg 2016/06/04 v1.11 sample graphics configuration
)
Package graphics Info: Driver file: pdftex.def on input line 106.
 (c:/texlive/2026/texmf-dist/tex/latex/graphics-def/pdftex.def
File: pdftex.def 2025/09/29 v1.2d Graphics/color driver for pdftex
))
\Gin@req@height=\dimen149
\Gin@req@width=\dimen150
) (c:/texlive/2026/texmf-dist/tex/latex/amsfonts/amsfonts.sty
Package: amsfonts 2013/01/14 v3.01 Basic AMSFonts support
\@emptytoks=\toks18
\symAMSa=\mathgroup4
\symAMSb=\mathgroup5
LaTeX Font Info:    Redeclaring math symbol \hbar on input line 98.
LaTeX Font Info:    Overwriting math alphabet `\mathfrak' in version `bold'
(Font)                  U/euf/m/n --> U/euf/b/n on input line 106.
) (c:/texlive/2026/texmf-dist/tex/latex/amsmath/amsmath.sty
Package: amsmath 2025/07/09 v2.17z AMS math features
\@mathmargin=\skip51

For additional information on amsmath, use the `?' option.
(c:/texlive/2026/texmf-dist/tex/latex/amsmath/amstext.sty
Package: amstext 2024/11/17 v2.01 AMS text
 (c:/texlive/2026/texmf-dist/tex/latex/amsmath/amsgen.sty
File: amsgen.sty 1999/11/30 v2.0 generic functions
\@emptytoks=\toks19
\ex@=\dimen151
)) (c:/texlive/2026/texmf-dist/tex/latex/amsmath/amsbsy.sty
Package: amsbsy 1999/11/29 v1.2d Bold Symbols
\pmbraise@=\dimen152
) (c:/texlive/2026/texmf-dist/tex/latex/amsmath/amsopn.sty
Package: amsopn 2022/04/08 v2.04 operator names
)
\inf@bad=\count283
LaTeX Info: Redefining \frac on input line 233.
\uproot@=\count284
\leftroot@=\count285
LaTeX Info: Redefining \overline on input line 398.
LaTeX Info: Redefining \colon on input line 409.
\classnum@=\count286
\DOTSCASE@=\count287
LaTeX Info: Redefining \ldots on input line 495.
LaTeX Info: Redefining \dots on input line 498.
LaTeX Info: Redefining \cdots on input line 619.
\Mathstrutbox@=\box53
\strutbox@=\box54
LaTeX Info: Redefining \big on input line 721.
LaTeX Info: Redefining \Big on input line 722.
LaTeX Info: Redefining \bigg on input line 723.
LaTeX Info: Redefining \Bigg on input line 724.
\big@size=\dimen153
LaTeX Font Info:    Redeclaring font encoding OML on input line 742.
LaTeX Font Info:    Redeclaring font encoding OMS on input line 743.
\macc@depth=\count288
LaTeX Info: Redefining \bmod on input line 904.
LaTeX Info: Redefining \pmod on input line 909.
LaTeX Info: Redefining \smash on input line 939.
LaTeX Info: Redefining \relbar on input line 969.
LaTeX Info: Redefining \Relbar on input line 970.
\c@MaxMatrixCols=\count289
\dotsspace@=\muskip17
\c@parentequation=\count290
\dspbrk@lvl=\count291
\tag@help=\toks20
\row@=\count292
\column@=\count293
\maxfields@=\count294
\andhelp@=\toks21
\eqnshift@=\dimen154
\alignsep@=\dimen155
\tagshift@=\dimen156
\tagwidth@=\dimen157
\totwidth@=\dimen158
\lineht@=\dimen159
\@envbody=\toks22
\multlinegap=\skip52
\multlinetaggap=\skip53
\mathdisplay@stack=\toks23
LaTeX Info: Redefining \[ on input line 2950.
LaTeX Info: Redefining \] on input line 2951.
) (c:/texlive/2026/texmf-dist/tex/latex/amsfonts/amssymb.sty
Package: amssymb 2013/01/14 v3.01 AMS font symbols
) (c:/texlive/2026/texmf-dist/tex/latex/amscls/amsthm.sty
Package: amsthm 2020/05/29 v2.20.6
\thm@style=\toks24
\thm@bodyfont=\toks25
\thm@headfont=\toks26
\thm@notefont=\toks27
\thm@headpunct=\toks28
\thm@preskip=\skip54
\thm@postskip=\skip55
\thm@headsep=\skip56
\dth@everypar=\toks29
) (c:/texlive/2026/texmf-dist/tex/latex/float/float.sty
Package: float 2001/11/08 v1.3d Float enhancements (AL)
\c@float@type=\count295
\float@exts=\toks30
\float@box=\box55
\@float@everytoks=\toks31
\@floatcapt=\box56
) (c:/texlive/2026/texmf-dist/tex/latex/tikz-cd/tikz-cd.sty
Package: tikz-cd 2021/05/04 v1.0 Commutative diagrams with TikZ
 (c:/texlive/2026/texmf-dist/tex/latex/pgf/frontendlayer/tikz.sty (c:/texlive/2026/texmf-dist/tex/latex/pgf/basiclayer/pgf.sty (c:/texlive/2026/texmf-dist/tex/latex/pgf/utilities/pgfrcs.sty (c:/texlive/2026/texmf-dist/tex/generic/pgf/utilities/pgfutil-common.tex
\pgfutil@everybye=\toks32
\pgfutil@tempdima=\dimen160
\pgfutil@tempdimb=\dimen161
) (c:/texlive/2026/texmf-dist/tex/generic/pgf/utilities/pgfutil-latex.def
\pgfutil@abb=\box57
) (c:/texlive/2026/texmf-dist/tex/generic/pgf/utilities/pgfrcs.code.tex (c:/texlive/2026/texmf-dist/tex/generic/pgf/pgf.revision.tex)
Package: pgfrcs 2025-08-29 v3.1.11a (3.1.11a)
))
Package: pgf 2025-08-29 v3.1.11a (3.1.11a)
 (c:/texlive/2026/texmf-dist/tex/latex/pgf/basiclayer/pgfcore.sty (c:/texlive/2026/texmf-dist/tex/latex/pgf/systemlayer/pgfsys.sty (c:/texlive/2026/texmf-dist/tex/generic/pgf/systemlayer/pgfsys.code.tex
Package: pgfsys 2025-08-29 v3.1.11a (3.1.11a)
 (c:/texlive/2026/texmf-dist/tex/generic/pgf/utilities/pgfkeys.code.tex
\pgfkeys@pathtoks=\toks33
\pgfkeys@temptoks=\toks34
 (c:/texlive/2026/texmf-dist/tex/generic/pgf/utilities/pgfkeyslibraryfiltered.code.tex
\pgfkeys@tmptoks=\toks35
))
\pgf@x=\dimen162
\pgf@y=\dimen163
\pgf@xa=\dimen164
\pgf@ya=\dimen165
\pgf@xb=\dimen166
\pgf@yb=\dimen167
\pgf@xc=\dimen168
\pgf@yc=\dimen169
\pgf@xd=\dimen170
\pgf@yd=\dimen171
\w@pgf@writea=\write3
\r@pgf@reada=\read2
\c@pgf@counta=\count296
\c@pgf@countb=\count297
\c@pgf@countc=\count298
\c@pgf@countd=\count299
\t@pgf@toka=\toks36
\t@pgf@tokb=\toks37
\t@pgf@tokc=\toks38
\pgf@sys@id@count=\count300
 (c:/texlive/2026/texmf-dist/tex/generic/pgf/systemlayer/pgf.cfg
File: pgf.cfg 2025-08-29 v3.1.11a (3.1.11a)
)
Driver file for pgf: pgfsys-pdftex.def
 (c:/texlive/2026/texmf-dist/tex/generic/pgf/systemlayer/pgfsys-pdftex.def
File: pgfsys-pdftex.def 2025-08-29 v3.1.11a (3.1.11a)
 (c:/texlive/2026/texmf-dist/tex/generic/pgf/systemlayer/pgfsys-common-pdf.def
File: pgfsys-common-pdf.def 2025-08-29 v3.1.11a (3.1.11a)
))) (c:/texlive/2026/texmf-dist/tex/generic/pgf/systemlayer/pgfsyssoftpath.code.tex
File: pgfsyssoftpath.code.tex 2025-08-29 v3.1.11a (3.1.11a)
\pgfsyssoftpath@smallbuffer@items=\count301
\pgfsyssoftpath@bigbuffer@items=\count302
) (c:/texlive/2026/texmf-dist/tex/generic/pgf/systemlayer/pgfsysprotocol.code.tex
File: pgfsysprotocol.code.tex 2025-08-29 v3.1.11a (3.1.11a)
)) (c:/texlive/2026/texmf-dist/tex/latex/xcolor/xcolor.sty
Package: xcolor 2024/09/29 v3.02 LaTeX color extensions (UK)
 (c:/texlive/2026/texmf-dist/tex/latex/graphics-cfg/color.cfg
File: color.cfg 2016/01/02 v1.6 sample color configuration
)
Package xcolor Info: Driver file: pdftex.def on input line 274.
 (c:/texlive/2026/texmf-dist/tex/latex/graphics/mathcolor.ltx)
Package xcolor Info: Model `cmy' substituted by `cmy0' on input line 1349.
Package xcolor Info: Model `hsb' substituted by `rgb' on input line 1353.
Package xcolor Info: Model `RGB' extended on input line 1365.
Package xcolor Info: Model `HTML' substituted by `rgb' on input line 1367.
Package xcolor Info: Model `Hsb' substituted by `hsb' on input line 1368.
Package xcolor Info: Model `tHsb' substituted by `hsb' on input line 1369.
Package xcolor Info: Model `HSB' substituted by `hsb' on input line 1370.
Package xcolor Info: Model `Gray' substituted by `gray' on input line 1371.
Package xcolor Info: Model `wave' substituted by `hsb' on input line 1372.
) (c:/texlive/2026/texmf-dist/tex/generic/pgf/basiclayer/pgfcore.code.tex
Package: pgfcore 2025-08-29 v3.1.11a (3.1.11a)
 (c:/texlive/2026/texmf-dist/tex/generic/pgf/math/pgfmath.code.tex (c:/texlive/2026/texmf-dist/tex/generic/pgf/math/pgfmathutil.code.tex) (c:/texlive/2026/texmf-dist/tex/generic/pgf/math/pgfmathparser.code.tex
\pgfmath@dimen=\dimen172
\pgfmath@count=\count303
\pgfmath@box=\box58
\pgfmath@toks=\toks39
\pgfmath@stack@operand=\toks40
\pgfmath@stack@operation=\toks41
) (c:/texlive/2026/texmf-dist/tex/generic/pgf/math/pgfmathfunctions.code.tex) (c:/texlive/2026/texmf-dist/tex/generic/pgf/math/pgfmathfunctions.basic.code.tex) (c:/texlive/2026/texmf-dist/tex/generic/pgf/math/pgfmathfunctions.trigonometric.code.tex) (c:/texlive/2026/texmf-dist/tex/generic/pgf/math/pgfmathfunctions.random.code.tex) (c:/texlive/2026/texmf-dist/tex/generic/pgf/math/pgfmathfunctions.comparison.code.tex) (c:/texlive/2026/texmf-dist/tex/generic/pgf/math/pgfmathfunctions.base.code.tex) (c:/texlive/2026/texmf-dist/tex/generic/pgf/math/pgfmathfunctions.round.code.tex) (c:/texlive/2026/texmf-dist/tex/generic/pgf/math/pgfmathfunctions.misc.code.tex) (c:/texlive/2026/texmf-dist/tex/generic/pgf/math/pgfmathfunctions.integerarithmetics.code.tex) (c:/texlive/2026/texmf-dist/tex/generic/pgf/math/pgfmathcalc.code.tex) (c:/texlive/2026/texmf-dist/tex/generic/pgf/math/pgfmathfloat.code.tex
\c@pgfmathroundto@lastzeros=\count304
)) (c:/texlive/2026/texmf-dist/tex/generic/pgf/math/pgfint.code.tex) (c:/texlive/2026/texmf-dist/tex/generic/pgf/basiclayer/pgfcorepoints.code.tex
File: pgfcorepoints.code.tex 2025-08-29 v3.1.11a (3.1.11a)
\pgf@picminx=\dimen173
\pgf@picmaxx=\dimen174
\pgf@picminy=\dimen175
\pgf@picmaxy=\dimen176
\pgf@pathminx=\dimen177
\pgf@pathmaxx=\dimen178
\pgf@pathminy=\dimen179
\pgf@pathmaxy=\dimen180
\pgf@xx=\dimen181
\pgf@xy=\dimen182
\pgf@yx=\dimen183
\pgf@yy=\dimen184
\pgf@zx=\dimen185
\pgf@zy=\dimen186
) (c:/texlive/2026/texmf-dist/tex/generic/pgf/basiclayer/pgfcorepathconstruct.code.tex
File: pgfcorepathconstruct.code.tex 2025-08-29 v3.1.11a (3.1.11a)
\pgf@path@lastx=\dimen187
\pgf@path@lasty=\dimen188
) (c:/texlive/2026/texmf-dist/tex/generic/pgf/basiclayer/pgfcorepathusage.code.tex
File: pgfcorepathusage.code.tex 2025-08-29 v3.1.11a (3.1.11a)
\pgf@shorten@end@additional=\dimen189
\pgf@shorten@start@additional=\dimen190
) (c:/texlive/2026/texmf-dist/tex/generic/pgf/basiclayer/pgfcorescopes.code.tex
File: pgfcorescopes.code.tex 2025-08-29 v3.1.11a (3.1.11a)
\pgfpic=\box59
\pgf@hbox=\box60
\pgf@layerbox@main=\box61
\pgf@picture@serial@count=\count305
) (c:/texlive/2026/texmf-dist/tex/generic/pgf/basiclayer/pgfcoregraphicstate.code.tex
File: pgfcoregraphicstate.code.tex 2025-08-29 v3.1.11a (3.1.11a)
\pgflinewidth=\dimen191
) (c:/texlive/2026/texmf-dist/tex/generic/pgf/basiclayer/pgfcoretransformations.code.tex
File: pgfcoretransformations.code.tex 2025-08-29 v3.1.11a (3.1.11a)
\pgf@pt@x=\dimen192
\pgf@pt@y=\dimen193
\pgf@pt@temp=\dimen194
) (c:/texlive/2026/texmf-dist/tex/generic/pgf/basiclayer/pgfcorequick.code.tex
File: pgfcorequick.code.tex 2025-08-29 v3.1.11a (3.1.11a)
) (c:/texlive/2026/texmf-dist/tex/generic/pgf/basiclayer/pgfcoreobjects.code.tex
File: pgfcoreobjects.code.tex 2025-08-29 v3.1.11a (3.1.11a)
) (c:/texlive/2026/texmf-dist/tex/generic/pgf/basiclayer/pgfcorepathprocessing.code.tex
File: pgfcorepathprocessing.code.tex 2025-08-29 v3.1.11a (3.1.11a)
) (c:/texlive/2026/texmf-dist/tex/generic/pgf/basiclayer/pgfcorearrows.code.tex
File: pgfcorearrows.code.tex 2025-08-29 v3.1.11a (3.1.11a)
\pgfarrowsep=\dimen195
) (c:/texlive/2026/texmf-dist/tex/generic/pgf/basiclayer/pgfcoreshade.code.tex
File: pgfcoreshade.code.tex 2025-08-29 v3.1.11a (3.1.11a)
\pgf@max=\dimen196
\pgf@sys@shading@range@num=\count306
\pgf@shadingcount=\count307
) (c:/texlive/2026/texmf-dist/tex/generic/pgf/basiclayer/pgfcoreimage.code.tex
File: pgfcoreimage.code.tex 2025-08-29 v3.1.11a (3.1.11a)
) (c:/texlive/2026/texmf-dist/tex/generic/pgf/basiclayer/pgfcoreexternal.code.tex
File: pgfcoreexternal.code.tex 2025-08-29 v3.1.11a (3.1.11a)
\pgfexternal@startupbox=\box62
) (c:/texlive/2026/texmf-dist/tex/generic/pgf/basiclayer/pgfcorelayers.code.tex
File: pgfcorelayers.code.tex 2025-08-29 v3.1.11a (3.1.11a)
) (c:/texlive/2026/texmf-dist/tex/generic/pgf/basiclayer/pgfcoretransparency.code.tex
File: pgfcoretransparency.code.tex 2025-08-29 v3.1.11a (3.1.11a)
) (c:/texlive/2026/texmf-dist/tex/generic/pgf/basiclayer/pgfcorepatterns.code.tex
File: pgfcorepatterns.code.tex 2025-08-29 v3.1.11a (3.1.11a)
) (c:/texlive/2026/texmf-dist/tex/generic/pgf/basiclayer/pgfcorerdf.code.tex
File: pgfcorerdf.code.tex 2025-08-29 v3.1.11a (3.1.11a)
))) (c:/texlive/2026/texmf-dist/tex/generic/pgf/modules/pgfmoduleshapes.code.tex
File: pgfmoduleshapes.code.tex 2025-08-29 v3.1.11a (3.1.11a)
\pgfnodeparttextbox=\box63
) (c:/texlive/2026/texmf-dist/tex/generic/pgf/modules/pgfmoduleplot.code.tex
File: pgfmoduleplot.code.tex 2025-08-29 v3.1.11a (3.1.11a)
) (c:/texlive/2026/texmf-dist/tex/latex/pgf/compatibility/pgfcomp-version-0-65.sty
Package: pgfcomp-version-0-65 2025-08-29 v3.1.11a (3.1.11a)
\pgf@nodesepstart=\dimen197
\pgf@nodesepend=\dimen198
) (c:/texlive/2026/texmf-dist/tex/latex/pgf/compatibility/pgfcomp-version-1-18.sty
Package: pgfcomp-version-1-18 2025-08-29 v3.1.11a (3.1.11a)
)) (c:/texlive/2026/texmf-dist/tex/latex/pgf/utilities/pgffor.sty (c:/texlive/2026/texmf-dist/tex/latex/pgf/utilities/pgfkeys.sty (c:/texlive/2026/texmf-dist/tex/generic/pgf/utilities/pgfkeys.code.tex)) (c:/texlive/2026/texmf-dist/tex/latex/pgf/math/pgfmath.sty (c:/texlive/2026/texmf-dist/tex/generic/pgf/math/pgfmath.code.tex)) (c:/texlive/2026/texmf-dist/tex/generic/pgf/utilities/pgffor.code.tex
Package: pgffor 2025-08-29 v3.1.11a (3.1.11a)
\pgffor@iter=\dimen199
\pgffor@skip=\dimen256
\pgffor@stack=\toks42
\pgffor@toks=\toks43
)) (c:/texlive/2026/texmf-dist/tex/generic/pgf/frontendlayer/tikz/tikz.code.tex
Package: tikz 2025-08-29 v3.1.11a (3.1.11a)
 (c:/texlive/2026/texmf-dist/tex/generic/pgf/libraries/pgflibraryplothandlers.code.tex
File: pgflibraryplothandlers.code.tex 2025-08-29 v3.1.11a (3.1.11a)
\pgf@plot@mark@count=\count308
\pgfplotmarksize=\dimen257
)
\tikz@lastx=\dimen258
\tikz@lasty=\dimen259
\tikz@lastxsaved=\dimen260
\tikz@lastysaved=\dimen261
\tikz@lastmovetox=\dimen262
\tikz@lastmovetoy=\dimen263
\tikzleveldistance=\dimen264
\tikzsiblingdistance=\dimen265
\tikz@figbox=\box64
\tikz@figbox@bg=\box65
\tikz@tempbox=\box66
\tikz@tempbox@bg=\box67
\tikztreelevel=\count309
\tikznumberofchildren=\count310
\tikznumberofcurrentchild=\count311
\tikz@fig@count=\count312
 (c:/texlive/2026/texmf-dist/tex/generic/pgf/modules/pgfmodulematrix.code.tex
File: pgfmodulematrix.code.tex 2025-08-29 v3.1.11a (3.1.11a)
\pgfmatrixcurrentrow=\count313
\pgfmatrixcurrentcolumn=\count314
\pgf@matrix@numberofcolumns=\count315
)
\tikz@expandcount=\count316
 (c:/texlive/2026/texmf-dist/tex/generic/pgf/frontendlayer/tikz/libraries/tikzlibrarytopaths.code.tex
File: tikzlibrarytopaths.code.tex 2025-08-29 v3.1.11a (3.1.11a)
))) (c:/texlive/2026/texmf-dist/tex/generic/tikz-cd/tikzlibrarycd.code.tex (c:/texlive/2026/texmf-dist/tex/generic/pgf/frontendlayer/tikz/libraries/tikzlibrarymatrix.code.tex
File: tikzlibrarymatrix.code.tex 2025-08-29 v3.1.11a (3.1.11a)
) (c:/texlive/2026/texmf-dist/tex/generic/pgf/frontendlayer/tikz/libraries/tikzlibraryquotes.code.tex
File: tikzlibraryquotes.code.tex 2025-08-29 v3.1.11a (3.1.11a)
) (c:/texlive/2026/texmf-dist/tex/generic/pgf/libraries/pgflibraryarrows.meta.code.tex
File: pgflibraryarrows.meta.code.tex 2025-08-29 v3.1.11a (3.1.11a)
\pgfarrowinset=\dimen266
\pgfarrowlength=\dimen267
\pgfarrowwidth=\dimen268
\pgfarrowlinewidth=\dimen269
))) (c:/texlive/2026/texmf-dist/tex/latex/l3backend/l3backend-pdftex.def
File: l3backend-pdftex.def 2025-10-09 L3 backend support: PDF output (pdfTeX)
\l__color_backend_stack_int=\count317
) (./TG-GD.aux)
\openout1 = `TG-GD.aux'.

LaTeX Font Info:    Checking defaults for OML/cmm/m/it on input line 10.
LaTeX Font Info:    ... okay on input line 10.
LaTeX Font Info:    Checking defaults for OMS/cmsy/m/n on input line 10.
LaTeX Font Info:    ... okay on input line 10.
LaTeX Font Info:    Checking defaults for OT1/cmr/m/n on input line 10.
LaTeX Font Info:    ... okay on input line 10.
LaTeX Font Info:    Checking defaults for T1/cmr/m/n on input line 10.
LaTeX Font Info:    ... okay on input line 10.
LaTeX Font Info:    Checking defaults for TS1/cmr/m/n on input line 10.
LaTeX Font Info:    ... okay on input line 10.
LaTeX Font Info:    Checking defaults for OMX/cmex/m/n on input line 10.
LaTeX Font Info:    ... okay on input line 10.
LaTeX Font Info:    Checking defaults for U/cmr/m/n on input line 10.
LaTeX Font Info:    ... okay on input line 10.
 (c:/texlive/2026/texmf-dist/tex/context/base/mkii/supp-pdf.mkii
[Loading MPS to PDF converter (version 2006.09.02).]
\scratchcounter=\count318
\scratchdimen=\dimen270
\scratchbox=\box68
\nofMPsegments=\count319
\nofMParguments=\count320
\everyMPshowfont=\toks44
\MPscratchCnt=\count321
\MPscratchDim=\dimen271
\MPnumerator=\count322
\makeMPintoPDFobject=\count323
\everyMPtoPDFconversion=\toks45
) (c:/texlive/2026/texmf-dist/tex/latex/epstopdf-pkg/epstopdf-base.sty
Package: epstopdf-base 2020-01-24 v2.11 Base part for package epstopdf
Package epstopdf-base Info: Redefining graphics rule for `.eps' on input line 485.
 (c:/texlive/2026/texmf-dist/tex/latex/latexconfig/epstopdf-sys.cfg
File: epstopdf-sys.cfg 2010/07/13 v1.3 Configuration of (r)epstopdf for TeX Live
))
LaTeX Font Info:    Trying to load font information for U+msa on input line 12.
 (c:/texlive/2026/texmf-dist/tex/latex/amsfonts/umsa.fd
File: umsa.fd 2013/01/14 v3.01 AMS symbols A
)
LaTeX Font Info:    Trying to load font information for U+msb on input line 12.
 (c:/texlive/2026/texmf-dist/tex/latex/amsfonts/umsb.fd
File: umsb.fd 2013/01/14 v3.01 AMS symbols B
) (./TG-GD.toc)
\tf@toc=\write4
\openout4 = `TG-GD.toc'.

 [1

{c:/texlive/2026/texmf-var/fonts/map/pdftex/updmap/pdftex.map}]
Underfull \hbox (badness 10000) in paragraph at lines 20--21

 []


Underfull \hbox (badness 10000) in paragraph at lines 22--25

 []


Underfull \hbox (badness 10000) in paragraph at lines 22--25

 []


Underfull \hbox (badness 10000) in paragraph at lines 22--25

 []


Underfull \hbox (badness 10000) in paragraph at lines 26--40

 []


Underfull \hbox (badness 10000) in paragraph at lines 26--40

 []


Underfull \hbox (badness 10000) in paragraph at lines 26--40

 []


Underfull \hbox (badness 10000) in paragraph at lines 26--40

 []


Underfull \hbox (badness 10000) in paragraph at lines 26--40

 []


Underfull \hbox (badness 10000) in paragraph at lines 26--40

 []

[2]
Underfull \hbox (badness 10000) in paragraph at lines 42--45

 []


Underfull \hbox (badness 10000) in paragraph at lines 47--50

 []


Underfull \hbox (badness 10000) in paragraph at lines 52--61

 []


Underfull \hbox (badness 10000) in paragraph at lines 52--61

 []


Overfull \hbox (12.28398pt too wide) in paragraph at lines 52--61
\OT1/cmr/bx/n/10 Esempi: \OT1/cmr/m/n/10 - sia $\OML/cmm/m/it/10 X \OT1/cmr/m/n/10 = \OT1/cmr/bx/n/10 R$\OT1/cmr/m/n/10 , al-lora $[][] [] = \OMS/cmsy/m/n/10 ;$\OT1/cmr/m/n/10 , ovvero in gen-erale un'intersezione
 []


Underfull \hbox (badness 10000) in paragraph at lines 52--61

 []


Underfull \hbox (badness 10000) in paragraph at lines 52--61

 []


Underfull \hbox (badness 10000) in paragraph at lines 52--61

 []


Underfull \hbox (badness 10000) in paragraph at lines 52--61

 []


Underfull \hbox (badness 10000) in paragraph at lines 52--61

 []


Underfull \hbox (badness 10000) in paragraph at lines 52--61

 []


Underfull \hbox (badness 10000) in paragraph at lines 52--61

 []


Underfull \hbox (badness 10000) in paragraph at lines 52--61

 []

[3]
Underfull \hbox (badness 10000) in paragraph at lines 62--67

 []


Underfull \hbox (badness 10000) in paragraph at lines 62--67

 []


Underfull \hbox (badness 10000) in paragraph at lines 62--67

 []


Underfull \hbox (badness 10000) in paragraph at lines 62--67

 []


Underfull \hbox (badness 10000) in paragraph at lines 69--75

 []


Underfull \hbox (badness 10000) in paragraph at lines 69--75

 []


Underfull \hbox (badness 10000) in paragraph at lines 69--75

 []


Underfull \hbox (badness 10000) in paragraph at lines 69--75

 []


Underfull \hbox (badness 10000) in paragraph at lines 76--78

 []

[4]
Underfull \hbox (badness 10000) in paragraph at lines 93--96

 []


Underfull \hbox (badness 10000) in paragraph at lines 93--96

 []


Underfull \hbox (badness 10000) in paragraph at lines 112--117

 []


Underfull \hbox (badness 10000) in paragraph at lines 112--117

 []


Underfull \hbox (badness 10000) in paragraph at lines 112--117

 []


Underfull \hbox (badness 10000) in paragraph at lines 112--117

 []


Underfull \hbox (badness 10000) in paragraph at lines 112--117

 []

[5]
Underfull \hbox (badness 10000) in paragraph at lines 118--130

 []


Underfull \hbox (badness 10000) in paragraph at lines 118--130

 []


Underfull \hbox (badness 10000) in paragraph at lines 118--130

 []


Underfull \hbox (badness 10000) in paragraph at lines 118--130

 []


Underfull \hbox (badness 10000) in paragraph at lines 118--130

 []


Underfull \hbox (badness 10000) in paragraph at lines 118--130

 []


Underfull \hbox (badness 10000) in paragraph at lines 118--130

 []


Underfull \hbox (badness 10000) in paragraph at lines 118--130

 []


Underfull \hbox (badness 10000) in paragraph at lines 118--130

 []


Underfull \hbox (badness 10000) in paragraph at lines 118--130

 []


Underfull \hbox (badness 10000) in paragraph at lines 118--130

 []


Underfull \hbox (badness 10000) in paragraph at lines 118--130

 []


Underfull \hbox (badness 10000) in paragraph at lines 118--130

 []

[6]
Underfull \hbox (badness 10000) in paragraph at lines 132--135

 []


Underfull \hbox (badness 10000) in paragraph at lines 137--141

 []


Underfull \hbox (badness 10000) in paragraph at lines 137--141

 []


Underfull \hbox (badness 10000) in paragraph at lines 137--141

 []


Underfull \hbox (badness 10000) in paragraph at lines 137--141

 []


Underfull \hbox (badness 10000) in paragraph at lines 143--146

 []


Underfull \hbox (badness 10000) in paragraph at lines 143--146

 []


Underfull \hbox (badness 10000) in paragraph at lines 143--146

 []


Underfull \hbox (badness 10000) in paragraph at lines 147--150

 []


Underfull \hbox (badness 10000) in paragraph at lines 147--150

 []


Underfull \hbox (badness 10000) in paragraph at lines 147--150

 []

[7]
Underfull \hbox (badness 10000) in paragraph at lines 152--155

 []


Underfull \hbox (badness 10000) in paragraph at lines 157--162

 []


Underfull \hbox (badness 10000) in paragraph at lines 157--162

 []


Underfull \hbox (badness 10000) in paragraph at lines 157--162

 []


Underfull \hbox (badness 10000) in paragraph at lines 168--173

 []


Underfull \hbox (badness 10000) in paragraph at lines 168--173

 []


Underfull \hbox (badness 10000) in paragraph at lines 168--173

 []


Underfull \hbox (badness 10000) in paragraph at lines 168--173

 []


Underfull \hbox (badness 10000) in paragraph at lines 175--177

 []

[8]
Underfull \hbox (badness 10000) in paragraph at lines 178--183

 []


Underfull \hbox (badness 10000) in paragraph at lines 178--183

 []


Underfull \hbox (badness 10000) in paragraph at lines 178--183

 []


Underfull \hbox (badness 10000) in paragraph at lines 178--183

 []


Underfull \hbox (badness 10000) in paragraph at lines 178--183

 []


Underfull \hbox (badness 10000) in paragraph at lines 178--183

 []


Underfull \hbox (badness 10000) in paragraph at lines 178--183

 []


Underfull \hbox (badness 10000) in paragraph at lines 184--185

 []


Underfull \hbox (badness 10000) in paragraph at lines 194--197

 []


Underfull \hbox (badness 10000) in paragraph at lines 194--197

 []


Underfull \hbox (badness 10000) in paragraph at lines 194--197

 []

[9]
Underfull \hbox (badness 10000) in paragraph at lines 204--207

 []


Underfull \hbox (badness 10000) in paragraph at lines 204--207

 []


Underfull \hbox (badness 10000) in paragraph at lines 204--207

 []


Underfull \hbox (badness 10000) in paragraph at lines 208--210

 []


Underfull \hbox (badness 10000) in paragraph at lines 208--210

 []


Underfull \hbox (badness 10000) in paragraph at lines 208--210

 []


Underfull \hbox (badness 10000) in paragraph at lines 211--214

 []


Underfull \hbox (badness 10000) in paragraph at lines 211--214

 []


Underfull \hbox (badness 10000) in paragraph at lines 211--214

 []


Underfull \hbox (badness 10000) in paragraph at lines 211--214

 []


Underfull \hbox (badness 10000) in paragraph at lines 218--220

 []


Underfull \hbox (badness 10000) in paragraph at lines 221--223

 []


Underfull \hbox (badness 10000) in paragraph at lines 221--223

 []


Underfull \hbox (badness 10000) in paragraph at lines 221--223

 []

[10]
Underfull \hbox (badness 10000) in paragraph at lines 227--236

 []


Underfull \hbox (badness 10000) in paragraph at lines 227--236

 []


Underfull \hbox (badness 10000) in paragraph at lines 227--236

 []


Underfull \hbox (badness 10000) in paragraph at lines 237--242

 []


Underfull \hbox (badness 10000) in paragraph at lines 237--242

 []


Underfull \hbox (badness 10000) in paragraph at lines 237--242

 []


Underfull \hbox (badness 10000) in paragraph at lines 237--242

 []

[11]
Underfull \hbox (badness 10000) in paragraph at lines 245--248

 []


Underfull \hbox (badness 10000) in paragraph at lines 251--254

 []


Underfull \hbox (badness 10000) in paragraph at lines 251--254

 []


Underfull \hbox (badness 10000) in paragraph at lines 251--254

 []


Underfull \hbox (badness 10000) in paragraph at lines 255--258

 []


Underfull \hbox (badness 10000) in paragraph at lines 255--258

 []


Underfull \hbox (badness 10000) in paragraph at lines 255--258

 []


Underfull \hbox (badness 10000) in paragraph at lines 255--258

 []


Underfull \hbox (badness 10000) in paragraph at lines 259--261

 []

[12]
Underfull \hbox (badness 10000) in paragraph at lines 264--272

 []


Underfull \hbox (badness 10000) in paragraph at lines 264--272

 []


Underfull \hbox (badness 10000) in paragraph at lines 264--272

 []


Underfull \hbox (badness 10000) in paragraph at lines 264--272

 []


Underfull \hbox (badness 10000) in paragraph at lines 274--285

 []


Underfull \hbox (badness 10000) in paragraph at lines 274--285

 []


Underfull \hbox (badness 10000) in paragraph at lines 274--285

 []


Underfull \hbox (badness 10000) in paragraph at lines 274--285

 []


Underfull \hbox (badness 10000) in paragraph at lines 274--285

 []


Underfull \hbox (badness 10000) in paragraph at lines 287--292

 []


Underfull \hbox (badness 10000) in paragraph at lines 287--292

 []


Underfull \hbox (badness 10000) in paragraph at lines 287--292

 []


Underfull \hbox (badness 10000) in paragraph at lines 287--292

 []


Underfull \hbox (badness 10000) in paragraph at lines 287--292

 []


Underfull \hbox (badness 10000) in paragraph at lines 287--292

 []

[13]
Underfull \hbox (badness 10000) in paragraph at lines 296--299

 []


Underfull \hbox (badness 10000) in paragraph at lines 296--299

 []


Underfull \hbox (badness 10000) in paragraph at lines 296--299

 []


Underfull \hbox (badness 10000) in paragraph at lines 300--302

 []


Underfull \hbox (badness 10000) in paragraph at lines 300--302

 []


Underfull \hbox (badness 10000) in paragraph at lines 300--302

 []


Underfull \hbox (badness 10000) in paragraph at lines 303--305

 []


Underfull \hbox (badness 10000) in paragraph at lines 303--305

 []


Underfull \hbox (badness 10000) in paragraph at lines 303--305

 []

[14]
Underfull \hbox (badness 10000) in paragraph at lines 319--322

 []


Underfull \hbox (badness 10000) in paragraph at lines 319--322

 []


Underfull \hbox (badness 10000) in paragraph at lines 319--322

 []


Underfull \hbox (badness 10000) in paragraph at lines 323--327

 []


Underfull \hbox (badness 10000) in paragraph at lines 323--327

 []


Underfull \hbox (badness 10000) in paragraph at lines 323--327

 []


Underfull \hbox (badness 10000) in paragraph at lines 323--327

 []


Underfull \hbox (badness 10000) in paragraph at lines 323--327

 []


Underfull \hbox (badness 10000) in paragraph at lines 323--327

 []


Underfull \hbox (badness 10000) in paragraph at lines 328--331

 []


Underfull \hbox (badness 10000) in paragraph at lines 328--331

 []


Underfull \hbox (badness 10000) in paragraph at lines 328--331

 []


Underfull \hbox (badness 10000) in paragraph at lines 328--331

 []

[15]
Underfull \hbox (badness 10000) in paragraph at lines 332--337

 []


Underfull \hbox (badness 10000) in paragraph at lines 332--337

 []


Underfull \hbox (badness 10000) in paragraph at lines 332--337

 []


Underfull \hbox (badness 10000) in paragraph at lines 332--337

 []


Underfull \hbox (badness 10000) in paragraph at lines 332--337

 []


Underfull \hbox (badness 10000) in paragraph at lines 338--343

 []


Underfull \hbox (badness 10000) in paragraph at lines 338--343

 []


Underfull \hbox (badness 10000) in paragraph at lines 338--343

 []


Underfull \hbox (badness 10000) in paragraph at lines 338--343

 []


Underfull \hbox (badness 10000) in paragraph at lines 338--343

 []


Underfull \hbox (badness 10000) in paragraph at lines 344--346

 []


Underfull \hbox (badness 10000) in paragraph at lines 344--346

 []


Underfull \hbox (badness 10000) in paragraph at lines 344--346

 []

[16]
Underfull \hbox (badness 10000) in paragraph at lines 350--353

 []


Underfull \hbox (badness 10000) in paragraph at lines 350--353

 []


Underfull \hbox (badness 10000) in paragraph at lines 354--356

 []


Overfull \hbox (1.65594pt too wide) detected at line 373
[]
 []


Underfull \hbox (badness 10000) in paragraph at lines 373--377

 []


Underfull \hbox (badness 10000) in paragraph at lines 373--377

 []


Overfull \hbox (4.5977pt too wide) in paragraph at lines 373--377
\OT1/cmr/m/n/10 Le pro-priet^^Ra di sep-a-razione che uno spazio $\OML/cmm/m/it/10 X$ \OT1/cmr/m/n/10 pu^^Ro avere sono col-le-gate all'esistenza
 []

[17]
Underfull \hbox (badness 10000) in paragraph at lines 383--384

 []


Underfull \hbox (badness 10000) in paragraph at lines 385--390

 []


Underfull \hbox (badness 10000) in paragraph at lines 385--390

 []


Underfull \hbox (badness 10000) in paragraph at lines 385--390

 []


Underfull \hbox (badness 10000) in paragraph at lines 385--390

 []


Underfull \hbox (badness 10000) in paragraph at lines 385--390

 []


Underfull \hbox (badness 10000) in paragraph at lines 385--390

 []


Underfull \hbox (badness 10000) in paragraph at lines 394--397

 []


Underfull \hbox (badness 10000) in paragraph at lines 394--397

 []


Underfull \hbox (badness 10000) in paragraph at lines 394--397

 []

[18]
Underfull \hbox (badness 10000) in paragraph at lines 409--411

 []


Underfull \hbox (badness 10000) in paragraph at lines 417--420

 []


Underfull \hbox (badness 10000) in paragraph at lines 417--420

 []


Underfull \hbox (badness 10000) in paragraph at lines 422--424

 []


Underfull \hbox (badness 10000) in paragraph at lines 425--427

 []


Underfull \hbox (badness 10000) in paragraph at lines 425--427

 []


Underfull \hbox (badness 10000) in paragraph at lines 425--427

 []

[19]
Underfull \hbox (badness 10000) in paragraph at lines 428--430

 []


Underfull \hbox (badness 10000) in paragraph at lines 428--430

 []


Underfull \hbox (badness 10000) in paragraph at lines 428--430

 []

[20]
Underfull \hbox (badness 10000) in paragraph at lines 448--454

 []


Underfull \hbox (badness 10000) in paragraph at lines 448--454

 []


Underfull \hbox (badness 10000) in paragraph at lines 448--454

 []


Underfull \hbox (badness 10000) in paragraph at lines 448--454

 []


Underfull \hbox (badness 10000) in paragraph at lines 448--454

 []


Underfull \hbox (badness 10000) in paragraph at lines 448--454

 []


Underfull \hbox (badness 10000) in paragraph at lines 448--454

 []


Underfull \hbox (badness 10000) in paragraph at lines 448--454

 []


Underfull \hbox (badness 10000) in paragraph at lines 462--466

 []


Overfull \hbox (0.44478pt too wide) in paragraph at lines 462--466
\OT1/cmr/m/n/10 Nella di-mostrazione si ^^Re us-ato che $[] = \OMS/cmsy/m/n/10 ;$\OT1/cmr/m/n/10 , ci^^Ro ^^Re di im-me-di-ata di-mostrazione,
 []


Underfull \hbox (badness 10000) in paragraph at lines 462--466

 []


Underfull \hbox (badness 10000) in paragraph at lines 462--466

 []


Underfull \hbox (badness 10000) in paragraph at lines 462--466

 []


Underfull \hbox (badness 10000) in paragraph at lines 467--470

 []


Underfull \hbox (badness 10000) in paragraph at lines 467--470

 []


Underfull \hbox (badness 10000) in paragraph at lines 467--470

 []


Underfull \hbox (badness 10000) in paragraph at lines 467--470

 []


Underfull \hbox (badness 10000) in paragraph at lines 467--470

 []

[21]
Underfull \hbox (badness 10000) in paragraph at lines 471--473

 []


Underfull \hbox (badness 10000) in paragraph at lines 471--473

 []


Underfull \hbox (badness 10000) in paragraph at lines 471--473

 []


Underfull \hbox (badness 10000) in paragraph at lines 474--477

 []


Underfull \hbox (badness 10000) in paragraph at lines 474--477

 []


Underfull \hbox (badness 10000) in paragraph at lines 474--477

 []


Underfull \hbox (badness 10000) in paragraph at lines 474--477

 []


Underfull \hbox (badness 10000) in paragraph at lines 478--480

 []


Underfull \hbox (badness 10000) in paragraph at lines 478--480

 []


Underfull \hbox (badness 10000) in paragraph at lines 478--480

 []

[22]
Underfull \hbox (badness 10000) in paragraph at lines 481--484

 []


Underfull \hbox (badness 10000) in paragraph at lines 481--484

 []


Underfull \hbox (badness 10000) in paragraph at lines 481--484

 []


Underfull \hbox (badness 10000) in paragraph at lines 486--493

 []


Underfull \hbox (badness 10000) in paragraph at lines 486--493

 []


Underfull \hbox (badness 10000) in paragraph at lines 486--493

 []


Underfull \hbox (badness 10000) in paragraph at lines 486--493

 []


Underfull \hbox (badness 10000) in paragraph at lines 486--493

 []


Underfull \hbox (badness 10000) in paragraph at lines 494--496

 []


Underfull \hbox (badness 10000) in paragraph at lines 494--496

 []


Underfull \hbox (badness 10000) in paragraph at lines 494--496

 []


Underfull \hbox (badness 10000) in paragraph at lines 494--496

 []

[23]
Underfull \hbox (badness 10000) in paragraph at lines 509--512

 []

[24]
Underfull \hbox (badness 10000) in paragraph at lines 545--546

 []


Underfull \hbox (badness 10000) in paragraph at lines 547--549

 []


Underfull \hbox (badness 10000) in paragraph at lines 547--549

 []


Underfull \hbox (badness 10000) in paragraph at lines 547--549

 []


Underfull \hbox (badness 10000) in paragraph at lines 550--553

 []


Underfull \hbox (badness 10000) in paragraph at lines 550--553

 []


Underfull \hbox (badness 10000) in paragraph at lines 550--553

 []


Underfull \hbox (badness 10000) in paragraph at lines 550--553

 []

[25] [26]
Underfull \hbox (badness 10000) in paragraph at lines 583--587

 []


Underfull \hbox (badness 10000) in paragraph at lines 583--587

 []


Underfull \hbox (badness 10000) in paragraph at lines 583--587

 []


Underfull \hbox (badness 10000) in paragraph at lines 583--587

 []


Underfull \hbox (badness 10000) in paragraph at lines 583--587

 []


Underfull \hbox (badness 10000) in paragraph at lines 588--591

 []


Underfull \hbox (badness 10000) in paragraph at lines 588--591

 []


Underfull \hbox (badness 10000) in paragraph at lines 588--591

 []


Underfull \hbox (badness 10000) in paragraph at lines 588--591

 []


Underfull \hbox (badness 10000) in paragraph at lines 592--596

 []

[27]
Underfull \hbox (badness 10000) in paragraph at lines 601--604

 []


Underfull \hbox (badness 10000) in paragraph at lines 601--604

 []


Underfull \hbox (badness 10000) in paragraph at lines 601--604

 []


Underfull \hbox (badness 10000) in paragraph at lines 609--612

 []


Underfull \hbox (badness 10000) in paragraph at lines 609--612

 []


Underfull \hbox (badness 10000) in paragraph at lines 609--612

 []

[28]
Underfull \hbox (badness 10000) in paragraph at lines 626--629

 []


Underfull \hbox (badness 10000) in paragraph at lines 626--629

 []


Underfull \hbox (badness 10000) in paragraph at lines 626--629

 []


Underfull \hbox (badness 10000) in paragraph at lines 644--648

 []


Underfull \hbox (badness 10000) in paragraph at lines 644--648

 []


Underfull \hbox (badness 10000) in paragraph at lines 644--648

 []

[29]
Underfull \hbox (badness 10000) in paragraph at lines 660--663

 []


Underfull \hbox (badness 10000) in paragraph at lines 677--680

 []


Underfull \hbox (badness 10000) in paragraph at lines 677--680

 []


Underfull \hbox (badness 10000) in paragraph at lines 677--680

 []


Underfull \hbox (badness 10000) in paragraph at lines 681--683

 []


Underfull \hbox (badness 10000) in paragraph at lines 685--689

 []


Underfull \hbox (badness 10000) in paragraph at lines 685--689

 []


Underfull \hbox (badness 10000) in paragraph at lines 685--689

 []

[30]
Underfull \hbox (badness 10000) in paragraph at lines 690--693

 []


Underfull \hbox (badness 10000) in paragraph at lines 690--693

 []


Underfull \hbox (badness 10000) in paragraph at lines 690--693

 []


Underfull \hbox (badness 10000) in paragraph at lines 690--693

 []


Underfull \hbox (badness 10000) in paragraph at lines 694--696

 []


Underfull \hbox (badness 10000) in paragraph at lines 694--696

 []


Underfull \hbox (badness 10000) in paragraph at lines 694--696

 []

[31]
Underfull \hbox (badness 10000) in paragraph at lines 712--716

 []


Underfull \hbox (badness 10000) in paragraph at lines 712--716

 []


Underfull \hbox (badness 10000) in paragraph at lines 712--716

 []


Underfull \hbox (badness 10000) in paragraph at lines 712--716

 []


Underfull \hbox (badness 10000) in paragraph at lines 717--719

 []


Underfull \hbox (badness 10000) in paragraph at lines 717--719

 []


Underfull \hbox (badness 10000) in paragraph at lines 717--719

 []


Underfull \hbox (badness 10000) in paragraph at lines 720--722

 []


Underfull \hbox (badness 10000) in paragraph at lines 720--722

 []


Underfull \hbox (badness 10000) in paragraph at lines 720--722

 []

[32]
Underfull \hbox (badness 10000) in paragraph at lines 734--737

 []


Underfull \hbox (badness 10000) in paragraph at lines 747--750

 []


Underfull \hbox (badness 10000) in paragraph at lines 747--750

 []


Underfull \hbox (badness 10000) in paragraph at lines 747--750

 []

[33]
Underfull \hbox (badness 10000) in paragraph at lines 778--781

 []


Overfull \hbox (5.09106pt too wide) in paragraph at lines 787--790
\OT1/cmr/m/n/10 pro-priet^^Ra dell'intersezione finita. $\OMS/cmsy/m/n/10 I$ \OT1/cmr/m/n/10 ^^Re \OT1/cmr/m/it/10 parzial-mente or-di-nata \OT1/cmr/m/n/10 rispetto all'inclusione,
 []

[34]
Underfull \hbox (badness 10000) in paragraph at lines 802--804

 []


Underfull \hbox (badness 10000) in paragraph at lines 807--809

 []


Underfull \hbox (badness 10000) in paragraph at lines 831--834

 []


Underfull \hbox (badness 10000) in paragraph at lines 831--834

 []


Underfull \hbox (badness 10000) in paragraph at lines 831--834

 []


Underfull \hbox (badness 10000) in paragraph at lines 835--837

 []

[35]
Underfull \hbox (badness 10000) in paragraph at lines 838--840

 []


Underfull \hbox (badness 10000) in paragraph at lines 842--846

 []


Underfull \hbox (badness 10000) in paragraph at lines 848--851

 []


Underfull \hbox (badness 10000) in paragraph at lines 861--864

 []

[36]
Underfull \hbox (badness 10000) in paragraph at lines 889--890

 []


Underfull \hbox (badness 10000) in paragraph at lines 891--893

 []


Underfull \hbox (badness 10000) in paragraph at lines 891--893

 []


Underfull \hbox (badness 10000) in paragraph at lines 891--893

 []

[37]
Underfull \hbox (badness 10000) in paragraph at lines 901--904

 []


Underfull \hbox (badness 10000) in paragraph at lines 901--904

 []


Underfull \hbox (badness 10000) in paragraph at lines 906--908

 []


Underfull \hbox (badness 10000) in paragraph at lines 924--928

 []


Underfull \hbox (badness 10000) in paragraph at lines 924--928

 []

[38]
Underfull \hbox (badness 10000) in paragraph at lines 938--942

 []


Underfull \hbox (badness 10000) in paragraph at lines 938--942

 []


Underfull \hbox (badness 10000) in paragraph at lines 938--942

 []


Underfull \hbox (badness 10000) in paragraph at lines 938--942

 []


Underfull \hbox (badness 10000) in paragraph at lines 954--958

 []


Underfull \hbox (badness 10000) in paragraph at lines 954--958

 []


Underfull \hbox (badness 10000) in paragraph at lines 954--958

 []


Underfull \hbox (badness 10000) in paragraph at lines 954--958

 []

[39]
Underfull \hbox (badness 10000) in paragraph at lines 967--972

 []


Underfull \hbox (badness 10000) in paragraph at lines 967--972

 []


Underfull \hbox (badness 10000) in paragraph at lines 978--979

 []


Underfull \hbox (badness 10000) in paragraph at lines 991--995

 []


Underfull \hbox (badness 10000) in paragraph at lines 991--995

 []


Underfull \hbox (badness 10000) in paragraph at lines 991--995

 []


Underfull \hbox (badness 10000) in paragraph at lines 991--995

 []


Underfull \hbox (badness 10000) in paragraph at lines 991--995

 []

[40]
Underfull \hbox (badness 10000) in paragraph at lines 996--999

 []


Underfull \hbox (badness 10000) in paragraph at lines 996--999

 []


Underfull \hbox (badness 10000) in paragraph at lines 996--999

 []


Underfull \hbox (badness 10000) in paragraph at lines 996--999

 []

[41]
Underfull \hbox (badness 10000) in paragraph at lines 1015--1018

 []


Underfull \hbox (badness 10000) in paragraph at lines 1024--1031

 []


Underfull \hbox (badness 10000) in paragraph at lines 1024--1031

 []


Underfull \hbox (badness 10000) in paragraph at lines 1024--1031

 []


Underfull \hbox (badness 10000) in paragraph at lines 1024--1031

 []


Underfull \hbox (badness 10000) in paragraph at lines 1024--1031

 []


Underfull \hbox (badness 10000) in paragraph at lines 1024--1031

 []


Underfull \hbox (badness 10000) in paragraph at lines 1024--1031

 []


Underfull \hbox (badness 10000) in paragraph at lines 1024--1031

 []


Underfull \hbox (badness 10000) in paragraph at lines 1024--1031

 []


Underfull \hbox (badness 10000) in paragraph at lines 1024--1031

 []

[42]
Underfull \hbox (badness 10000) in paragraph at lines 1047--1054

 []


Underfull \hbox (badness 10000) in paragraph at lines 1047--1054

 []


Underfull \hbox (badness 10000) in paragraph at lines 1047--1054

 []


Underfull \hbox (badness 10000) in paragraph at lines 1047--1054

 []


Underfull \hbox (badness 10000) in paragraph at lines 1047--1054

 []


Underfull \hbox (badness 10000) in paragraph at lines 1047--1054

 []


Underfull \hbox (badness 10000) in paragraph at lines 1047--1054

 []


Underfull \hbox (badness 10000) in paragraph at lines 1047--1054

 []


Underfull \hbox (badness 10000) in paragraph at lines 1047--1054

 []


Underfull \hbox (badness 10000) in paragraph at lines 1047--1054

 []


Underfull \hbox (badness 10000) in paragraph at lines 1047--1054

 []

[43]
Underfull \hbox (badness 10000) in paragraph at lines 1078--1084

 []


Underfull \hbox (badness 10000) in paragraph at lines 1078--1084

 []


Underfull \hbox (badness 10000) in paragraph at lines 1078--1084

 []


Underfull \hbox (badness 10000) in paragraph at lines 1085--1088

 []


Underfull \hbox (badness 10000) in paragraph at lines 1085--1088

 []

[44]
Underfull \hbox (badness 10000) in paragraph at lines 1094--1105

 []


Underfull \hbox (badness 10000) in paragraph at lines 1094--1105

 []


Underfull \hbox (badness 10000) in paragraph at lines 1094--1105

 []


Underfull \hbox (badness 10000) in paragraph at lines 1094--1105

 []


Underfull \hbox (badness 10000) in paragraph at lines 1094--1105

 []


Underfull \hbox (badness 10000) in paragraph at lines 1094--1105

 []


Underfull \hbox (badness 10000) in paragraph at lines 1094--1105

 []


Underfull \hbox (badness 10000) in paragraph at lines 1094--1105

 []


Underfull \hbox (badness 10000) in paragraph at lines 1094--1105

 []


Underfull \hbox (badness 10000) in paragraph at lines 1094--1105

 []


Underfull \hbox (badness 10000) in paragraph at lines 1094--1105

 []


Underfull \hbox (badness 10000) in paragraph at lines 1094--1105

 []


Underfull \hbox (badness 10000) in paragraph at lines 1094--1105

 []


Underfull \hbox (badness 10000) in paragraph at lines 1094--1105

 []


Underfull \hbox (badness 10000) in paragraph at lines 1094--1105

 []


Underfull \hbox (badness 10000) in paragraph at lines 1094--1105

 []


Underfull \hbox (badness 10000) in paragraph at lines 1094--1105

 []

[45]
Underfull \hbox (badness 10000) in paragraph at lines 1109--1112

 []

[46]
Underfull \hbox (badness 10000) in paragraph at lines 1114--1117

 []


Underfull \hbox (badness 10000) in paragraph at lines 1114--1117

 []


Underfull \hbox (badness 10000) in paragraph at lines 1119--1120

 []


Underfull \hbox (badness 10000) in paragraph at lines 1121--1126

 []


Underfull \hbox (badness 10000) in paragraph at lines 1121--1126

 []


Underfull \hbox (badness 10000) in paragraph at lines 1121--1126

 []


Underfull \hbox (badness 10000) in paragraph at lines 1121--1126

 []


Underfull \hbox (badness 10000) in paragraph at lines 1121--1126

 []

[47]
Underfull \hbox (badness 10000) in paragraph at lines 1138--1150

 []


Underfull \hbox (badness 10000) in paragraph at lines 1138--1150

 []


Underfull \hbox (badness 10000) in paragraph at lines 1138--1150

 []


Underfull \hbox (badness 10000) in paragraph at lines 1138--1150

 []


Underfull \hbox (badness 10000) in paragraph at lines 1138--1150

 []


Underfull \hbox (badness 10000) in paragraph at lines 1138--1150

 []


Underfull \hbox (badness 10000) in paragraph at lines 1138--1150

 []


Underfull \hbox (badness 10000) in paragraph at lines 1138--1150

 []


Underfull \hbox (badness 10000) in paragraph at lines 1138--1150

 []


Underfull \hbox (badness 10000) in paragraph at lines 1151--1154

 []


Underfull \hbox (badness 10000) in paragraph at lines 1151--1154

 []


Underfull \hbox (badness 10000) in paragraph at lines 1151--1154

 []


Underfull \hbox (badness 10000) in paragraph at lines 1151--1154

 []


Underfull \hbox (badness 10000) in paragraph at lines 1156--1160

 []


Underfull \hbox (badness 10000) in paragraph at lines 1156--1160

 []

[48]
Underfull \hbox (badness 10000) in paragraph at lines 1162--1166

 []


Underfull \hbox (badness 10000) in paragraph at lines 1162--1166

 []


Underfull \hbox (badness 10000) in paragraph at lines 1162--1166

 []


Underfull \hbox (badness 10000) in paragraph at lines 1162--1166

 []


Underfull \hbox (badness 10000) in paragraph at lines 1162--1166

 []


Underfull \hbox (badness 10000) in paragraph at lines 1182--1189

 []


Underfull \hbox (badness 10000) in paragraph at lines 1182--1189

 []


Underfull \hbox (badness 10000) in paragraph at lines 1182--1189

 []


Underfull \hbox (badness 10000) in paragraph at lines 1182--1189

 []


Underfull \hbox (badness 10000) in paragraph at lines 1182--1189

 []


Underfull \hbox (badness 10000) in paragraph at lines 1182--1189

 []


Underfull \hbox (badness 10000) in paragraph at lines 1182--1189

 []


Underfull \hbox (badness 10000) in paragraph at lines 1182--1189

 []


Underfull \hbox (badness 10000) in paragraph at lines 1182--1189

 []

[49] [50]
Underfull \hbox (badness 10000) in paragraph at lines 1206--1209

 []


Underfull \hbox (badness 10000) in paragraph at lines 1206--1209

 []


Underfull \hbox (badness 10000) in paragraph at lines 1211--1214

 []


Underfull \hbox (badness 10000) in paragraph at lines 1211--1214

 []


Underfull \hbox (badness 10000) in paragraph at lines 1220--1222

 []


Underfull \hbox (badness 10000) in paragraph at lines 1224--1230

 []


Underfull \hbox (badness 10000) in paragraph at lines 1224--1230

 []

[51]
Underfull \hbox (badness 10000) in paragraph at lines 1238--1241

 []


Underfull \hbox (badness 10000) in paragraph at lines 1243--1246

 []


Underfull \hbox (badness 10000) in paragraph at lines 1248--1251

 []


Underfull \hbox (badness 10000) in paragraph at lines 1254--1257

 []


Underfull \hbox (badness 10000) in paragraph at lines 1254--1257

 []


Underfull \hbox (badness 10000) in paragraph at lines 1254--1257

 []


Underfull \hbox (badness 10000) in paragraph at lines 1261--1264

 []


Underfull \hbox (badness 10000) in paragraph at lines 1261--1264

 []


Underfull \hbox (badness 10000) in paragraph at lines 1266--1269

 []


Underfull \hbox (badness 10000) in paragraph at lines 1266--1269

 []


Underfull \hbox (badness 10000) in paragraph at lines 1266--1269

 []


Underfull \hbox (badness 10000) in paragraph at lines 1270--1272

 []


Underfull \hbox (badness 10000) in paragraph at lines 1270--1272

 []

[52]
Underfull \hbox (badness 10000) in paragraph at lines 1274--1280

 []


Underfull \hbox (badness 10000) in paragraph at lines 1274--1280

 []


Underfull \hbox (badness 10000) in paragraph at lines 1274--1280

 []


Underfull \hbox (badness 10000) in paragraph at lines 1274--1280

 []


Underfull \hbox (badness 10000) in paragraph at lines 1274--1280

 []


Underfull \hbox (badness 10000) in paragraph at lines 1284--1287

 []

[53]
Underfull \hbox (badness 10000) in paragraph at lines 1315--1319

 []


Underfull \hbox (badness 10000) in paragraph at lines 1315--1319

 []


Underfull \hbox (badness 10000) in paragraph at lines 1315--1319

 []


Underfull \hbox (badness 10000) in paragraph at lines 1315--1319

 []


Underfull \hbox (badness 10000) in paragraph at lines 1315--1319

 []


Underfull \hbox (badness 10000) in paragraph at lines 1320--1326

 []


Underfull \hbox (badness 10000) in paragraph at lines 1320--1326

 []


Underfull \hbox (badness 10000) in paragraph at lines 1320--1326

 []


Underfull \hbox (badness 10000) in paragraph at lines 1320--1326

 []


Underfull \hbox (badness 10000) in paragraph at lines 1332--1334

 []


Underfull \hbox (badness 10000) in paragraph at lines 1332--1334

 []

[54]
Underfull \hbox (badness 10000) in paragraph at lines 1348--1351

 []


Underfull \hbox (badness 10000) in paragraph at lines 1348--1351

 []


Underfull \hbox (badness 10000) in paragraph at lines 1357--1360

 []


Underfull \hbox (badness 10000) in paragraph at lines 1357--1360

 []


Underfull \hbox (badness 10000) in paragraph at lines 1373--1375

 []


Underfull \hbox (badness 10000) in paragraph at lines 1377--1380

 []


Underfull \hbox (badness 10000) in paragraph at lines 1377--1380

 []


Underfull \hbox (badness 10000) in paragraph at lines 1382--1385

 []


Underfull \hbox (badness 10000) in paragraph at lines 1382--1385

 []


Underfull \hbox (badness 10000) in paragraph at lines 1382--1385

 []

[55]
Underfull \hbox (badness 10000) in paragraph at lines 1386--1389

 []


Underfull \hbox (badness 10000) in paragraph at lines 1386--1389

 []


Underfull \hbox (badness 10000) in paragraph at lines 1386--1389

 []


Underfull \hbox (badness 10000) in paragraph at lines 1386--1389

 []


Underfull \hbox (badness 10000) in paragraph at lines 1398--1399

 []


Underfull \hbox (badness 10000) in paragraph at lines 1400--1402

 []


Underfull \hbox (badness 10000) in paragraph at lines 1400--1402

 []


Overfull \hbox (14.51123pt too wide) in paragraph at lines 1400--1402
\OT1/cmr/bx/n/10 Teorema 2.2.3: \OT1/cmr/m/n/10 sia $\OML/cmm/m/it/10 X \OMS/cmsy/m/n/10 ^^R \OT1/cmr/bx/n/10 R[]$ \OT1/cmr/m/n/10 tale che $\OMS/cmsy/m/n/10 j\OML/cmm/m/it/10 Symm[]\OT1/cmr/m/n/10 (\OML/cmm/m/it/10 X\OT1/cmr/m/n/10 )\OMS/cmsy/m/n/10 j \OML/cmm/m/it/10 < \OT1/cmr/m/n/10 +\OMS/cmsy/m/n/10 1$\OT1/cmr/m/n/10 , si ha che $\OML/cmm/m/it/10 Symm[]\OT1/cmr/m/n/10 (\OML/cmm/m/it/10 X\OT1/cmr/m/n/10 ) []
 []


Underfull \hbox (badness 10000) in paragraph at lines 1400--1402

 []


Underfull \hbox (badness 10000) in paragraph at lines 1403--1408

 []


Underfull \hbox (badness 10000) in paragraph at lines 1403--1408

 []


Underfull \hbox (badness 10000) in paragraph at lines 1403--1408

 []


Underfull \hbox (badness 10000) in paragraph at lines 1403--1408

 []


Underfull \hbox (badness 10000) in paragraph at lines 1410--1412

 []

[56]
Underfull \hbox (badness 10000) in paragraph at lines 1413--1425

 []


Underfull \hbox (badness 10000) in paragraph at lines 1413--1425

 []


Underfull \hbox (badness 10000) in paragraph at lines 1413--1425

 []


Underfull \hbox (badness 10000) in paragraph at lines 1413--1425

 []


Underfull \hbox (badness 10000) in paragraph at lines 1413--1425

 []


Underfull \hbox (badness 10000) in paragraph at lines 1413--1425

 []


Underfull \hbox (badness 10000) in paragraph at lines 1413--1425

 []


Underfull \hbox (badness 10000) in paragraph at lines 1413--1425

 []


Underfull \hbox (badness 10000) in paragraph at lines 1413--1425

 []

[57]
Underfull \hbox (badness 10000) in paragraph at lines 1428--1432

 []


Underfull \hbox (badness 10000) in paragraph at lines 1428--1432

 []


Underfull \hbox (badness 10000) in paragraph at lines 1428--1432

 []


Underfull \hbox (badness 10000) in paragraph at lines 1428--1432

 []


Underfull \hbox (badness 10000) in paragraph at lines 1428--1432

 []


Underfull \hbox (badness 10000) in paragraph at lines 1428--1432

 []


Underfull \hbox (badness 10000) in paragraph at lines 1440--1443

 []


Underfull \hbox (badness 10000) in paragraph at lines 1445--1449

 []


Underfull \hbox (badness 10000) in paragraph at lines 1445--1449

 []


Underfull \hbox (badness 10000) in paragraph at lines 1445--1449

 []


Underfull \hbox (badness 10000) in paragraph at lines 1445--1449

 []

[58]
Underfull \hbox (badness 10000) in paragraph at lines 1465--1466

 []


Underfull \hbox (badness 10000) in paragraph at lines 1504--1507

 []


Underfull \hbox (badness 10000) in paragraph at lines 1504--1507

 []


Underfull \hbox (badness 10000) in paragraph at lines 1512--1514

 []


Overfull \hbox (6.79688pt too wide) in paragraph at lines 1515--1516
[]\OT1/cmr/bx/n/10 Dimostrazione: \OT1/cmr/m/n/10 come nell'\OT1/cmr/m/it/10 esercizio 1\OT1/cmr/m/n/10 , di-mos-tri-amo che es-iste un sot-togruppo
 []

[59]
Underfull \hbox (badness 10000) in paragraph at lines 1540--1543

 []


Underfull \hbox (badness 10000) in paragraph at lines 1540--1543

 []


Underfull \hbox (badness 10000) in paragraph at lines 1540--1543

 []


Underfull \hbox (badness 10000) in paragraph at lines 1555--1558

 []


Underfull \hbox (badness 10000) in paragraph at lines 1555--1558

 []


Underfull \hbox (badness 10000) in paragraph at lines 1555--1558

 []


Underfull \hbox (badness 10000) in paragraph at lines 1588--1591

 []


Underfull \hbox (badness 10000) in paragraph at lines 1588--1591

 []


Underfull \hbox (badness 10000) in paragraph at lines 1588--1591

 []

[60]
Underfull \hbox (badness 10000) in paragraph at lines 1609--1612

 []


Underfull \hbox (badness 10000) in paragraph at lines 1609--1612

 []


Underfull \hbox (badness 10000) in paragraph at lines 1609--1612

 []


Underfull \hbox (badness 10000) in paragraph at lines 1634--1637

 []


Underfull \hbox (badness 10000) in paragraph at lines 1634--1637

 []


Underfull \hbox (badness 10000) in paragraph at lines 1634--1637

 []


Underfull \hbox (badness 10000) in paragraph at lines 1634--1637

 []

[61]
Overfull \hbox (2.56953pt too wide) in paragraph at lines 1649--1653
\OT1/cmr/m/n/10 con $\OML/cmm/m/it/10 p; q \OMS/cmsy/m/n/10 2 \OT1/cmr/bx/n/10 Z$\OT1/cmr/m/n/10 , per-tanto an-che $\OML/cmm/m/it/10 p \OT1/cmr/m/n/10 + \OML/cmm/m/it/10 q \OMS/cmsy/m/n/10 2 \OT1/cmr/bx/n/10 Z$ \OT1/cmr/m/n/10 perch^^Se $\OT1/cmr/bx/n/10 Z$ \OT1/cmr/m/n/10 ^^Re un gruppo rispetto all'addizione. 
 []


Underfull \hbox (badness 10000) in paragraph at lines 1649--1653

 []


Underfull \hbox (badness 10000) in paragraph at lines 1659--1662

 []


Underfull \hbox (badness 10000) in paragraph at lines 1659--1662

 []


Underfull \hbox (badness 10000) in paragraph at lines 1659--1662

 []


Underfull \hbox (badness 10000) in paragraph at lines 1685--1689

 []

[62] [63]
Underfull \hbox (badness 10000) in paragraph at lines 1720--1723

 []


Underfull \hbox (badness 10000) in paragraph at lines 1720--1723

 []

LaTeX Font Info:    Trying to load font information for U+euf on input line 1725.
(c:/texlive/2026/texmf-dist/tex/latex/amsfonts/ueuf.fd
File: ueuf.fd 2013/01/14 v3.01 Euler Fraktur
)
Underfull \hbox (badness 10000) in paragraph at lines 1725--1728

 []


Underfull \hbox (badness 10000) in paragraph at lines 1739--1741

 []


Underfull \hbox (badness 10000) in paragraph at lines 1739--1741

 []


Underfull \hbox (badness 10000) in paragraph at lines 1751--1752

 []

[64]
Underfull \hbox (badness 10000) in paragraph at lines 1764--1766

 []


Underfull \hbox (badness 10000) in paragraph at lines 1764--1766

 []


Underfull \hbox (badness 10000) in paragraph at lines 1779--1784

 []


Underfull \hbox (badness 10000) in paragraph at lines 1779--1784

 []


Underfull \hbox (badness 10000) in paragraph at lines 1779--1784

 []


Underfull \hbox (badness 10000) in paragraph at lines 1779--1784

 []


Underfull \hbox (badness 10000) in paragraph at lines 1779--1784

 []


Underfull \hbox (badness 10000) in paragraph at lines 1779--1784

 []


Underfull \hbox (badness 10000) in paragraph at lines 1788--1792

 []


Underfull \hbox (badness 10000) in paragraph at lines 1788--1792

 []

[65]
Underfull \hbox (badness 10000) in paragraph at lines 1794--1795

 []


Underfull \hbox (badness 10000) in paragraph at lines 1802--1805

 []


Underfull \hbox (badness 10000) in paragraph at lines 1802--1805

 []


Underfull \hbox (badness 10000) in paragraph at lines 1807--1809

 []


Underfull \hbox (badness 10000) in paragraph at lines 1813--1816

 []

[66]
Underfull \hbox (badness 10000) in paragraph at lines 1828--1831

 []


Underfull \hbox (badness 10000) in paragraph at lines 1833--1839

 []


Underfull \hbox (badness 10000) in paragraph at lines 1833--1839

 []


Underfull \hbox (badness 10000) in paragraph at lines 1833--1839

 []


Underfull \hbox (badness 10000) in paragraph at lines 1850--1853

 []

[67]
Underfull \hbox (badness 10000) in paragraph at lines 1855--1858

 []


Underfull \hbox (badness 10000) in paragraph at lines 1861--1864

 []


Underfull \hbox (badness 10000) in paragraph at lines 1866--1871

 []


Underfull \hbox (badness 10000) in paragraph at lines 1866--1871

 []


Underfull \hbox (badness 10000) in paragraph at lines 1866--1871

 []


Underfull \hbox (badness 10000) in paragraph at lines 1873--1875

 []


Underfull \hbox (badness 10000) in paragraph at lines 1888--1892

 []

[68]
Underfull \hbox (badness 10000) in paragraph at lines 1902--1905

 []


Underfull \hbox (badness 10000) in paragraph at lines 1902--1905

 []


Underfull \hbox (badness 10000) in paragraph at lines 1912--1921

 []


Underfull \hbox (badness 10000) in paragraph at lines 1912--1921

 []


Underfull \hbox (badness 10000) in paragraph at lines 1926--1928

 []

[69]
Underfull \hbox (badness 10000) in paragraph at lines 1951--1954

 []


Underfull \hbox (badness 10000) in paragraph at lines 1951--1954

 []


Underfull \hbox (badness 10000) in paragraph at lines 1951--1954

 []

[70]
Underfull \hbox (badness 10000) in paragraph at lines 1971--1975

 []


Underfull \hbox (badness 10000) in paragraph at lines 1971--1975

 []


Underfull \hbox (badness 10000) in paragraph at lines 1971--1975

 []


Underfull \hbox (badness 10000) in paragraph at lines 1971--1975

 []

[71]
Underfull \hbox (badness 10000) in paragraph at lines 1999--2002

 []


Underfull \hbox (badness 10000) in paragraph at lines 2008--2012

 []


Underfull \hbox (badness 10000) in paragraph at lines 2008--2012

 []


Underfull \hbox (badness 10000) in paragraph at lines 2008--2012

 []


Underfull \hbox (badness 10000) in paragraph at lines 2014--2017

 []


Underfull \hbox (badness 10000) in paragraph at lines 2023--2027

 []


Underfull \hbox (badness 10000) in paragraph at lines 2029--2031

 []

[72]
Underfull \hbox (badness 10000) in paragraph at lines 2032--2034

 []


Underfull \hbox (badness 10000) in paragraph at lines 2032--2034

 []

[73]
Underfull \hbox (badness 10000) in paragraph at lines 2054--2057

 []


Underfull \hbox (badness 10000) in paragraph at lines 2059--2063

 []


Underfull \hbox (badness 10000) in paragraph at lines 2065--2068

 []

[74]
Underfull \hbox (badness 10000) in paragraph at lines 2088--2091

 []


Underfull \hbox (badness 10000) in paragraph at lines 2088--2091

 []


Underfull \hbox (badness 10000) in paragraph at lines 2088--2091

 []


Underfull \hbox (badness 10000) in paragraph at lines 2110--2113

 []


Underfull \hbox (badness 10000) in paragraph at lines 2123--2126

 []

[75]
Underfull \hbox (badness 10000) in paragraph at lines 2132--2135

 []


Underfull \hbox (badness 10000) in paragraph at lines 2132--2135

 []


Underfull \hbox (badness 10000) in paragraph at lines 2140--2142

 []


Underfull \hbox (badness 10000) in paragraph at lines 2147--2149

 []


Underfull \hbox (badness 10000) in paragraph at lines 2158--2161

 []


Underfull \hbox (badness 10000) in paragraph at lines 2158--2161

 []

[76]
Underfull \hbox (badness 10000) in paragraph at lines 2182--2190

 []


Underfull \hbox (badness 10000) in paragraph at lines 2182--2190

 []


Underfull \hbox (badness 10000) in paragraph at lines 2182--2190

 []


Underfull \hbox (badness 10000) in paragraph at lines 2182--2190

 []


Underfull \hbox (badness 10000) in paragraph at lines 2192--2194

 []

[77]
Underfull \hbox (badness 10000) in paragraph at lines 2215--2218

 []


Underfull \hbox (badness 10000) in paragraph at lines 2220--2221

 []


Underfull \hbox (badness 10000) in paragraph at lines 2229--2232

 []


Underfull \hbox (badness 10000) in paragraph at lines 2229--2232

 []


Underfull \hbox (badness 10000) in paragraph at lines 2229--2232

 []


Underfull \hbox (badness 10000) in paragraph at lines 2248--2251

 []


Underfull \hbox (badness 10000) in paragraph at lines 2248--2251

 []


Underfull \hbox (badness 10000) in paragraph at lines 2248--2251

 []

[78]
Underfull \hbox (badness 10000) in paragraph at lines 2252--2253

 []


Underfull \hbox (badness 10000) in paragraph at lines 2278--2282

 []


Underfull \hbox (badness 10000) in paragraph at lines 2278--2282

 []


Underfull \hbox (badness 10000) in paragraph at lines 2278--2282

 []


Underfull \hbox (badness 10000) in paragraph at lines 2278--2282

 []

[79] [80]
Overfull \hbox (14.04669pt too wide) in paragraph at lines 2306--2307
[]\OT1/cmr/bx/n/10 5. \OT1/cmr/m/n/10 Siano $\OML/cmm/m/it/10 V; W$ \OT1/cmr/m/n/10 spazi vet-to-ri-ali di di-men-sione finita, di-mostrare che $[](\OML/cmm/m/it/10 V; W\OT1/cmr/m/n/10 ) []
 []


Underfull \hbox (badness 10000) in paragraph at lines 2306--2307

 []

[81]
Underfull \hbox (badness 10000) in paragraph at lines 2323--2326

 []


Underfull \hbox (badness 10000) in paragraph at lines 2323--2326

 []


Underfull \hbox (badness 10000) in paragraph at lines 2328--2332

 []


Underfull \hbox (badness 10000) in paragraph at lines 2328--2332

 []


Underfull \hbox (badness 10000) in paragraph at lines 2334--2336

 []


Underfull \hbox (badness 10000) in paragraph at lines 2350--2352

 []

[82]
Underfull \hbox (badness 10000) in paragraph at lines 2360--2363

 []


Underfull \hbox (badness 10000) in paragraph at lines 2360--2363

 []


Underfull \hbox (badness 10000) in paragraph at lines 2365--2367

 []


Underfull \hbox (badness 10000) in paragraph at lines 2368--2369

 []

[83] [84]
Underfull \hbox (badness 10000) in paragraph at lines 2401--2406

 []


Underfull \hbox (badness 10000) in paragraph at lines 2401--2406

 []


Underfull \hbox (badness 10000) in paragraph at lines 2401--2406

 []


Underfull \hbox (badness 10000) in paragraph at lines 2407--2418

 []


Underfull \hbox (badness 10000) in paragraph at lines 2407--2418

 []


Underfull \hbox (badness 10000) in paragraph at lines 2407--2418

 []


Underfull \hbox (badness 10000) in paragraph at lines 2407--2418

 []


Underfull \hbox (badness 10000) in paragraph at lines 2407--2418

 []


Underfull \hbox (badness 10000) in paragraph at lines 2407--2418

 []


Underfull \hbox (badness 10000) in paragraph at lines 2420--2423

 []

[85]
Underfull \hbox (badness 10000) in paragraph at lines 2433--2438

 []


Underfull \hbox (badness 10000) in paragraph at lines 2433--2438

 []


Underfull \hbox (badness 10000) in paragraph at lines 2433--2438

 []


Underfull \hbox (badness 10000) in paragraph at lines 2433--2438

 []


Underfull \hbox (badness 10000) in paragraph at lines 2444--2448

 []


Underfull \hbox (badness 10000) in paragraph at lines 2444--2448

 []


Underfull \hbox (badness 10000) in paragraph at lines 2444--2448

 []


Underfull \hbox (badness 10000) in paragraph at lines 2444--2448

 []


Underfull \hbox (badness 10000) in paragraph at lines 2453--2455

 []

[86] [87]
Underfull \hbox (badness 10000) in paragraph at lines 2468--2470

 []


Underfull \hbox (badness 10000) in paragraph at lines 2476--2479

 []


Underfull \hbox (badness 10000) in paragraph at lines 2481--2484

 []


Underfull \hbox (badness 10000) in paragraph at lines 2486--2489

 []

[88]
Underfull \hbox (badness 10000) in paragraph at lines 2494--2495

 []


Underfull \hbox (badness 10000) in paragraph at lines 2515--2518

 []


Underfull \hbox (badness 10000) in paragraph at lines 2515--2518

 []

[89] [90] (./TG-GD.aux)
 ***********
LaTeX2e <2025-11-01>
L3 programming layer <2026-01-19>
 ***********
 ) 
Here is how much of TeX's memory you used:
 14383 strings out of 467525
 299201 string characters out of 5423209
 689253 words of memory out of 5000000
 43041 multiletter control sequences out of 15000+600000
 637955 words of font info for 79 fonts, out of 8000000 for 9000
 1141 hyphenation exceptions out of 8191
 98i,16n,118p,1518b,982s stack positions out of 10000i,1000n,20000p,200000b,200000s
<c:/texlive/2026/texmf-dist/fonts/type1/public/amsfonts/cm/cmbx10.pfb><c:/texlive/2026/texmf-dist/fonts/type1/public/amsfonts/cm/cmbx12.pfb><c:/texlive/2026/texmf-dist/fonts/type1/public/amsfonts/cm/cmbx7.pfb><c:/texlive/2026/texmf-dist/fonts/type1/public/amsfonts/cm/cmex10.pfb><c:/texlive/2026/texmf-dist/fonts/type1/public/amsfonts/cm/cmmi10.pfb><c:/texlive/2026/texmf-dist/fonts/type1/public/amsfonts/cm/cmmi5.pfb><c:/texlive/2026/texmf-dist/fonts/type1/public/amsfonts/cm/cmmi7.pfb><c:/texlive/2026/texmf-dist/fonts/type1/public/amsfonts/cm/cmr10.pfb><c:/texlive/2026/texmf-dist/fonts/type1/public/amsfonts/cm/cmr12.pfb><c:/texlive/2026/texmf-dist/fonts/type1/public/amsfonts/cm/cmr17.pfb><c:/texlive/2026/texmf-dist/fonts/type1/public/amsfonts/cm/cmr5.pfb><c:/texlive/2026/texmf-dist/fonts/type1/public/amsfonts/cm/cmr7.pfb><c:/texlive/2026/texmf-dist/fonts/type1/public/amsfonts/cm/cmsy10.pfb><c:/texlive/2026/texmf-dist/fonts/type1/public/amsfonts/cm/cmsy5.pfb><c:/texlive/2026/texmf-dist/fonts/type1/public/amsfonts/cm/cmsy7.pfb><c:/texlive/2026/texmf-dist/fonts/type1/public/amsfonts/cm/cmti10.pfb><c:/texlive/2026/texmf-dist/fonts/type1/public/amsfonts/euler/eufm10.pfb><c:/texlive/2026/texmf-dist/fonts/type1/public/amsfonts/symbols/msbm10.pfb>
Output written on TG-GD.pdf (90 pages, 460829 bytes).
PDF statistics:
 388 PDF objects out of 1000 (max. 8388607)
 257 compressed objects within 3 object streams
 0 named destinations out of 1000 (max. 500000)
 13 words of extra memory for PDF output out of 10000 (max. 10000000)

