This is pdfTeX, Version 3.141592653-2.6-1.40.29 (TeX Live 2026) (preloaded format=pdflatex 2026.3.15)  27 JUL 2026 23:15
entering extended mode
 restricted \write18 enabled.
 file:line:error style messages enabled.
 %&-line parsing enabled.
**c:/Users/aless/Desktop/vscode_proj/AM6/AM6.tex
(c:/Users/aless/Desktop/vscode_proj/AM6/AM6.tex
LaTeX2e <2025-11-01>
L3 programming layer <2026-01-19>
(c:/texlive/2026/texmf-dist/tex/latex/base/article.cls
Document Class: article 2025/01/22 v1.4n Standard LaTeX document class
(c:/texlive/2026/texmf-dist/tex/latex/base/size10.clo
File: size10.clo 2025/01/22 v1.4n Standard LaTeX file (size option)
)
\c@part=\count275
\c@section=\count276
\c@subsection=\count277
\c@subsubsection=\count278
\c@paragraph=\count279
\c@subparagraph=\count280
\c@figure=\count281
\c@table=\count282
\abovecaptionskip=\skip49
\belowcaptionskip=\skip50
\bibindent=\dimen148
) (c:/texlive/2026/texmf-dist/tex/latex/graphics/graphicx.sty
Package: graphicx 2024/12/31 v1.2e Enhanced LaTeX Graphics (DPC,SPQR)
 (c:/texlive/2026/texmf-dist/tex/latex/graphics/keyval.sty
Package: keyval 2022/05/29 v1.15 key=value parser (DPC)
\KV@toks@=\toks17
) (c:/texlive/2026/texmf-dist/tex/latex/graphics/graphics.sty
Package: graphics 2024/08/06 v1.4g Standard LaTeX Graphics (DPC,SPQR)
 (c:/texlive/2026/texmf-dist/tex/latex/graphics/trig.sty
Package: trig 2023/12/02 v1.11 sin cos tan (DPC)
) (c:/texlive/2026/texmf-dist/tex/latex/graphics-cfg/graphics.cfg
File: graphics.cfg 2016/06/04 v1.11 sample graphics configuration
)
Package graphics Info: Driver file: pdftex.def on input line 106.
 (c:/texlive/2026/texmf-dist/tex/latex/graphics-def/pdftex.def
File: pdftex.def 2025/09/29 v1.2d Graphics/color driver for pdftex
))
\Gin@req@height=\dimen149
\Gin@req@width=\dimen150
) (c:/texlive/2026/texmf-dist/tex/latex/amsfonts/amsfonts.sty
Package: amsfonts 2013/01/14 v3.01 Basic AMSFonts support
\@emptytoks=\toks18
\symAMSa=\mathgroup4
\symAMSb=\mathgroup5
LaTeX Font Info:    Redeclaring math symbol \hbar on input line 98.
LaTeX Font Info:    Overwriting math alphabet `\mathfrak' in version `bold'
(Font)                  U/euf/m/n --> U/euf/b/n on input line 106.
) (c:/texlive/2026/texmf-dist/tex/latex/amsmath/amsmath.sty
Package: amsmath 2025/07/09 v2.17z AMS math features
\@mathmargin=\skip51

For additional information on amsmath, use the `?' option.
(c:/texlive/2026/texmf-dist/tex/latex/amsmath/amstext.sty
Package: amstext 2024/11/17 v2.01 AMS text
 (c:/texlive/2026/texmf-dist/tex/latex/amsmath/amsgen.sty
File: amsgen.sty 1999/11/30 v2.0 generic functions
\@emptytoks=\toks19
\ex@=\dimen151
)) (c:/texlive/2026/texmf-dist/tex/latex/amsmath/amsbsy.sty
Package: amsbsy 1999/11/29 v1.2d Bold Symbols
\pmbraise@=\dimen152
) (c:/texlive/2026/texmf-dist/tex/latex/amsmath/amsopn.sty
Package: amsopn 2022/04/08 v2.04 operator names
)
\inf@bad=\count283
LaTeX Info: Redefining \frac on input line 233.
\uproot@=\count284
\leftroot@=\count285
LaTeX Info: Redefining \overline on input line 398.
LaTeX Info: Redefining \colon on input line 409.
\classnum@=\count286
\DOTSCASE@=\count287
LaTeX Info: Redefining \ldots on input line 495.
LaTeX Info: Redefining \dots on input line 498.
LaTeX Info: Redefining \cdots on input line 619.
\Mathstrutbox@=\box53
\strutbox@=\box54
LaTeX Info: Redefining \big on input line 721.
LaTeX Info: Redefining \Big on input line 722.
LaTeX Info: Redefining \bigg on input line 723.
LaTeX Info: Redefining \Bigg on input line 724.
\big@size=\dimen153
LaTeX Font Info:    Redeclaring font encoding OML on input line 742.
LaTeX Font Info:    Redeclaring font encoding OMS on input line 743.
\macc@depth=\count288
LaTeX Info: Redefining \bmod on input line 904.
LaTeX Info: Redefining \pmod on input line 909.
LaTeX Info: Redefining \smash on input line 939.
LaTeX Info: Redefining \relbar on input line 969.
LaTeX Info: Redefining \Relbar on input line 970.
\c@MaxMatrixCols=\count289
\dotsspace@=\muskip17
\c@parentequation=\count290
\dspbrk@lvl=\count291
\tag@help=\toks20
\row@=\count292
\column@=\count293
\maxfields@=\count294
\andhelp@=\toks21
\eqnshift@=\dimen154
\alignsep@=\dimen155
\tagshift@=\dimen156
\tagwidth@=\dimen157
\totwidth@=\dimen158
\lineht@=\dimen159
\@envbody=\toks22
\multlinegap=\skip52
\multlinetaggap=\skip53
\mathdisplay@stack=\toks23
LaTeX Info: Redefining \[ on input line 2950.
LaTeX Info: Redefining \] on input line 2951.
) (c:/texlive/2026/texmf-dist/tex/latex/amsfonts/amssymb.sty
Package: amssymb 2013/01/14 v3.01 AMS font symbols
) (c:/texlive/2026/texmf-dist/tex/latex/amscls/amsthm.sty
Package: amsthm 2020/05/29 v2.20.6
\thm@style=\toks24
\thm@bodyfont=\toks25
\thm@headfont=\toks26
\thm@notefont=\toks27
\thm@headpunct=\toks28
\thm@preskip=\skip54
\thm@postskip=\skip55
\thm@headsep=\skip56
\dth@everypar=\toks29
) (c:/texlive/2026/texmf-dist/tex/latex/braket/braket.sty) (c:/texlive/2026/texmf-dist/tex/latex/float/float.sty
Package: float 2001/11/08 v1.3d Float enhancements (AL)
\c@float@type=\count295
\float@exts=\toks30
\float@box=\box55
\@float@everytoks=\toks31
\@floatcapt=\box56
) (c:/texlive/2026/texmf-dist/tex/latex/cancel/cancel.sty
Package: cancel 2013/04/12 v2.2 Cancel math terms
) (c:/texlive/2026/texmf-dist/tex/latex/l3backend/l3backend-pdftex.def
File: l3backend-pdftex.def 2025-10-09 L3 backend support: PDF output (pdfTeX)
\l__color_backend_stack_int=\count296
) (./AM6.aux)
\openout1 = `AM6.aux'.

LaTeX Font Info:    Checking defaults for OML/cmm/m/it on input line 11.
LaTeX Font Info:    ... okay on input line 11.
LaTeX Font Info:    Checking defaults for OMS/cmsy/m/n on input line 11.
LaTeX Font Info:    ... okay on input line 11.
LaTeX Font Info:    Checking defaults for OT1/cmr/m/n on input line 11.
LaTeX Font Info:    ... okay on input line 11.
LaTeX Font Info:    Checking defaults for T1/cmr/m/n on input line 11.
LaTeX Font Info:    ... okay on input line 11.
LaTeX Font Info:    Checking defaults for TS1/cmr/m/n on input line 11.
LaTeX Font Info:    ... okay on input line 11.
LaTeX Font Info:    Checking defaults for OMX/cmex/m/n on input line 11.
LaTeX Font Info:    ... okay on input line 11.
LaTeX Font Info:    Checking defaults for U/cmr/m/n on input line 11.
LaTeX Font Info:    ... okay on input line 11.
 (c:/texlive/2026/texmf-dist/tex/context/base/mkii/supp-pdf.mkii
[Loading MPS to PDF converter (version 2006.09.02).]
\scratchcounter=\count297
\scratchdimen=\dimen160
\scratchbox=\box57
\nofMPsegments=\count298
\nofMParguments=\count299
\everyMPshowfont=\toks32
\MPscratchCnt=\count300
\MPscratchDim=\dimen161
\MPnumerator=\count301
\makeMPintoPDFobject=\count302
\everyMPtoPDFconversion=\toks33
) (c:/texlive/2026/texmf-dist/tex/latex/epstopdf-pkg/epstopdf-base.sty
Package: epstopdf-base 2020-01-24 v2.11 Base part for package epstopdf
Package epstopdf-base Info: Redefining graphics rule for `.eps' on input line 485.
 (c:/texlive/2026/texmf-dist/tex/latex/latexconfig/epstopdf-sys.cfg
File: epstopdf-sys.cfg 2010/07/13 v1.3 Configuration of (r)epstopdf for TeX Live
))
LaTeX Font Info:    Trying to load font information for U+msa on input line 13.
 (c:/texlive/2026/texmf-dist/tex/latex/amsfonts/umsa.fd
File: umsa.fd 2013/01/14 v3.01 AMS symbols A
)
LaTeX Font Info:    Trying to load font information for U+msb on input line 13.
 (c:/texlive/2026/texmf-dist/tex/latex/amsfonts/umsb.fd
File: umsb.fd 2013/01/14 v3.01 AMS symbols B
) (./AM6.toc [1

{c:/texlive/2026/texmf-var/fonts/map/pdftex/updmap/pdftex.map}])
\tf@toc=\write3
\openout3 = `AM6.toc'.

 [2]
Underfull \hbox (badness 10000) in paragraph at lines 19--21

 []


Underfull \hbox (badness 10000) in paragraph at lines 23--28

 []


Overfull \hbox (0.99739pt too wide) in paragraph at lines 23--28
\OT1/cmr/bx/n/10 Definizione: \OT1/cmr/m/n/10 la misura di un in-ter-vallo $\OML/cmm/m/it/10 Q \OMS/cmsy/m/n/10 2 \OT1/cmr/bx/n/10 R[]$ \OT1/cmr/m/n/10 ^^Re definita da $\OML/cmm/m/it/10 m\OT1/cmr/m/n/10 (\OML/cmm/m/it/10 Q\OT1/cmr/m/n/10 ) := [][](\OML/cmm/m/it/10 b[] \OMS/cmsy/m/n/10 ^^@
 []


Underfull \hbox (badness 10000) in paragraph at lines 23--28

 []


Overfull \hbox (11.49713pt too wide) in paragraph at lines 23--28
\OT1/cmr/m/n/10 In $\OT1/cmr/bx/n/10 R[]$ \OT1/cmr/m/n/10 fis-si-amo su ogni asse co-or-di-nato un nu-mero finito di punti, siano $\OML/cmm/m/it/10 a[]; a[]; :::; a[]$
 []


Overfull \hbox (0.9531pt too wide) in paragraph at lines 23--28
\OT1/cmr/m/n/10 sull'asse $\OML/cmm/m/it/10 x[]$\OT1/cmr/m/n/10 , $\OML/cmm/m/it/10 a[]; a[]; :::; a[]$ \OT1/cmr/m/n/10 sull'asse $\OML/cmm/m/it/10 x[]$\OT1/cmr/m/n/10 , analoga-mente fino a $\OML/cmm/m/it/10 a[]; a[]; :::; a[]$ \OT1/cmr/m/n/10 sull'asse
 []


Underfull \hbox (badness 10000) in paragraph at lines 40--43

 []


Underfull \hbox (badness 10000) in paragraph at lines 45--51

 []


Underfull \hbox (badness 10000) in paragraph at lines 45--51

 []

[3]
Underfull \hbox (badness 10000) in paragraph at lines 52--53

 []


Underfull \hbox (badness 10000) in paragraph at lines 54--56

 []


Underfull \hbox (badness 10000) in paragraph at lines 54--56

 []


Underfull \hbox (badness 10000) in paragraph at lines 54--56

 []


Underfull \hbox (badness 10000) in paragraph at lines 57--59

 []


Underfull \hbox (badness 10000) in paragraph at lines 57--59

 []


Underfull \hbox (badness 10000) in paragraph at lines 57--59

 []

[4] [5]
Underfull \hbox (badness 10000) in paragraph at lines 67--69

 []


Underfull \hbox (badness 10000) in paragraph at lines 71--73

 []


Underfull \hbox (badness 10000) in paragraph at lines 77--80

 []


Underfull \hbox (badness 10000) in paragraph at lines 77--80

 []


Underfull \hbox (badness 10000) in paragraph at lines 81--83

 []


Underfull \hbox (badness 10000) in paragraph at lines 85--87

 []


Underfull \hbox (badness 10000) in paragraph at lines 88--91

 []


Underfull \hbox (badness 10000) in paragraph at lines 88--91

 []

[6]
Underfull \hbox (badness 10000) in paragraph at lines 93--97

 []


Underfull \hbox (badness 10000) in paragraph at lines 93--97

 []


Underfull \hbox (badness 10000) in paragraph at lines 99--102

 []


Underfull \hbox (badness 10000) in paragraph at lines 99--102

 []


Underfull \hbox (badness 10000) in paragraph at lines 99--102

 []


Underfull \hbox (badness 10000) in paragraph at lines 103--105

 []


Underfull \hbox (badness 10000) in paragraph at lines 103--105

 []


Underfull \hbox (badness 10000) in paragraph at lines 106--112

 []


Underfull \hbox (badness 10000) in paragraph at lines 106--112

 []


Underfull \hbox (badness 10000) in paragraph at lines 106--112

 []


Underfull \hbox (badness 10000) in paragraph at lines 106--112

 []


Underfull \hbox (badness 10000) in paragraph at lines 106--112

 []

[7]
Underfull \hbox (badness 10000) in paragraph at lines 113--115

 []


Underfull \hbox (badness 10000) in paragraph at lines 113--115

 []


Underfull \hbox (badness 10000) in paragraph at lines 116--120

 []


Underfull \hbox (badness 10000) in paragraph at lines 116--120

 []


Underfull \hbox (badness 10000) in paragraph at lines 116--120

 []


Underfull \hbox (badness 10000) in paragraph at lines 121--123

 []


Underfull \hbox (badness 10000) in paragraph at lines 121--123

 []


Underfull \hbox (badness 10000) in paragraph at lines 124--127

 []


Underfull \hbox (badness 10000) in paragraph at lines 124--127

 []


Underfull \hbox (badness 10000) in paragraph at lines 124--127

 []

[8]
Underfull \hbox (badness 10000) in paragraph at lines 128--129

 []


Underfull \hbox (badness 10000) in paragraph at lines 130--133

 []


Underfull \hbox (badness 10000) in paragraph at lines 130--133

 []


Underfull \hbox (badness 10000) in paragraph at lines 134--137

 []


Underfull \hbox (badness 10000) in paragraph at lines 134--137

 []


Underfull \hbox (badness 10000) in paragraph at lines 138--141

 []


Underfull \hbox (badness 10000) in paragraph at lines 138--141

 []

[9] [10]
Underfull \hbox (badness 10000) in paragraph at lines 144--146

 []


Underfull \hbox (badness 10000) in paragraph at lines 144--146

 []


Overfull \hbox (13.1204pt too wide) in paragraph at lines 147--150
\OMS/cmsy/m/n/10 f\OML/cmm/m/it/10 A[]\OMS/cmsy/m/n/10 g[]$ \OT1/cmr/m/n/10 ^^Re un ri-co-pri-mento di $\OML/cmm/m/it/10 A$\OT1/cmr/m/n/10 , es-iste un nu-mero finito $\OML/cmm/m/it/10 k$ \OT1/cmr/m/n/10 di in-siemi $\OML/cmm/m/it/10 A[]; A[]; [] ; A[]$
 []


Underfull \hbox (badness 10000) in paragraph at lines 147--150

 []


Underfull \hbox (badness 10000) in paragraph at lines 147--150

 []


Underfull \hbox (badness 10000) in paragraph at lines 154--157

 []


Underfull \hbox (badness 10000) in paragraph at lines 154--157

 []

[11]
Underfull \hbox (badness 10000) in paragraph at lines 166--169

 []


Underfull \hbox (badness 10000) in paragraph at lines 166--169

 []


Underfull \hbox (badness 10000) in paragraph at lines 175--178

 []


Underfull \hbox (badness 10000) in paragraph at lines 175--178

 []


Underfull \hbox (badness 10000) in paragraph at lines 183--186

 []

[12]
Underfull \hbox (badness 10000) in paragraph at lines 187--188

 []


Underfull \hbox (badness 10000) in paragraph at lines 205--208

 []


Underfull \hbox (badness 10000) in paragraph at lines 205--208

 []


Underfull \hbox (badness 10000) in paragraph at lines 209--211

 []


Underfull \hbox (badness 10000) in paragraph at lines 209--211

 []

[13] [14]
Underfull \hbox (badness 10000) in paragraph at lines 220--224

 []


Underfull \hbox (badness 10000) in paragraph at lines 220--224

 []


Underfull \hbox (badness 10000) in paragraph at lines 220--224

 []


Underfull \hbox (badness 10000) in paragraph at lines 220--224

 []


Underfull \hbox (badness 10000) in paragraph at lines 234--237

 []


Underfull \hbox (badness 10000) in paragraph at lines 234--237

 []


Underfull \hbox (badness 10000) in paragraph at lines 238--240

 []


Underfull \hbox (badness 10000) in paragraph at lines 241--242

 []

[15]
Underfull \hbox (badness 10000) in paragraph at lines 246--249

 []


Underfull \hbox (badness 10000) in paragraph at lines 246--249

 []


Underfull \hbox (badness 10000) in paragraph at lines 254--257

 []


Underfull \hbox (badness 10000) in paragraph at lines 254--257

 []


Underfull \hbox (badness 10000) in paragraph at lines 254--257

 []

[16]
Underfull \hbox (badness 10000) in paragraph at lines 266--267

 []


Underfull \hbox (badness 10000) in paragraph at lines 273--277

 []


Underfull \hbox (badness 10000) in paragraph at lines 273--277

 []


Underfull \hbox (badness 10000) in paragraph at lines 285--288

 []

[17] [18]
Underfull \hbox (badness 10000) in paragraph at lines 300--303

 []


Underfull \hbox (badness 10000) in paragraph at lines 300--303

 []


Underfull \hbox (badness 10000) in paragraph at lines 329--333

 []


Underfull \hbox (badness 10000) in paragraph at lines 329--333

 []


Underfull \hbox (badness 10000) in paragraph at lines 329--333

 []

[19]
Underfull \hbox (badness 10000) in paragraph at lines 336--339

 []


Underfull \hbox (badness 10000) in paragraph at lines 336--339

 []


Underfull \hbox (badness 10000) in paragraph at lines 341--344

 []


Underfull \hbox (badness 10000) in paragraph at lines 346--348

 []

[20]
Underfull \hbox (badness 10000) in paragraph at lines 358--359

 []


Underfull \hbox (badness 10000) in paragraph at lines 377--378

 []


Underfull \hbox (badness 10000) in paragraph at lines 396--397

 []

[21]
Underfull \hbox (badness 10000) in paragraph at lines 406--409

 []


Underfull \hbox (badness 10000) in paragraph at lines 406--409

 []


Underfull \hbox (badness 10000) in paragraph at lines 415--416

 []


Underfull \hbox (badness 10000) in paragraph at lines 424--427

 []

[22] [23]
Underfull \hbox (badness 10000) in paragraph at lines 447--462

 []


Underfull \hbox (badness 10000) in paragraph at lines 447--462

 []


Underfull \hbox (badness 10000) in paragraph at lines 447--462

 []


Underfull \hbox (badness 10000) in paragraph at lines 447--462

 []


Underfull \hbox (badness 10000) in paragraph at lines 447--462

 []


Underfull \hbox (badness 10000) in paragraph at lines 447--462

 []


Underfull \hbox (badness 10000) in paragraph at lines 447--462

 []


Underfull \hbox (badness 10000) in paragraph at lines 447--462

 []


Underfull \hbox (badness 10000) in paragraph at lines 447--462

 []


Underfull \hbox (badness 10000) in paragraph at lines 447--462

 []


Underfull \hbox (badness 10000) in paragraph at lines 463--471

 []


Underfull \hbox (badness 10000) in paragraph at lines 463--471

 []

[24]
Underfull \hbox (badness 10000) in paragraph at lines 472--478

 []


Underfull \hbox (badness 10000) in paragraph at lines 472--478

 []


Underfull \hbox (badness 10000) in paragraph at lines 472--478

 []


Underfull \hbox (badness 10000) in paragraph at lines 472--478

 []


Underfull \hbox (badness 10000) in paragraph at lines 472--478

 []


Underfull \hbox (badness 10000) in paragraph at lines 480--482

 []


Underfull \hbox (badness 10000) in paragraph at lines 486--489

 []

[25]
Underfull \hbox (badness 10000) in paragraph at lines 497--499

 []

[26]
Underfull \hbox (badness 10000) in paragraph at lines 508--510

 []


Underfull \hbox (badness 10000) in paragraph at lines 544--546

 []


Underfull \hbox (badness 10000) in paragraph at lines 548--550

 []

[27] [28]
Underfull \hbox (badness 10000) in paragraph at lines 612--619

 []


Underfull \hbox (badness 10000) in paragraph at lines 612--619

 []


Underfull \hbox (badness 10000) in paragraph at lines 612--619

 []

[29]
Underfull \hbox (badness 10000) in paragraph at lines 656--659

 []

[30]
Underfull \hbox (badness 10000) in paragraph at lines 669--673

 []


Underfull \hbox (badness 10000) in paragraph at lines 669--673

 []


Underfull \hbox (badness 10000) in paragraph at lines 689--691

 []

[31]
Overfull \hbox (0.71996pt too wide) in paragraph at lines 734--736
\OT1/cmr/m/n/10 Ora mos-tri-amo che $\OMS/cmsy/m/n/10 B\OT1/cmr/m/n/10 (\OML/cmm/m/it/10 X; Y\OT1/cmr/m/n/10 )$ ^^Re chiuso rispetto alle op-er-azioni di somma e prodotto
 []

[32]
Underfull \hbox (badness 10000) in paragraph at lines 759--762

 []


Underfull \hbox (badness 10000) in paragraph at lines 764--766

 []

[33]
Underfull \hbox (badness 10000) in paragraph at lines 796--798

 []

[34]
Underfull \hbox (badness 10000) in paragraph at lines 829--831

 []

[35] [36]
Underfull \hbox (badness 10000) in paragraph at lines 857--860

 []


Underfull \hbox (badness 10000) in paragraph at lines 862--865

 []


Underfull \hbox (badness 10000) in paragraph at lines 862--865

 []


Underfull \hbox (badness 10000) in paragraph at lines 877--880

 []


Underfull \hbox (badness 10000) in paragraph at lines 882--885

 []

[37]
Underfull \hbox (badness 10000) in paragraph at lines 899--902

 []


Underfull \hbox (badness 10000) in paragraph at lines 899--902

 []


Underfull \hbox (badness 10000) in paragraph at lines 903--905

 []


Underfull \hbox (badness 10000) in paragraph at lines 903--905

 []


Underfull \hbox (badness 10000) in paragraph at lines 913--917

 []


Underfull \hbox (badness 10000) in paragraph at lines 913--917

 []


Underfull \hbox (badness 10000) in paragraph at lines 913--917

 []


Underfull \hbox (badness 10000) in paragraph at lines 913--917

 []

[38]
Underfull \hbox (badness 10000) in paragraph at lines 918--920

 []


Overfull \hbox (4.6858pt too wide) in paragraph at lines 918--920
\OT1/cmr/m/n/10 Altrimenti avremmo po-tuto ar-go-mentare come segue. Ogni suc-ces-sione di Cauchy
 []


Underfull \hbox (badness 10000) in paragraph at lines 930--933

 []


Underfull \hbox (badness 10000) in paragraph at lines 930--933

 []


Underfull \hbox (badness 10000) in paragraph at lines 942--947

 []


Underfull \hbox (badness 10000) in paragraph at lines 942--947

 []

[39]
Underfull \hbox (badness 10000) in paragraph at lines 972--977

 []


Underfull \hbox (badness 10000) in paragraph at lines 972--977

 []

[40] [41] [42] [43]
Underfull \hbox (badness 10000) in paragraph at lines 1130--1133

 []


Underfull \hbox (badness 10000) in paragraph at lines 1130--1133

 []

[44]
Underfull \hbox (badness 10000) in paragraph at lines 1180--1181

 []

[45]
Underfull \hbox (badness 10000) in paragraph at lines 1185--1186

 []


Underfull \hbox (badness 10000) in paragraph at lines 1208--1211

 []

[46]
Underfull \hbox (badness 10000) in paragraph at lines 1221--1224

 []

[47]
Underfull \hbox (badness 10000) in paragraph at lines 1251--1253

 []


Underfull \hbox (badness 10000) in paragraph at lines 1255--1257

 []


Underfull \hbox (badness 10000) in paragraph at lines 1277--1281

 []


Underfull \hbox (badness 10000) in paragraph at lines 1277--1281

 []


Underfull \hbox (badness 10000) in paragraph at lines 1283--1285

 []

[48]
Underfull \hbox (badness 10000) in paragraph at lines 1298--1302

 []


Underfull \hbox (badness 10000) in paragraph at lines 1298--1302

 []


Underfull \hbox (badness 10000) in paragraph at lines 1313--1316

 []


Underfull \hbox (badness 10000) in paragraph at lines 1318--1322

 []


Underfull \hbox (badness 10000) in paragraph at lines 1318--1322

 []


Underfull \hbox (badness 10000) in paragraph at lines 1324--1326

 []


Underfull \hbox (badness 10000) in paragraph at lines 1327--1329

 []

[49]
Underfull \hbox (badness 10000) in paragraph at lines 1331--1338

 []


Underfull \hbox (badness 10000) in paragraph at lines 1331--1338

 []


Underfull \hbox (badness 10000) in paragraph at lines 1349--1352

 []


Underfull \hbox (badness 10000) in paragraph at lines 1349--1352

 []

[50]
Underfull \hbox (badness 10000) in paragraph at lines 1380--1383

 []


Underfull \hbox (badness 10000) in paragraph at lines 1389--1392

 []


Underfull \hbox (badness 10000) in paragraph at lines 1389--1392

 []

[51]
Underfull \hbox (badness 10000) in paragraph at lines 1423--1426

 []


Underfull \hbox (badness 10000) in paragraph at lines 1423--1426

 []


Underfull \hbox (badness 10000) in paragraph at lines 1438--1441

 []

[52]
Underfull \hbox (badness 10000) in paragraph at lines 1443--1446

 []


Underfull \hbox (badness 10000) in paragraph at lines 1448--1450

 []


Underfull \hbox (badness 10000) in paragraph at lines 1479--1482

 []

[53]
Underfull \hbox (badness 10000) in paragraph at lines 1488--1491

 []


Underfull \hbox (badness 10000) in paragraph at lines 1497--1499

 []

[54]
Underfull \hbox (badness 10000) in paragraph at lines 1548--1550

 []

[55]
Underfull \hbox (badness 10000) in paragraph at lines 1567--1570

 []


Underfull \hbox (badness 10000) in paragraph at lines 1567--1570

 []


Underfull \hbox (badness 10000) in paragraph at lines 1572--1575

 []


Underfull \hbox (badness 10000) in paragraph at lines 1593--1595

 []


Underfull \hbox (badness 10000) in paragraph at lines 1596--1598

 []


Underfull \hbox (badness 10000) in paragraph at lines 1596--1598

 []


Underfull \hbox (badness 10000) in paragraph at lines 1599--1602

 []


Underfull \hbox (badness 10000) in paragraph at lines 1599--1602

 []


Underfull \hbox (badness 10000) in paragraph at lines 1599--1602

 []

[56] [57]
Underfull \hbox (badness 10000) in paragraph at lines 1611--1613

 []


Underfull \hbox (badness 10000) in paragraph at lines 1621--1629

 []


Overfull \hbox (1.4744pt too wide) in paragraph at lines 1621--1629
\OT1/cmr/bx/n/10 Proposizione (pro-priet^^Ra dell'operatore ag-giunto): \OT1/cmr/m/n/10 siano $\OML/cmm/m/it/10 T; S \OMS/cmsy/m/n/10 2 B\OT1/cmr/m/n/10 (\OMS/cmsy/m/n/10 H[]\OML/cmm/m/it/10 ; \OMS/cmsy/m/n/10 H[]\OT1/cmr/m/n/10 )$
 []


Underfull \hbox (badness 10000) in paragraph at lines 1621--1629

 []


Underfull \hbox (badness 10000) in paragraph at lines 1637--1640

 []


Underfull \hbox (badness 10000) in paragraph at lines 1645--1648

 []

[58]
Underfull \hbox (badness 10000) in paragraph at lines 1659--1662

 []


Underfull \hbox (badness 10000) in paragraph at lines 1678--1681

 []

[59] [60]
Underfull \hbox (badness 10000) in paragraph at lines 1692--1697

 []


Underfull \hbox (badness 10000) in paragraph at lines 1692--1697

 []


Underfull \hbox (badness 10000) in paragraph at lines 1692--1697

 []


Underfull \hbox (badness 10000) in paragraph at lines 1692--1697

 []


Underfull \hbox (badness 10000) in paragraph at lines 1704--1707

 []


Underfull \hbox (badness 10000) in paragraph at lines 1709--1712

 []


Underfull \hbox (badness 10000) in paragraph at lines 1714--1718

 []


Underfull \hbox (badness 10000) in paragraph at lines 1714--1718

 []


Underfull \hbox (badness 10000) in paragraph at lines 1714--1718

 []


Underfull \hbox (badness 10000) in paragraph at lines 1719--1721

 []

[61]
Underfull \hbox (badness 10000) in paragraph at lines 1723--1726

 []


Underfull \hbox (badness 10000) in paragraph at lines 1728--1729

 []


Underfull \hbox (badness 10000) in paragraph at lines 1737--1745

 []


Underfull \hbox (badness 10000) in paragraph at lines 1737--1745

 []


Underfull \hbox (badness 10000) in paragraph at lines 1751--1754

 []

[62]
Underfull \hbox (badness 10000) in paragraph at lines 1786--1790

 []


Underfull \hbox (badness 10000) in paragraph at lines 1786--1790

 []

[63] [64]
Underfull \hbox (badness 10000) in paragraph at lines 1793--1795

 []


Underfull \hbox (badness 10000) in paragraph at lines 1797--1801

 []


Underfull \hbox (badness 10000) in paragraph at lines 1797--1801

 []

[65]
Underfull \hbox (badness 10000) in paragraph at lines 1832--1835

 []


Underfull \hbox (badness 10000) in paragraph at lines 1837--1840

 []


Underfull \hbox (badness 10000) in paragraph at lines 1842--1844

 []

[66]
Underfull \hbox (badness 10000) in paragraph at lines 1867--1873

 []


Underfull \hbox (badness 10000) in paragraph at lines 1867--1873

 []


Underfull \hbox (badness 10000) in paragraph at lines 1891--1894

 []


Underfull \hbox (badness 10000) in paragraph at lines 1900--1903

 []

[67]
Underfull \hbox (badness 10000) in paragraph at lines 1909--1912

 []


Underfull \hbox (badness 10000) in paragraph at lines 1914--1915

 []


Underfull \hbox (badness 10000) in paragraph at lines 1922--1925

 []


Underfull \hbox (badness 10000) in paragraph at lines 1927--1929

 []

[68]
Underfull \hbox (badness 10000) in paragraph at lines 1944--1948

 []


Underfull \hbox (badness 10000) in paragraph at lines 1944--1948

 []


Underfull \hbox (badness 10000) in paragraph at lines 1944--1948

 []


Underfull \hbox (badness 10000) in paragraph at lines 1953--1957

 []


Underfull \hbox (badness 10000) in paragraph at lines 1953--1957

 []


Underfull \hbox (badness 10000) in paragraph at lines 1959--1967

 []


Underfull \hbox (badness 10000) in paragraph at lines 1959--1967

 []

[69]
Underfull \hbox (badness 10000) in paragraph at lines 1971--1974

 []


Underfull \hbox (badness 10000) in paragraph at lines 1978--1981

 []


Underfull \hbox (badness 10000) in paragraph at lines 1983--1987

 []


Underfull \hbox (badness 10000) in paragraph at lines 1983--1987

 []

[70]
Underfull \hbox (badness 10000) in paragraph at lines 1999--2003

 []


Underfull \hbox (badness 10000) in paragraph at lines 2013--2023

 []


Underfull \hbox (badness 10000) in paragraph at lines 2013--2023

 []

[71]
Underfull \hbox (badness 10000) in paragraph at lines 2024--2026

 []


Overfull \hbox (0.50061pt too wide) in paragraph at lines 2045--2047
\OT1/cmr/m/n/10 L'operatore al mem-bro di sin-is-tra ^^Re non in-vert-ibile per ipotesi, men-tre l'operatore
 []


Underfull \hbox (badness 10000) in paragraph at lines 2049--2053

 []

[72]
Underfull \hbox (badness 10000) in paragraph at lines 2063--2067

 []


Overfull \hbox (11.8191pt too wide) in paragraph at lines 2063--2067
\OT1/cmr/m/n/10 Data $\OML/cmm/m/it/10 f \OMS/cmsy/m/n/10 2 \OML/cmm/m/it/10 C\OT1/cmr/m/n/10 (\OML/cmm/m/it/10 ^^[\OT1/cmr/m/n/10 (\OML/cmm/m/it/10 A\OT1/cmr/m/n/10 ))$ per il \OT1/cmr/m/it/10 teo-rema di Stone-Weierstrass \OT1/cmr/m/n/10 es-iste $\OMS/cmsy/m/n/10 f\OML/cmm/m/it/10 p[]\OMS/cmsy/m/n/10 g[] ^^Z \OML/cmm/m/it/10 Pol\OT1/cmr/m/n/10 (\OML/cmm/m/it/10 ^^[\OT1/cmr/m/n/10 (\OML/cmm/m/it/10 A\OT1/cmr/m/n/10 ))$
 []

[73]
Underfull \hbox (badness 10000) in paragraph at lines 2093--2096

 []


Underfull \hbox (badness 10000) in paragraph at lines 2093--2096

 []


Underfull \hbox (badness 10000) in paragraph at lines 2108--2111

 []


Underfull \hbox (badness 10000) in paragraph at lines 2113--2121

 []


Underfull \hbox (badness 10000) in paragraph at lines 2113--2121

 []


Underfull \hbox (badness 10000) in paragraph at lines 2126--2129

 []

[74]
Overfull \hbox (12.56062pt too wide) in paragraph at lines 2131--2134
\OT1/cmr/m/n/10 per ogni $\OML/cmm/m/it/10 ^^U \OMS/cmsy/m/n/10 2 \OT1/cmr/bx/n/10 R$\OT1/cmr/m/n/10 . Per mono-tona crescenza dei proi-et-tori della risoluzione dell'identit^^Ra
 []


Underfull \hbox (badness 10000) in paragraph at lines 2131--2134

 []


Underfull \hbox (badness 10000) in paragraph at lines 2138--2141

 []


Underfull \hbox (badness 10000) in paragraph at lines 2138--2141

 []


Underfull \hbox (badness 10000) in paragraph at lines 2145--2148

 []


Underfull \hbox (badness 10000) in paragraph at lines 2145--2148

 []


Underfull \hbox (badness 10000) in paragraph at lines 2152--2155

 []


Underfull \hbox (badness 10000) in paragraph at lines 2152--2155

 []


Underfull \hbox (badness 10000) in paragraph at lines 2159--2162

 []

[75]
Underfull \hbox (badness 10000) in paragraph at lines 2164--2166

 []


Underfull \hbox (badness 10000) in paragraph at lines 2170--2174

 []

[76] [77]
Underfull \hbox (badness 10000) in paragraph at lines 2260--2264

 []


Underfull \hbox (badness 10000) in paragraph at lines 2260--2264

 []

[78] [79] [80]
Underfull \hbox (badness 10000) in paragraph at lines 2345--2349

 []


Underfull \hbox (badness 10000) in paragraph at lines 2345--2349

 []


Underfull \hbox (badness 10000) in paragraph at lines 2361--2362

 []

[81]
Underfull \hbox (badness 10000) in paragraph at lines 2379--2382

 []


Underfull \hbox (badness 10000) in paragraph at lines 2379--2382

 []


Underfull \hbox (badness 10000) in paragraph at lines 2386--2389

 []


Underfull \hbox (badness 10000) in paragraph at lines 2391--2394

 []


Underfull \hbox (badness 10000) in paragraph at lines 2391--2394

 []


Underfull \hbox (badness 10000) in paragraph at lines 2395--2397

 []


Underfull \hbox (badness 10000) in paragraph at lines 2403--2406

 []

[82]
Underfull \hbox (badness 10000) in paragraph at lines 2412--2415

 []


Underfull \hbox (badness 10000) in paragraph at lines 2412--2415

 []


Underfull \hbox (badness 10000) in paragraph at lines 2426--2429

 []


Underfull \hbox (badness 10000) in paragraph at lines 2431--2434

 []


Underfull \hbox (badness 10000) in paragraph at lines 2431--2434

 []

[83]
Underfull \hbox (badness 10000) in paragraph at lines 2442--2445

 []

[84]
Underfull \hbox (badness 10000) in paragraph at lines 2457--2465

 []


Underfull \hbox (badness 10000) in paragraph at lines 2457--2465

 []


Underfull \hbox (badness 10000) in paragraph at lines 2467--2471

 []

[85]
Underfull \hbox (badness 10000) in paragraph at lines 2490--2494

 []


Underfull \hbox (badness 10000) in paragraph at lines 2500--2503

 []

[86]
Overfull \hbox (44.98547pt too wide) detected at line 2531
[]
 []


Underfull \hbox (badness 10000) in paragraph at lines 2536--2537

 []

[87]
Underfull \hbox (badness 10000) in paragraph at lines 2561--2564

 []

[88]
Underfull \hbox (badness 10000) in paragraph at lines 2585--2586

 []


Underfull \hbox (badness 10000) in paragraph at lines 2606--2609

 []


Underfull \hbox (badness 10000) in paragraph at lines 2611--2612

 []

[89]
Underfull \hbox (badness 10000) in paragraph at lines 2635--2638

 []


Underfull \hbox (badness 10000) in paragraph at lines 2640--2643

 []


Underfull \hbox (badness 10000) in paragraph at lines 2645--2646

 []


Underfull \hbox (badness 10000) in paragraph at lines 2658--2661

 []

[90]
Underfull \hbox (badness 10000) in paragraph at lines 2663--2665

 []


Underfull \hbox (badness 10000) in paragraph at lines 2692--2695

 []


Underfull \hbox (badness 10000) in paragraph at lines 2692--2695

 []

[91] [92]
Underfull \hbox (badness 10000) in paragraph at lines 2708--2709

 []

[93] [94] (./AM6.aux)
 ***********
LaTeX2e <2025-11-01>
L3 programming layer <2026-01-19>
 ***********
 ) 
Here is how much of TeX's memory you used:
 2806 strings out of 467525
 39954 string characters out of 5423209
 455729 words of memory out of 5000000
 31691 multiletter control sequences out of 15000+600000
 637170 words of font info for 76 fonts, out of 8000000 for 9000
 1141 hyphenation exceptions out of 8191
 57i,19n,65p,1032b,222s stack positions out of 10000i,1000n,20000p,200000b,200000s
<c:/texlive/2026/texmf-dist/fonts/type1/public/amsfonts/cm/cmbx10.pfb><c:/texlive/2026/texmf-dist/fonts/type1/public/amsfonts/cm/cmbx12.pfb><c:/texlive/2026/texmf-dist/fonts/type1/public/amsfonts/cm/cmbx7.pfb><c:/texlive/2026/texmf-dist/fonts/type1/public/amsfonts/cm/cmex10.pfb><c:/texlive/2026/texmf-dist/fonts/type1/public/amsfonts/cm/cmmi10.pfb><c:/texlive/2026/texmf-dist/fonts/type1/public/amsfonts/cm/cmmi12.pfb><c:/texlive/2026/texmf-dist/fonts/type1/public/amsfonts/cm/cmmi5.pfb><c:/texlive/2026/texmf-dist/fonts/type1/public/amsfonts/cm/cmmi7.pfb><c:/texlive/2026/texmf-dist/fonts/type1/public/amsfonts/cm/cmr10.pfb><c:/texlive/2026/texmf-dist/fonts/type1/public/amsfonts/cm/cmr12.pfb><c:/texlive/2026/texmf-dist/fonts/type1/public/amsfonts/cm/cmr17.pfb><c:/texlive/2026/texmf-dist/fonts/type1/public/amsfonts/cm/cmr5.pfb><c:/texlive/2026/texmf-dist/fonts/type1/public/amsfonts/cm/cmr7.pfb><c:/texlive/2026/texmf-dist/fonts/type1/public/amsfonts/cm/cmsy10.pfb><c:/texlive/2026/texmf-dist/fonts/type1/public/amsfonts/cm/cmsy5.pfb><c:/texlive/2026/texmf-dist/fonts/type1/public/amsfonts/cm/cmsy7.pfb><c:/texlive/2026/texmf-dist/fonts/type1/public/amsfonts/cm/cmsy8.pfb><c:/texlive/2026/texmf-dist/fonts/type1/public/amsfonts/cm/cmti10.pfb><c:/texlive/2026/texmf-dist/fonts/type1/public/amsfonts/latxfont/line10.pfb><c:/texlive/2026/texmf-dist/fonts/type1/public/amsfonts/symbols/msbm10.pfb>
Output written on AM6.pdf (94 pages, 472716 bytes).
PDF statistics:
 408 PDF objects out of 1000 (max. 8388607)
 269 compressed objects within 3 object streams
 0 named destinations out of 1000 (max. 500000)
 1 words of extra memory for PDF output out of 10000 (max. 10000000)

