This is pdfTeX, Version 3.141592653-2.6-1.40.29 (TeX Live 2026) (preloaded format=pdflatex 2026.3.15)  15 JUL 2026 17:02
entering extended mode
 restricted \write18 enabled.
 file:line:error style messages enabled.
 %&-line parsing enabled.
**c:/Users/aless/Desktop/vscode_proj/MS/MS.tex
(c:/Users/aless/Desktop/vscode_proj/MS/MS.tex
LaTeX2e <2025-11-01>
L3 programming layer <2026-01-19>
(c:/texlive/2026/texmf-dist/tex/latex/base/article.cls
Document Class: article 2025/01/22 v1.4n Standard LaTeX document class
(c:/texlive/2026/texmf-dist/tex/latex/base/size10.clo
File: size10.clo 2025/01/22 v1.4n Standard LaTeX file (size option)
)
\c@part=\count275
\c@section=\count276
\c@subsection=\count277
\c@subsubsection=\count278
\c@paragraph=\count279
\c@subparagraph=\count280
\c@figure=\count281
\c@table=\count282
\abovecaptionskip=\skip49
\belowcaptionskip=\skip50
\bibindent=\dimen148
) (c:/texlive/2026/texmf-dist/tex/latex/graphics/graphicx.sty
Package: graphicx 2024/12/31 v1.2e Enhanced LaTeX Graphics (DPC,SPQR)
 (c:/texlive/2026/texmf-dist/tex/latex/graphics/keyval.sty
Package: keyval 2022/05/29 v1.15 key=value parser (DPC)
\KV@toks@=\toks17
) (c:/texlive/2026/texmf-dist/tex/latex/graphics/graphics.sty
Package: graphics 2024/08/06 v1.4g Standard LaTeX Graphics (DPC,SPQR)
 (c:/texlive/2026/texmf-dist/tex/latex/graphics/trig.sty
Package: trig 2023/12/02 v1.11 sin cos tan (DPC)
) (c:/texlive/2026/texmf-dist/tex/latex/graphics-cfg/graphics.cfg
File: graphics.cfg 2016/06/04 v1.11 sample graphics configuration
)
Package graphics Info: Driver file: pdftex.def on input line 106.
 (c:/texlive/2026/texmf-dist/tex/latex/graphics-def/pdftex.def
File: pdftex.def 2025/09/29 v1.2d Graphics/color driver for pdftex
))
\Gin@req@height=\dimen149
\Gin@req@width=\dimen150
) (c:/texlive/2026/texmf-dist/tex/latex/amsfonts/amsfonts.sty
Package: amsfonts 2013/01/14 v3.01 Basic AMSFonts support
\@emptytoks=\toks18
\symAMSa=\mathgroup4
\symAMSb=\mathgroup5
LaTeX Font Info:    Redeclaring math symbol \hbar on input line 98.
LaTeX Font Info:    Overwriting math alphabet `\mathfrak' in version `bold'
(Font)                  U/euf/m/n --> U/euf/b/n on input line 106.
) (c:/texlive/2026/texmf-dist/tex/latex/amsmath/amsmath.sty
Package: amsmath 2025/07/09 v2.17z AMS math features
\@mathmargin=\skip51

For additional information on amsmath, use the `?' option.
(c:/texlive/2026/texmf-dist/tex/latex/amsmath/amstext.sty
Package: amstext 2024/11/17 v2.01 AMS text
 (c:/texlive/2026/texmf-dist/tex/latex/amsmath/amsgen.sty
File: amsgen.sty 1999/11/30 v2.0 generic functions
\@emptytoks=\toks19
\ex@=\dimen151
)) (c:/texlive/2026/texmf-dist/tex/latex/amsmath/amsbsy.sty
Package: amsbsy 1999/11/29 v1.2d Bold Symbols
\pmbraise@=\dimen152
) (c:/texlive/2026/texmf-dist/tex/latex/amsmath/amsopn.sty
Package: amsopn 2022/04/08 v2.04 operator names
)
\inf@bad=\count283
LaTeX Info: Redefining \frac on input line 233.
\uproot@=\count284
\leftroot@=\count285
LaTeX Info: Redefining \overline on input line 398.
LaTeX Info: Redefining \colon on input line 409.
\classnum@=\count286
\DOTSCASE@=\count287
LaTeX Info: Redefining \ldots on input line 495.
LaTeX Info: Redefining \dots on input line 498.
LaTeX Info: Redefining \cdots on input line 619.
\Mathstrutbox@=\box53
\strutbox@=\box54
LaTeX Info: Redefining \big on input line 721.
LaTeX Info: Redefining \Big on input line 722.
LaTeX Info: Redefining \bigg on input line 723.
LaTeX Info: Redefining \Bigg on input line 724.
\big@size=\dimen153
LaTeX Font Info:    Redeclaring font encoding OML on input line 742.
LaTeX Font Info:    Redeclaring font encoding OMS on input line 743.
\macc@depth=\count288
LaTeX Info: Redefining \bmod on input line 904.
LaTeX Info: Redefining \pmod on input line 909.
LaTeX Info: Redefining \smash on input line 939.
LaTeX Info: Redefining \relbar on input line 969.
LaTeX Info: Redefining \Relbar on input line 970.
\c@MaxMatrixCols=\count289
\dotsspace@=\muskip17
\c@parentequation=\count290
\dspbrk@lvl=\count291
\tag@help=\toks20
\row@=\count292
\column@=\count293
\maxfields@=\count294
\andhelp@=\toks21
\eqnshift@=\dimen154
\alignsep@=\dimen155
\tagshift@=\dimen156
\tagwidth@=\dimen157
\totwidth@=\dimen158
\lineht@=\dimen159
\@envbody=\toks22
\multlinegap=\skip52
\multlinetaggap=\skip53
\mathdisplay@stack=\toks23
LaTeX Info: Redefining \[ on input line 2950.
LaTeX Info: Redefining \] on input line 2951.
) (c:/texlive/2026/texmf-dist/tex/latex/amsfonts/amssymb.sty
Package: amssymb 2013/01/14 v3.01 AMS font symbols
) (c:/texlive/2026/texmf-dist/tex/latex/amscls/amsthm.sty
Package: amsthm 2020/05/29 v2.20.6
\thm@style=\toks24
\thm@bodyfont=\toks25
\thm@headfont=\toks26
\thm@notefont=\toks27
\thm@headpunct=\toks28
\thm@preskip=\skip54
\thm@postskip=\skip55
\thm@headsep=\skip56
\dth@everypar=\toks29
) (c:/texlive/2026/texmf-dist/tex/latex/float/float.sty
Package: float 2001/11/08 v1.3d Float enhancements (AL)
\c@float@type=\count295
\float@exts=\toks30
\float@box=\box55
\@float@everytoks=\toks31
\@floatcapt=\box56
) (c:/texlive/2026/texmf-dist/tex/latex/cancel/cancel.sty
Package: cancel 2013/04/12 v2.2 Cancel math terms
) (c:/texlive/2026/texmf-dist/tex/latex/braket/braket.sty) (c:/texlive/2026/texmf-dist/tex/latex/l3backend/l3backend-pdftex.def
File: l3backend-pdftex.def 2025-10-09 L3 backend support: PDF output (pdfTeX)
\l__color_backend_stack_int=\count296
) (./MS.aux

LaTeX Warning: Label `' multiply defined.


LaTeX Warning: Label `' multiply defined.

)
\openout1 = `MS.aux'.

LaTeX Font Info:    Checking defaults for OML/cmm/m/it on input line 10.
LaTeX Font Info:    ... okay on input line 10.
LaTeX Font Info:    Checking defaults for OMS/cmsy/m/n on input line 10.
LaTeX Font Info:    ... okay on input line 10.
LaTeX Font Info:    Checking defaults for OT1/cmr/m/n on input line 10.
LaTeX Font Info:    ... okay on input line 10.
LaTeX Font Info:    Checking defaults for T1/cmr/m/n on input line 10.
LaTeX Font Info:    ... okay on input line 10.
LaTeX Font Info:    Checking defaults for TS1/cmr/m/n on input line 10.
LaTeX Font Info:    ... okay on input line 10.
LaTeX Font Info:    Checking defaults for OMX/cmex/m/n on input line 10.
LaTeX Font Info:    ... okay on input line 10.
LaTeX Font Info:    Checking defaults for U/cmr/m/n on input line 10.
LaTeX Font Info:    ... okay on input line 10.
 (c:/texlive/2026/texmf-dist/tex/context/base/mkii/supp-pdf.mkii
[Loading MPS to PDF converter (version 2006.09.02).]
\scratchcounter=\count297
\scratchdimen=\dimen160
\scratchbox=\box57
\nofMPsegments=\count298
\nofMParguments=\count299
\everyMPshowfont=\toks32
\MPscratchCnt=\count300
\MPscratchDim=\dimen161
\MPnumerator=\count301
\makeMPintoPDFobject=\count302
\everyMPtoPDFconversion=\toks33
) (c:/texlive/2026/texmf-dist/tex/latex/epstopdf-pkg/epstopdf-base.sty
Package: epstopdf-base 2020-01-24 v2.11 Base part for package epstopdf
Package epstopdf-base Info: Redefining graphics rule for `.eps' on input line 485.
 (c:/texlive/2026/texmf-dist/tex/latex/latexconfig/epstopdf-sys.cfg
File: epstopdf-sys.cfg 2010/07/13 v1.3 Configuration of (r)epstopdf for TeX Live
))
LaTeX Font Info:    Trying to load font information for U+msa on input line 12.
 (c:/texlive/2026/texmf-dist/tex/latex/amsfonts/umsa.fd
File: umsa.fd 2013/01/14 v3.01 AMS symbols A
)
LaTeX Font Info:    Trying to load font information for U+msb on input line 12.
 (c:/texlive/2026/texmf-dist/tex/latex/amsfonts/umsb.fd
File: umsb.fd 2013/01/14 v3.01 AMS symbols B
) (./MS.toc)
\tf@toc=\write3
\openout3 = `MS.toc'.

 [1

{c:/texlive/2026/texmf-var/fonts/map/pdftex/updmap/pdftex.map}] [2]
Underfull \hbox (badness 10000) in paragraph at lines 45--48

 []

[3]
Underfull \hbox (badness 10000) in paragraph at lines 59--62

 []

[4]
Underfull \hbox (badness 10000) in paragraph at lines 95--98

 []


Underfull \hbox (badness 10000) in paragraph at lines 109--111

 []

[5]
Overfull \hbox (15.45897pt too wide) in paragraph at lines 114--115
\OT1/cmr/m/n/10 Consideriamo un en-sem-ble mi-cro-canon-ico con en-er-gia fis-sata $\OML/cmm/m/it/10 E$\OT1/cmr/m/n/10 , defini-amo l'entropia
 []

[6] [7] [8]
Underfull \hbox (badness 10000) in paragraph at lines 209--211

 []


Overfull \hbox (14.25966pt too wide) detected at line 235
[]
 []

[9] [10]
Overfull \hbox (27.2137pt too wide) in paragraph at lines 249--250
\OT1/cmr/m/n/10 Vediamo ora il caso par-ti-co-lare del gas libero con-fi-nato in un vol-ume $\OML/cmm/m/it/10 V$\OT1/cmr/m/n/10 . L'hamiltoniana
 []

[11] [12]
Underfull \hbox (badness 10000) in paragraph at lines 346--350

 []


Underfull \hbox (badness 10000) in paragraph at lines 346--350

 []

[13] [14] [15] [16] [17] [18] [19] [20]
Underfull \hbox (badness 10000) in paragraph at lines 524--526

 []

[21]
Overfull \hbox (25.2506pt too wide) in paragraph at lines 553--555
\OT1/cmr/m/n/10 Fis-sata l'energia del sis-tema, siamo in-ter-es-sati a de-ter-minare l'espressione dell'entropia
 []


Underfull \hbox (badness 10000) in paragraph at lines 553--555

 []


Overfull \hbox (9.5601pt too wide) detected at line 579
[]
 []

[22]
Overfull \hbox (12.47197pt too wide) in paragraph at lines 595--597
\OT1/cmr/m/n/10 dove si ^^Re molti-pli-cato e di-viso per $\OML/cmm/m/it/10 e[]$ \OT1/cmr/m/n/10 il sec-ondo mem-bro della prima uguaglianza.
 []

[23] [24]
Underfull \hbox (badness 10000) in paragraph at lines 647--650

 []

[25]
Underfull \hbox (badness 10000) in paragraph at lines 685--689

 []


Underfull \hbox (badness 10000) in paragraph at lines 685--689

 []

[26]
Underfull \hbox (badness 10000) in paragraph at lines 717--719

 []

[27]
Overfull \hbox (14.17085pt too wide) in paragraph at lines 731--732
\OT1/cmr/m/n/10 No-ti-amo che la definizione di mo-mento di or-dine due (rispetto a $\OML/cmm/m/it/10 ^^Z$\OT1/cmr/m/n/10 ) dell'hamiltoniana
 []

[28]
Underfull \hbox (badness 10000) in paragraph at lines 782--785

 []

[29]
Underfull \hbox (badness 10000) in paragraph at lines 812--815

 []


Overfull \hbox (9.8062pt too wide) in paragraph at lines 812--815
\OT1/cmr/m/n/10 Nota la fun-zione di par-tizione canon-ica, pos-si-amo ri-cavare l'espressione dell'energia
 []


Underfull \hbox (badness 10000) in paragraph at lines 822--825

 []

[30] [31]
Underfull \hbox (badness 10000) in paragraph at lines 844--847

 []

[32] [33] [34]
Overfull \hbox (25.13956pt too wide) in paragraph at lines 947--949
\OT1/cmr/m/n/10 Nota la fun-zione di par-tizione canon-ica pos-si-amo de-ter-minare l'espressione dell'energia
 []

[35] [36] [37] [38] [39] [40]
Underfull \hbox (badness 10000) in paragraph at lines 1094--1097

 []

[41] [42]
Underfull \hbox (badness 10000) in paragraph at lines 1120--1122

 []


Underfull \hbox (badness 10000) in paragraph at lines 1142--1145

 []

[43]
Underfull \hbox (badness 10000) in paragraph at lines 1150--1153

 []

[44] [45] [46] [47] [48] [49]
Overfull \hbox (8.75072pt too wide) in paragraph at lines 1287--1288
\OT1/cmr/m/n/10 Consideriamo un sis-tema quan-tis-tico iso-lato a pi^^Ru corpi de-scritto dall'hamiltoniano
 []


Underfull \hbox (badness 10000) in paragraph at lines 1298--1302

 []

[50]
Underfull \hbox (badness 10000) in paragraph at lines 1321--1324

 []

[51] [52] [53]
Underfull \hbox (badness 10000) in paragraph at lines 1420--1423

 []


Underfull \hbox (badness 10000) in paragraph at lines 1425--1428

 []


Overfull \hbox (26.08392pt too wide) in paragraph at lines 1425--1428
\OT1/cmr/m/n/10 Osservato ci^^Ro, pos-si-amo riscri-vere le equazioni carat-ter-is-tiche dell'ensemble grancanon-
 []

[54] [55]
Underfull \hbox (badness 10000) in paragraph at lines 1458--1461

 []

[56] [57] [58] [59] [60]
<immagini/Screenshot 2026-07-10 152458.png, id=216, 199.34476pt x 130.68825pt>
File: immagini/Screenshot 2026-07-10 152458.png Graphic file (type png)
<use immagini/Screenshot 2026-07-10 152458.png>
Package pdftex.def Info: immagini/Screenshot 2026-07-10 152458.png  used on input line 1621.
(pdftex.def)             Requested size: 172.5pt x 113.08763pt.


LaTeX Warning: `h' float specifier changed to `ht'.

[61]
Underfull \hbox (badness 10000) in paragraph at lines 1637--1642

 []


Underfull \hbox (badness 10000) in paragraph at lines 1637--1642

 []

[62 <./immagini/Screenshot 2026-07-10 152458.png>]
Underfull \hbox (badness 10000) in paragraph at lines 1651--1654

 []

[63]
Underfull \hbox (badness 10000) in paragraph at lines 1688--1691

 []

<immagini/Screenshot 2026-07-10 142023.png, id=229, 154.77824pt x 128.27925pt>
File: immagini/Screenshot 2026-07-10 142023.png Graphic file (type png)
<use immagini/Screenshot 2026-07-10 142023.png>
Package pdftex.def Info: immagini/Screenshot 2026-07-10 142023.png  used on input line 1694.
(pdftex.def)             Requested size: 224.2479pt x 185.86899pt.
[64 <./immagini/Screenshot 2026-07-10 142023.png>]
<immagini/Screenshot 2026-07-10 143224.png, id=234, 152.36925pt x 130.086pt>
File: immagini/Screenshot 2026-07-10 143224.png Graphic file (type png)
<use immagini/Screenshot 2026-07-10 143224.png>
Package pdftex.def Info: immagini/Screenshot 2026-07-10 143224.png  used on input line 1726.
(pdftex.def)             Requested size: 137.9979pt x 117.82263pt.
 [65 <./immagini/Screenshot 2026-07-10 143224.png>]
Underfull \hbox (badness 10000) in paragraph at lines 1756--1759

 []

[66] [67] [68] [69]
Overfull \hbox (5.511pt too wide) in paragraph at lines 1846--1848
\OT1/cmr/m/n/10 Consideriamo un corpo nero di vol-ume $\OML/cmm/m/it/10 V$ \OT1/cmr/m/n/10 ed a tem-per-atura $\OML/cmm/m/it/10 T$ \OT1/cmr/m/n/10 con-te-nente radizione
 []


Underfull \hbox (badness 10000) in paragraph at lines 1850--1853

 []


Underfull \hbox (badness 10000) in paragraph at lines 1863--1867

 []


Underfull \hbox (badness 10000) in paragraph at lines 1863--1867

 []

[70]
Underfull \hbox (badness 10000) in paragraph at lines 1882--1885

 []

[71]
Underfull \hbox (badness 10000) in paragraph at lines 1909--1912

 []

[72]
Underfull \hbox (badness 10000) in paragraph at lines 1933--1936

 []

[73]
Underfull \hbox (badness 10000) in paragraph at lines 1997--2000

 []

[74] [75] [76] (./MS.aux)
 ***********
LaTeX2e <2025-11-01>
L3 programming layer <2026-01-19>
 ***********


LaTeX Warning: There were multiply-defined labels.

 ) 
Here is how much of TeX's memory you used:
 2843 strings out of 467525
 41126 string characters out of 5423209
 457677 words of memory out of 5000000
 31722 multiletter control sequences out of 15000+600000
 639000 words of font info for 82 fonts, out of 8000000 for 9000
 1141 hyphenation exceptions out of 8191
 57i,19n,65p,672b,297s stack positions out of 10000i,1000n,20000p,200000b,200000s
<c:/texlive/2026/texmf-dist/fonts/type1/public/amsfonts/cm/cmbx10.pfb><c:/texlive/2026/texmf-dist/fonts/type1/public/amsfonts/cm/cmbx12.pfb><c:/texlive/2026/texmf-dist/fonts/type1/public/amsfonts/cm/cmbx5.pfb><c:/texlive/2026/texmf-dist/fonts/type1/public/amsfonts/cm/cmbx7.pfb><c:/texlive/2026/texmf-dist/fonts/type1/public/amsfonts/cm/cmex10.pfb><c:/texlive/2026/texmf-dist/fonts/type1/public/amsfonts/cmextra/cmex7.pfb><c:/texlive/2026/texmf-dist/fonts/type1/public/amsfonts/cm/cmmi10.pfb><c:/texlive/2026/texmf-dist/fonts/type1/public/amsfonts/cm/cmmi12.pfb><c:/texlive/2026/texmf-dist/fonts/type1/public/amsfonts/cm/cmmi5.pfb><c:/texlive/2026/texmf-dist/fonts/type1/public/amsfonts/cm/cmmi7.pfb><c:/texlive/2026/texmf-dist/fonts/type1/public/amsfonts/cm/cmmib10.pfb><c:/texlive/2026/texmf-dist/fonts/type1/public/amsfonts/cm/cmr10.pfb><c:/texlive/2026/texmf-dist/fonts/type1/public/amsfonts/cm/cmr12.pfb><c:/texlive/2026/texmf-dist/fonts/type1/public/amsfonts/cm/cmr17.pfb><c:/texlive/2026/texmf-dist/fonts/type1/public/amsfonts/cm/cmr5.pfb><c:/texlive/2026/texmf-dist/fonts/type1/public/amsfonts/cm/cmr7.pfb><c:/texlive/2026/texmf-dist/fonts/type1/public/amsfonts/cm/cmsy10.pfb><c:/texlive/2026/texmf-dist/fonts/type1/public/amsfonts/cm/cmsy5.pfb><c:/texlive/2026/texmf-dist/fonts/type1/public/amsfonts/cm/cmsy7.pfb><c:/texlive/2026/texmf-dist/fonts/type1/public/amsfonts/cm/cmti10.pfb><c:/texlive/2026/texmf-dist/fonts/type1/public/amsfonts/latxfont/line10.pfb><c:/texlive/2026/texmf-dist/fonts/type1/public/amsfonts/symbols/msbm10.pfb><c:/texlive/2026/texmf-dist/fonts/type1/public/amsfonts/symbols/msbm5.pfb><c:/texlive/2026/texmf-dist/fonts/type1/public/amsfonts/symbols/msbm7.pfb>
Output written on MS.pdf (76 pages, 498041 bytes).
PDF statistics:
 378 PDF objects out of 1000 (max. 8388607)
 243 compressed objects within 3 object streams
 0 named destinations out of 1000 (max. 500000)
 16 words of extra memory for PDF output out of 10000 (max. 10000000)

